Detected 4 GPUs
Loaded config from: configs/v4.yamlLoaded config from: configs/v4.yaml

Loaded config from: configs/v4.yaml
Loaded config from: configs/v4.yaml
2025-12-12 06:30:02,065 | INFO | ================================================================================
2025-12-12 06:30:02,066 | INFO | Starting evaluate stage for model 'v4' with run_id '20251211_022940'
2025-12-12 06:30:02,066 | INFO | Logs will be written to: logs/v4/evaluate/20251211_022940/log.log
2025-12-12 06:30:02,066 | INFO | ================================================================================
2025-12-12 06:30:02,066 | INFO | ================================================================================
2025-12-12 06:30:02,066 | INFO | Starting evaluate stage for model 'v4' with run_id '20251211_022940'
2025-12-12 06:30:02,066 | INFO | Logs will be written to: logs/v4/evaluate/20251211_022940/log.log
2025-12-12 06:30:02,066 | INFO | ================================================================================
2025-12-12 06:30:02,066 | INFO | ================================================================================
2025-12-12 06:30:02,066 | INFO | Starting evaluate stage for model 'v4' with run_id '20251211_022940'
2025-12-12 06:30:02,067 | INFO | Logs will be written to: logs/v4/evaluate/20251211_022940/log.log
2025-12-12 06:30:02,066 | INFO | Trainable parameters: 4,687,745
2025-12-12 06:30:02,066 | INFO | Trainable parameters: 4,687,745
2025-12-12 06:30:02,067 | INFO | ================================================================================
2025-12-12 06:30:02,067 | INFO | Starting evaluation with metrics: ['auroc', 'auprc', 'accuracy', 'sensitivity', 'specificity', 'precision', 'recall', 'f1', 'mcc']
2025-12-12 06:30:02,067 | INFO | Starting evaluation with metrics: ['auroc', 'auprc', 'accuracy', 'sensitivity', 'specificity', 'precision', 'recall', 'f1', 'mcc']
2025-12-12 06:30:02,067 | INFO | Using 512 thresholds for AUROC/AUPRC accumulation to bound host memory
2025-12-12 06:30:02,067 | INFO | Using 512 thresholds for AUROC/AUPRC accumulation to bound host memory
2025-12-12 06:30:02,067 | INFO | ================================================================================
2025-12-12 06:30:02,067 | INFO | Starting evaluate stage for model 'v4' with run_id '20251211_022940'
2025-12-12 06:30:02,067 | INFO | Logs will be written to: logs/v4/evaluate/20251211_022940/log.log
2025-12-12 06:30:02,067 | INFO | ================================================================================
2025-12-12 06:30:02,067 | INFO | Trainable parameters: 4,687,745
2025-12-12 06:30:02,068 | INFO | Starting evaluation with metrics: ['auroc', 'auprc', 'accuracy', 'sensitivity', 'specificity', 'precision', 'recall', 'f1', 'mcc']
2025-12-12 06:30:02,068 | INFO | Using 512 thresholds for AUROC/AUPRC accumulation to bound host memory
2025-12-12 06:30:02,067 | INFO | Trainable parameters: 4,687,745
2025-12-12 06:30:02,068 | INFO | Starting evaluation with metrics: ['auroc', 'auprc', 'accuracy', 'sensitivity', 'specificity', 'precision', 'recall', 'f1', 'mcc']
2025-12-12 06:30:02,069 | INFO | Using 512 thresholds for AUROC/AUPRC accumulation to bound host memory
2025-12-12 06:30:02,283 | INFO | Loaded checkpoint from: models/v4/finetune/20251211_022940/best_model.pth (epoch 16)
2025-12-12 06:30:02,283 | INFO | Distribution alignment disabled by config; using raw logits
2025-12-12 06:30:02,283 | INFO | Loaded checkpoint from: models/v4/finetune/20251211_022940/best_model.pth (epoch 16)
2025-12-12 06:30:02,283 | INFO | Loaded checkpoint from: models/v4/finetune/20251211_022940/best_model.pth (epoch 16)
2025-12-12 06:30:02,283 | INFO | Distribution alignment disabled by config; using raw logits
2025-12-12 06:30:02,283 | INFO | Loaded checkpoint from: models/v4/finetune/20251211_022940/best_model.pth (epoch 16)
2025-12-12 06:30:02,283 | INFO | Distribution alignment disabled by config; using raw logits
2025-12-12 06:30:02,283 | INFO | Distribution alignment disabled by config; using raw logits
2025-12-12 06:30:02,289 | INFO | Loading embeddings from data/TMP/processed/TMP_embeddings.npz (this may take a while...)
2025-12-12 06:32:06,293 | INFO | No test_realistic split configured; skipping
2025-12-12 06:32:06,304 | INFO | Evaluating on test_balanced...
2025-12-12 06:32:08,034 | INFO | Memory-mapped structured .npz format: 21391 proteins (embeddings stay on disk, loaded on-demand)
2025-12-12 06:32:08,034 | INFO | Loaded 21391 protein embeddings
2025-12-12 06:32:08,090 | INFO | No test_realistic split configured; skipping
2025-12-12 06:32:08,092 | INFO | No test_realistic split configured; skipping
2025-12-12 06:32:08,093 | INFO | Dataset: 188697 pairs (4788 pos, 183909 neg)
2025-12-12 06:32:08,093 | INFO | DataLoader built for test.csv: num_workers=0, pin_memory=False, prefetch_factor=None, persistent_workers=False, sampler=None
2025-12-12 06:32:08,093 | INFO | No test_realistic split configured; skipping
2025-12-12 06:32:08,096 | INFO | Evaluating on test_balanced...
2025-12-12 06:32:08,099 | INFO | Evaluating on test_balanced...
2025-12-12 06:32:08,100 | INFO | Evaluating on test_balanced...
2025-12-12 07:04:30,991 | INFO | test_balanced results: {'auroc': 0.7510765790939331, 'auprc': 0.08863407373428345, 'accuracy': 0.8002935647964478, 'sensitivity': 0.6583124399185181, 'specificity': 0.8039900064468384, 'precision': 0.08040816336870193, 'recall': 0.6583124399185181, 'f1': 0.14331181347370148, 'mcc': 0.17920342087745667}
2025-12-12 07:04:30,991 | INFO | test_balanced results: {'auroc': 0.7510765790939331, 'auprc': 0.08863407373428345, 'accuracy': 0.8002935647964478, 'sensitivity': 0.6583124399185181, 'specificity': 0.8039900064468384, 'precision': 0.08040816336870193, 'recall': 0.6583124399185181, 'f1': 0.14331181347370148, 'mcc': 0.17920342087745667}
2025-12-12 07:04:30,993 | INFO | test_balanced results: {'auroc': 0.7510765790939331, 'auprc': 0.08863407373428345, 'accuracy': 0.8002935647964478, 'sensitivity': 0.6583124399185181, 'specificity': 0.8039900064468384, 'precision': 0.08040816336870193, 'recall': 0.6583124399185181, 'f1': 0.14331181347370148, 'mcc': 0.17920342087745667}
2025-12-12 07:04:30,999 | INFO | test_balanced results: {'auroc': 0.7510765790939331, 'auprc': 0.08863407373428345, 'accuracy': 0.8002935647964478, 'sensitivity': 0.6583124399185181, 'specificity': 0.8039900064468384, 'precision': 0.08040816336870193, 'recall': 0.6583124399185181, 'f1': 0.14331181347370148, 'mcc': 0.17920342087745667}
2025-12-12 07:04:31,001 | INFO | Evaluation completed
2025-12-12 07:04:31,003 | INFO | Evaluation completed
2025-12-12 07:04:31,005 | INFO | Evaluation completed
2025-12-12 07:04:31,005 | INFO | Evaluation completed
2025-12-12 07:04:31,118 | INFO | DDP cleaned up successfully
2025-12-12 07:04:31,118 | INFO | Pipeline execution completed successfully
2025-12-12 07:04:31,253 | INFO | DDP cleaned up successfully
2025-12-12 07:04:31,253 | INFO | Pipeline execution completed successfully
2025-12-12 07:04:31,385 | INFO | DDP cleaned up successfully
2025-12-12 07:04:31,385 | INFO | Pipeline execution completed successfully
2025-12-12 07:04:31,395 | INFO | DDP cleaned up successfully
2025-12-12 07:04:31,395 | INFO | Pipeline execution completed successfully
