2025-12-15 14:39:37,630 | INFO | ================================================================================
2025-12-15 14:39:37,630 | INFO | Starting ML training for model 'xgboost' with run_id '20251215_143937'
2025-12-15 14:39:37,631 | INFO | Logs will be written to: logs/ml/xgboost/20251215_143937/log.log
2025-12-15 14:39:37,631 | INFO | ================================================================================
2025-12-15 14:39:37,631 | INFO | Loading training data...
2025-12-15 14:39:37,634 | INFO | Loading ML embeddings from data/TMP/processed/TMP_embeddings.npz...
2025-12-15 14:41:53,202 | INFO | Loaded 21391 protein embeddings
2025-12-15 14:41:53,422 | INFO | Loading ML features: 511104 pairs, feature_dim=3072
2025-12-15 14:42:21,925 | INFO | Class distribution: 58989 positive, 452115 negative
2025-12-15 14:42:21,930 | INFO | Loading validation data...
2025-12-15 14:42:21,947 | INFO | Loading ML features: 56791 pairs, feature_dim=3072
2025-12-15 14:42:25,111 | INFO | Class distribution: 6555 positive, 50236 negative
2025-12-15 14:42:25,112 | INFO | Loading test data...
2025-12-15 14:42:25,155 | INFO | Loading ML features: 188697 pairs, feature_dim=3072
2025-12-15 14:42:35,578 | INFO | Class distribution: 4788 positive, 183909 negative
2025-12-15 14:42:35,581 | INFO | Data loaded: train=511104, val=56791, test=188697
2025-12-15 14:42:35,583 | INFO | Auto-set scale_pos_weight: 7.66
2025-12-15 14:42:35,583 | INFO | Building model: xgboost
2025-12-15 14:42:35,583 | INFO | Model params: {'n_estimators': 300, 'max_depth': 8, 'learning_rate': 0.1, 'subsample': 0.8, 'colsample_bytree': 0.8, 'min_child_weight': 1, 'gamma': 0.0, 'reg_alpha': 0.0, 'reg_lambda': 1.0, 'scale_pos_weight': 7.664395056705487, 'n_jobs': -1, 'verbosity': 1, 'early_stopping_rounds': 10, 'random_state': 42}
2025-12-15 14:42:35,583 | INFO | Starting training...
2025-12-15 14:42:35,583 | INFO | Training XGBoost on 511104 samples, 3072 features
2025-12-15 14:50:39,388 | INFO | XGBoost training complete
2025-12-15 14:50:39,422 | INFO | Model saved to: models/ml/xgboost/20251215_143937/xgboost_model.joblib
2025-12-15 14:50:39,422 | INFO | Evaluating on validation: 56791 samples
2025-12-15 14:50:39,822 | INFO | validation results:
2025-12-15 14:50:39,822 | INFO |   auroc: 0.9629
2025-12-15 14:50:39,822 | INFO |   auprc: 0.8764
2025-12-15 14:50:39,822 | INFO |   accuracy: 0.9416
2025-12-15 14:50:39,823 | INFO |   precision: 0.7101
2025-12-15 14:50:39,823 | INFO |   recall: 0.8354
2025-12-15 14:50:39,823 | INFO |   sensitivity: 0.8354
2025-12-15 14:50:39,823 | INFO |   specificity: 0.9555
2025-12-15 14:50:39,823 | INFO |   f1: 0.7676
2025-12-15 14:50:39,823 | INFO |   mcc: 0.7377
2025-12-15 14:50:39,823 | INFO | Evaluating on test: 188697 samples
2025-12-15 14:50:40,971 | INFO | test results:
2025-12-15 14:50:40,972 | INFO |   auroc: 0.7984
2025-12-15 14:50:40,972 | INFO |   auprc: 0.1964
2025-12-15 14:50:40,972 | INFO |   accuracy: 0.7806
2025-12-15 14:50:40,972 | INFO |   precision: 0.0760
2025-12-15 14:50:40,972 | INFO |   recall: 0.6853
2025-12-15 14:50:40,972 | INFO |   sensitivity: 0.6853
2025-12-15 14:50:40,972 | INFO |   specificity: 0.7831
2025-12-15 14:50:40,972 | INFO |   f1: 0.1368
2025-12-15 14:50:40,972 | INFO |   mcc: 0.1753
2025-12-15 14:50:40,972 | INFO | Evaluating on train: 511104 samples
2025-12-15 14:50:43,932 | INFO | train results:
2025-12-15 14:50:43,932 | INFO |   auroc: 0.9924
2025-12-15 14:50:43,932 | INFO |   auprc: 0.9563
2025-12-15 14:50:43,932 | INFO |   accuracy: 0.9616
2025-12-15 14:50:43,932 | INFO |   precision: 0.7750
2025-12-15 14:50:43,932 | INFO |   recall: 0.9398
2025-12-15 14:50:43,932 | INFO |   sensitivity: 0.9398
2025-12-15 14:50:43,932 | INFO |   specificity: 0.9644
2025-12-15 14:50:43,932 | INFO |   f1: 0.8495
2025-12-15 14:50:43,932 | INFO |   mcc: 0.8327
2025-12-15 14:50:43,950 | INFO | Results saved to: logs/ml/xgboost/20251215_143937/evaluation_results.csv
2025-12-15 14:50:43,958 | INFO | Full results saved to: logs/ml/xgboost/20251215_143937/results.json
2025-12-15 14:50:43,958 | INFO | ML pipeline completed successfully
