2025-12-12 16:39:34,869 | INFO | ================================================================================
2025-12-12 16:39:34,869 | INFO | Starting pretrain stage for model 'v4' with run_id '20251212_163933'
2025-12-12 16:39:34,869 | INFO | Logs will be written to: logs/v4/pretrain/20251212_163933/log.log
2025-12-12 16:39:34,869 | INFO | ================================================================================
2025-12-12 16:39:34,870 | INFO | ================================================================================
2025-12-12 16:39:34,870 | INFO | Starting pretrain stage for model 'v4' with run_id '20251212_163933'
2025-12-12 16:39:34,870 | INFO | Trainable parameters: 8,236,673
2025-12-12 16:39:34,870 | INFO | Logs will be written to: logs/v4/pretrain/20251212_163933/log.log
2025-12-12 16:39:34,870 | INFO | Building dataloaders for pretrain stage
2025-12-12 16:39:34,870 | INFO | ================================================================================
2025-12-12 16:39:34,870 | INFO | ================================================================================
2025-12-12 16:39:34,870 | INFO | Trainable parameters: 8,236,673
2025-12-12 16:39:34,870 | INFO | Starting pretrain stage for model 'v4' with run_id '20251212_163933'
2025-12-12 16:39:34,870 | INFO | ================================================================================
2025-12-12 16:39:34,870 | INFO | Building dataloaders for pretrain stage
2025-12-12 16:39:34,870 | INFO | Logs will be written to: logs/v4/pretrain/20251212_163933/log.log
2025-12-12 16:39:34,870 | INFO | ================================================================================
2025-12-12 16:39:34,870 | INFO | Starting pretrain stage for model 'v4' with run_id '20251212_163933'
2025-12-12 16:39:34,870 | INFO | Logs will be written to: logs/v4/pretrain/20251212_163933/log.log
2025-12-12 16:39:34,870 | INFO | ================================================================================
2025-12-12 16:39:34,870 | INFO | Trainable parameters: 8,236,673
2025-12-12 16:39:34,871 | INFO | Building dataloaders for pretrain stage
2025-12-12 16:39:34,870 | INFO | Trainable parameters: 8,236,673
2025-12-12 16:39:34,871 | INFO | Building dataloaders for pretrain stage
2025-12-12 16:39:34,873 | INFO | Loading embeddings from data/TMP/processed/TMP_embeddings.npz (this may take a while...)
2025-12-12 16:41:44,878 | INFO | Memory-mapped structured .npz format: 21391 proteins (embeddings stay on disk, loaded on-demand)
2025-12-12 16:41:44,879 | INFO | Loaded 21391 protein embeddings
2025-12-12 16:41:45,636 | INFO | Dataset: 1367504 pairs (683752 pos, 683752 neg)
2025-12-12 16:41:45,637 | INFO | DataLoader built for pretrain_train_balanced.csv: num_workers=0, pin_memory=False, prefetch_factor=None, persistent_workers=False, sampler=DistributedSampler
2025-12-12 16:41:45,699 | INFO | Dataset: 71974 pairs (35987 pos, 35987 neg)
2025-12-12 16:41:45,700 | INFO | DataLoader built for pretrain_val_balanced.csv: num_workers=0, pin_memory=False, prefetch_factor=None, persistent_workers=False, sampler=DistributedSampler
2025-12-12 16:41:45,700 | INFO | Starting pretrain for 40 epochs
2025-12-12 16:41:45,700 | INFO | Monitor metric: auprc, Patience: 5
2025-12-12 16:41:45,705 | INFO | 
============================================================
2025-12-12 16:41:45,705 | INFO | Pretrain Epoch 0/39
2025-12-12 16:41:45,705 | INFO | ============================================================
2025-12-12 18:47:38,961 | INFO | Epoch 0: avg_loss=0.600647, lr=3.83e-06
2025-12-12 18:47:38,963 | INFO | Validation metrics: val_loss=0.658652, val_auprc=0.722717, val_auroc=0.707859
2025-12-12 18:47:39,271 | INFO | Saved best pretrain checkpoint: models/v4/pretrain/20251212_163933/best_model.pth (auprc=0.722717)
2025-12-12 18:47:39,271 | INFO | 
============================================================
2025-12-12 18:47:39,271 | INFO | Pretrain Epoch 1/39
2025-12-12 18:47:39,271 | INFO | ============================================================
2025-12-12 20:51:33,506 | INFO | Epoch 1: avg_loss=0.487553, lr=9.03e-06
2025-12-12 20:51:33,507 | INFO | Validation metrics: val_loss=0.557699, val_auprc=0.819333, val_auroc=0.808962
2025-12-12 20:51:33,760 | INFO | Saved best pretrain checkpoint: models/v4/pretrain/20251212_163933/best_model.pth (auprc=0.819333)
2025-12-12 20:51:33,760 | INFO | 
============================================================
2025-12-12 20:51:33,760 | INFO | Pretrain Epoch 2/39
2025-12-12 20:51:33,760 | INFO | ============================================================
2025-12-12 22:43:34,864 | INFO | Epoch 2: avg_loss=0.379486, lr=1.68e-05
2025-12-12 22:43:34,865 | INFO | Validation metrics: val_loss=0.465394, val_auprc=0.880558, val_auroc=0.873845
2025-12-12 22:43:35,151 | INFO | Saved best pretrain checkpoint: models/v4/pretrain/20251212_163933/best_model.pth (auprc=0.880558)
2025-12-12 22:43:35,151 | INFO | 
============================================================
2025-12-12 22:43:35,151 | INFO | Pretrain Epoch 3/39
2025-12-12 22:43:35,151 | INFO | ============================================================
2025-12-13 00:35:48,211 | INFO | Epoch 3: avg_loss=0.306072, lr=2.60e-05
2025-12-13 00:35:48,211 | INFO | Validation metrics: val_loss=0.432166, val_auprc=0.910139, val_auroc=0.905299
2025-12-13 00:35:48,477 | INFO | Saved best pretrain checkpoint: models/v4/pretrain/20251212_163933/best_model.pth (auprc=0.910139)
2025-12-13 00:35:48,478 | INFO | 
============================================================
2025-12-13 00:35:48,478 | INFO | Pretrain Epoch 4/39
2025-12-13 00:35:48,478 | INFO | ============================================================
2025-12-13 02:27:09,340 | INFO | Epoch 4: avg_loss=0.262378, lr=3.52e-05
2025-12-13 02:27:09,341 | INFO | Validation metrics: val_loss=0.383745, val_auprc=0.928595, val_auroc=0.923990
2025-12-13 02:27:09,597 | INFO | Saved best pretrain checkpoint: models/v4/pretrain/20251212_163933/best_model.pth (auprc=0.928595)
2025-12-13 02:27:09,597 | INFO | 
============================================================
2025-12-13 02:27:09,597 | INFO | Pretrain Epoch 5/39
2025-12-13 02:27:09,597 | INFO | ============================================================
2025-12-13 04:29:15,321 | INFO | Epoch 5: avg_loss=0.235180, lr=4.30e-05
2025-12-13 04:29:15,322 | INFO | Validation metrics: val_loss=0.343466, val_auprc=0.939015, val_auroc=0.933893
2025-12-13 04:29:15,605 | INFO | Saved best pretrain checkpoint: models/v4/pretrain/20251212_163933/best_model.pth (auprc=0.939015)
2025-12-13 04:29:15,606 | INFO | 
============================================================
2025-12-13 04:29:15,606 | INFO | Pretrain Epoch 6/39
2025-12-13 04:29:15,606 | INFO | ============================================================
2025-12-13 06:33:57,632 | INFO | Epoch 6: avg_loss=0.216818, lr=4.82e-05
2025-12-13 06:33:57,632 | INFO | Validation metrics: val_loss=0.333987, val_auprc=0.945027, val_auroc=0.939515
2025-12-13 06:33:57,894 | INFO | Saved best pretrain checkpoint: models/v4/pretrain/20251212_163933/best_model.pth (auprc=0.945027)
2025-12-13 06:33:57,894 | INFO | 
============================================================
2025-12-13 06:33:57,894 | INFO | Pretrain Epoch 7/39
2025-12-13 06:33:57,894 | INFO | ============================================================
2025-12-13 08:39:03,303 | INFO | Epoch 7: avg_loss=0.200851, lr=5.00e-05
2025-12-13 08:39:03,303 | INFO | Validation metrics: val_loss=0.313689, val_auprc=0.950449, val_auroc=0.945100
2025-12-13 08:39:03,570 | INFO | Saved best pretrain checkpoint: models/v4/pretrain/20251212_163933/best_model.pth (auprc=0.950449)
2025-12-13 08:39:03,570 | INFO | 
============================================================
2025-12-13 08:39:03,570 | INFO | Pretrain Epoch 8/39
2025-12-13 08:39:03,570 | INFO | ============================================================
2025-12-13 10:42:13,027 | INFO | Epoch 8: avg_loss=0.187164, lr=4.99e-05
2025-12-13 10:42:13,028 | INFO | Validation metrics: val_loss=0.313661, val_auprc=0.954023, val_auroc=0.949382
2025-12-13 10:42:13,289 | INFO | Saved best pretrain checkpoint: models/v4/pretrain/20251212_163933/best_model.pth (auprc=0.954023)
2025-12-13 10:42:13,289 | INFO | 
============================================================
2025-12-13 10:42:13,289 | INFO | Pretrain Epoch 9/39
2025-12-13 10:42:13,289 | INFO | ============================================================
2025-12-13 12:44:13,199 | INFO | Epoch 9: avg_loss=0.174363, lr=4.95e-05
2025-12-13 12:44:13,200 | INFO | Validation metrics: val_loss=0.292460, val_auprc=0.957475, val_auroc=0.952895
2025-12-13 12:44:13,467 | INFO | Saved best pretrain checkpoint: models/v4/pretrain/20251212_163933/best_model.pth (auprc=0.957475)
2025-12-13 12:44:13,467 | INFO | 
============================================================
2025-12-13 12:44:13,467 | INFO | Pretrain Epoch 10/39
2025-12-13 12:44:13,467 | INFO | ============================================================
2025-12-13 14:46:34,393 | INFO | Epoch 10: avg_loss=0.164999, lr=4.89e-05
2025-12-13 14:46:34,394 | INFO | Validation metrics: val_loss=0.283063, val_auprc=0.960354, val_auroc=0.956242
2025-12-13 14:46:34,670 | INFO | Saved best pretrain checkpoint: models/v4/pretrain/20251212_163933/best_model.pth (auprc=0.960354)
2025-12-13 14:46:34,671 | INFO | 
============================================================
2025-12-13 14:46:34,671 | INFO | Pretrain Epoch 11/39
2025-12-13 14:46:34,671 | INFO | ============================================================
2025-12-13 16:48:14,124 | INFO | Epoch 11: avg_loss=0.156312, lr=4.81e-05
2025-12-13 16:48:14,125 | INFO | Validation metrics: val_loss=0.289151, val_auprc=0.960843, val_auroc=0.957348
2025-12-13 16:48:14,378 | INFO | Saved best pretrain checkpoint: models/v4/pretrain/20251212_163933/best_model.pth (auprc=0.960843)
2025-12-13 16:48:14,378 | INFO | 
============================================================
2025-12-13 16:48:14,378 | INFO | Pretrain Epoch 12/39
2025-12-13 16:48:14,378 | INFO | ============================================================
2025-12-13 18:50:45,488 | INFO | Epoch 12: avg_loss=0.148874, lr=4.70e-05
2025-12-13 18:50:45,490 | INFO | Validation metrics: val_loss=0.289320, val_auprc=0.962270, val_auroc=0.958860
2025-12-13 18:50:45,781 | INFO | Saved best pretrain checkpoint: models/v4/pretrain/20251212_163933/best_model.pth (auprc=0.962270)
2025-12-13 18:50:45,782 | INFO | 
============================================================
2025-12-13 18:50:45,782 | INFO | Pretrain Epoch 13/39
2025-12-13 18:50:45,782 | INFO | ============================================================
2025-12-13 20:52:28,584 | INFO | Epoch 13: avg_loss=0.141193, lr=4.58e-05
2025-12-13 20:52:28,586 | INFO | Validation metrics: val_loss=0.294697, val_auprc=0.962513, val_auroc=0.959391
2025-12-13 20:52:28,842 | INFO | Saved best pretrain checkpoint: models/v4/pretrain/20251212_163933/best_model.pth (auprc=0.962513)
2025-12-13 20:52:28,842 | INFO | 
============================================================
2025-12-13 20:52:28,842 | INFO | Pretrain Epoch 14/39
2025-12-13 20:52:28,842 | INFO | ============================================================
2025-12-13 22:55:09,941 | INFO | Epoch 14: avg_loss=0.135681, lr=4.43e-05
2025-12-13 22:55:09,942 | INFO | Validation metrics: val_loss=0.283847, val_auprc=0.964066, val_auroc=0.961009
2025-12-13 22:55:10,223 | INFO | Saved best pretrain checkpoint: models/v4/pretrain/20251212_163933/best_model.pth (auprc=0.964066)
2025-12-13 22:55:10,224 | INFO | 
============================================================
2025-12-13 22:55:10,224 | INFO | Pretrain Epoch 15/39
2025-12-13 22:55:10,224 | INFO | ============================================================
2025-12-14 00:57:26,260 | INFO | Epoch 15: avg_loss=0.129173, lr=4.27e-05
2025-12-14 00:57:26,261 | INFO | Validation metrics: val_loss=0.287960, val_auprc=0.963601, val_auroc=0.961008
2025-12-14 00:57:26,283 | INFO | 
============================================================
2025-12-14 00:57:26,283 | INFO | Pretrain Epoch 16/39
2025-12-14 00:57:26,283 | INFO | ============================================================
2025-12-14 02:59:47,632 | INFO | Epoch 16: avg_loss=0.123214, lr=4.09e-05
2025-12-14 02:59:47,632 | INFO | Validation metrics: val_loss=0.299411, val_auprc=0.963935, val_auroc=0.961404
2025-12-14 02:59:47,641 | INFO | 
============================================================
2025-12-14 02:59:47,641 | INFO | Pretrain Epoch 17/39
2025-12-14 02:59:47,641 | INFO | ============================================================
2025-12-14 05:02:24,640 | INFO | Epoch 17: avg_loss=0.117580, lr=3.89e-05
2025-12-14 05:02:24,641 | INFO | Validation metrics: val_loss=0.289560, val_auprc=0.964958, val_auroc=0.962608
2025-12-14 05:02:24,907 | INFO | Saved best pretrain checkpoint: models/v4/pretrain/20251212_163933/best_model.pth (auprc=0.964958)
2025-12-14 05:02:24,907 | INFO | 
============================================================
2025-12-14 05:02:24,908 | INFO | Pretrain Epoch 18/39
2025-12-14 05:02:24,908 | INFO | ============================================================
2025-12-14 07:04:44,475 | INFO | Epoch 18: avg_loss=0.111432, lr=3.68e-05
2025-12-14 07:04:44,475 | INFO | Validation metrics: val_loss=0.297498, val_auprc=0.963804, val_auroc=0.961717
2025-12-14 07:04:44,491 | INFO | 
============================================================
2025-12-14 07:04:44,491 | INFO | Pretrain Epoch 19/39
2025-12-14 07:04:44,491 | INFO | ============================================================
2025-12-14 09:07:18,644 | INFO | Epoch 19: avg_loss=0.105865, lr=3.46e-05
2025-12-14 09:07:18,644 | INFO | Validation metrics: val_loss=0.300871, val_auprc=0.963233, val_auroc=0.961391
2025-12-14 09:07:18,657 | INFO | 
============================================================
2025-12-14 09:07:18,657 | INFO | Pretrain Epoch 20/39
2025-12-14 09:07:18,657 | INFO | ============================================================
2025-12-14 11:09:47,359 | INFO | Epoch 20: avg_loss=0.100671, lr=3.23e-05
2025-12-14 11:09:47,360 | INFO | Validation metrics: val_loss=0.316286, val_auprc=0.961872, val_auroc=0.960559
2025-12-14 11:09:47,369 | INFO | 
============================================================
2025-12-14 11:09:47,369 | INFO | Pretrain Epoch 21/39
2025-12-14 11:09:47,369 | INFO | ============================================================
2025-12-14 13:12:18,734 | INFO | Epoch 21: avg_loss=0.094998, lr=2.99e-05
2025-12-14 13:12:18,736 | INFO | Validation metrics: val_loss=0.319996, val_auprc=0.962180, val_auroc=0.960867
2025-12-14 13:12:18,750 | INFO | 
============================================================
2025-12-14 13:12:18,751 | INFO | Pretrain Epoch 22/39
2025-12-14 13:12:18,751 | INFO | ============================================================
2025-12-14 15:14:52,802 | INFO | Epoch 22: avg_loss=0.089946, lr=2.75e-05
2025-12-14 15:14:52,802 | INFO | Full pipeline: will load models/v4/pretrain/20251212_163933/best_model.pth for finetune
2025-12-14 15:14:52,802 | INFO | Full pipeline: will load models/v4/pretrain/20251212_163933/best_model.pth for finetune
2025-12-14 15:14:52,802 | INFO | Full pipeline: will load models/v4/pretrain/20251212_163933/best_model.pth for finetune
2025-12-14 15:14:52,802 | INFO | Validation metrics: val_loss=0.322546, val_auprc=0.960963, val_auroc=0.960245
2025-12-14 15:14:52,819 | INFO | Created directories: logs/v4/finetune/20251212_163933, models/v4/finetune/20251212_163933
2025-12-14 15:14:52,819 | INFO | Created directories: logs/v4/finetune/20251212_163933, models/v4/finetune/20251212_163933
2025-12-14 15:14:52,819 | INFO | Created directories: logs/v4/finetune/20251212_163933, models/v4/finetune/20251212_163933
2025-12-14 15:14:52,820 | INFO | Early stopping triggered at epoch 22 (no improvement in auprc for 5 epochs)
2025-12-14 15:14:52,820 | INFO | Pretrain completed. Best auprc: 0.964958
2025-12-14 15:14:52,820 | INFO | Full pipeline: will load models/v4/pretrain/20251212_163933/best_model.pth for finetune
2025-12-14 15:14:52,821 | INFO | Created directories: logs/v4/finetune/20251212_163933, models/v4/finetune/20251212_163933
