2026-01-26 15:59:53,483 | INFO | ================================================================================
2026-01-26 15:59:53,482 | INFO | ================================================================================
2026-01-26 15:59:53,483 | INFO | Starting finetune stage for model 'v4' with run_id '20260126_155951'
2026-01-26 15:59:53,483 | INFO | Logs will be written to: logs/v4/finetune/20260126_155951/log.log
2026-01-26 15:59:53,483 | INFO | ================================================================================
2026-01-26 15:59:53,483 | INFO | ================================================================================
2026-01-26 15:59:53,483 | INFO | Starting finetune stage for model 'v4' with run_id '20260126_155951'
2026-01-26 15:59:53,483 | INFO | Logs will be written to: logs/v4/finetune/20260126_155951/log.log
2026-01-26 15:59:53,483 | INFO | Starting finetune stage for model 'v4' with run_id '20260126_155951'
2026-01-26 15:59:53,483 | INFO | ================================================================================
2026-01-26 15:59:53,483 | INFO | Logs will be written to: logs/v4/finetune/20260126_155951/log.log
2026-01-26 15:59:53,483 | INFO | ================================================================================
2026-01-26 15:59:53,483 | INFO | ================================================================================
2026-01-26 15:59:53,483 | INFO | Starting finetune stage for model 'v4' with run_id '20260126_155951'
2026-01-26 15:59:53,483 | INFO | Trainable parameters: 2,387,457
2026-01-26 15:59:53,483 | INFO | Logs will be written to: logs/v4/finetune/20260126_155951/log.log
2026-01-26 15:59:53,483 | INFO | Building dataloaders for finetune stage
2026-01-26 15:59:53,483 | INFO | ================================================================================
2026-01-26 15:59:53,483 | INFO | Trainable parameters: 2,387,457
2026-01-26 15:59:53,483 | INFO | Trainable parameters: 2,387,457
2026-01-26 15:59:53,484 | INFO | Building dataloaders for finetune stage
2026-01-26 15:59:53,484 | INFO | Building dataloaders for finetune stage
2026-01-26 15:59:53,483 | INFO | Trainable parameters: 2,387,457
2026-01-26 15:59:53,484 | INFO | Building dataloaders for finetune stage
2026-01-26 15:59:53,526 | INFO | Loaded sharded embeddings from data/TMP/processed/TMP_embeddings.npz (21391 proteins, max_len=768)
2026-01-26 15:59:54,473 | INFO | Dataset: 2675542 pairs (61511 pos, 2614031 neg)
2026-01-26 15:59:55,295 | INFO | DataLoader built for finetune_train.csv: num_workers=0, pin_memory=False, prefetch_factor=None, persistent_workers=False, sampler=DistributedBatchSampler
2026-01-26 15:59:55,374 | INFO | Dataset: 140819 pairs (3238 pos, 137581 neg)
2026-01-26 15:59:55,374 | INFO | DataLoader built for finetune_val.csv: num_workers=0, pin_memory=False, prefetch_factor=None, persistent_workers=False, sampler=DistributedSampler
2026-01-26 15:59:55,374 | INFO | Starting finetune for 30 epochs
2026-01-26 15:59:55,374 | INFO | Strategy: staged_unfreeze
2026-01-26 15:59:55,375 | INFO | Monitor metric: auprc, Patience: 5
2026-01-26 15:59:55,586 | INFO | Loaded checkpoint from: models/v4/pretrain/20251216_151235/best_model.pth (pretrain epoch 24)
2026-01-26 15:59:55,586 | INFO | Created StagedUnfreeze strategy with 3 schedule entries
2026-01-26 15:59:55,588 | INFO | StagedUnfreeze applied at epoch 0 via on_train_begin; trainable parameters: 148,481
2026-01-26 15:59:55,589 | INFO | Trainable parameters: 148,481
2026-01-26 15:59:55,601 | INFO | Using standard validation with monitor_metric=auprc
2026-01-26 15:59:55,601 | INFO | 
============================================================
2026-01-26 15:59:55,601 | INFO | Finetune Epoch 0/29
2026-01-26 15:59:55,602 | INFO | ============================================================
2026-01-26 16:30:30,622 | INFO | Epoch 0: avg_loss=0.607099, lr=6.67e-06
2026-01-26 16:30:30,623 | INFO | Validation: loss=0.122614, auprc=0.114162, auroc=0.872525
2026-01-26 16:30:30,749 | INFO | Saved best finetune checkpoint: models/v4/finetune/20260126_155951/best_model.pth (auprc=0.114162)
2026-01-26 16:30:30,749 | INFO | 
============================================================
2026-01-26 16:30:30,749 | INFO | Finetune Epoch 1/29
2026-01-26 16:30:30,749 | INFO | ============================================================
2026-01-26 17:01:32,120 | INFO | Epoch 1: avg_loss=0.208068, lr=1.33e-05
2026-01-26 17:01:32,122 | INFO | Validation: loss=0.107503, auprc=0.157787, auroc=0.908208
2026-01-26 17:01:32,188 | INFO | Saved best finetune checkpoint: models/v4/finetune/20260126_155951/best_model.pth (auprc=0.157787)
2026-01-26 17:01:32,188 | INFO | 
============================================================
2026-01-26 17:01:32,188 | INFO | Finetune Epoch 2/29
2026-01-26 17:01:32,188 | INFO | ============================================================
2026-01-26 17:58:53,710 | INFO | Epoch 2: avg_loss=0.227635, lr=2.00e-05
2026-01-26 17:58:53,712 | INFO | Validation: loss=0.092677, auprc=0.202728, auroc=0.921871
2026-01-26 17:58:53,781 | INFO | Saved best finetune checkpoint: models/v4/finetune/20260126_155951/best_model.pth (auprc=0.202728)
2026-01-26 17:58:53,782 | INFO | 
============================================================
2026-01-26 17:58:53,782 | INFO | Finetune Epoch 3/29
2026-01-26 17:58:53,782 | INFO | ============================================================
2026-01-26 17:58:53,784 | INFO | StagedUnfreeze applied at epoch 3 via on_epoch_begin; trainable parameters: 676,353
2026-01-26 18:55:46,137 | INFO | Epoch 3: avg_loss=0.214926, lr=6.67e-06
2026-01-26 18:55:46,139 | INFO | Validation: loss=0.084809, auprc=0.261595, auroc=0.938048
2026-01-26 18:55:46,230 | INFO | Saved best finetune checkpoint: models/v4/finetune/20260126_155951/best_model.pth (auprc=0.261595)
2026-01-26 18:55:46,230 | INFO | 
============================================================
2026-01-26 18:55:46,230 | INFO | Finetune Epoch 4/29
2026-01-26 18:55:46,230 | INFO | ============================================================
2026-01-26 19:53:03,138 | INFO | Epoch 4: avg_loss=0.194117, lr=1.33e-05
2026-01-26 19:53:03,139 | INFO | Validation: loss=0.075661, auprc=0.380776, auroc=0.953525
2026-01-26 19:53:03,223 | INFO | Saved best finetune checkpoint: models/v4/finetune/20260126_155951/best_model.pth (auprc=0.380776)
2026-01-26 19:53:03,223 | INFO | 
============================================================
2026-01-26 19:53:03,223 | INFO | Finetune Epoch 5/29
2026-01-26 19:53:03,223 | INFO | ============================================================
2026-01-26 19:53:03,224 | INFO | StagedUnfreeze applied at epoch 5 via on_epoch_begin; trainable parameters: 1,860,097
2026-01-26 20:56:28,983 | INFO | Epoch 5: avg_loss=0.177929, lr=6.67e-06
2026-01-26 20:56:28,984 | INFO | Validation: loss=0.070059, auprc=0.443117, auroc=0.960173
2026-01-26 20:56:29,092 | INFO | Saved best finetune checkpoint: models/v4/finetune/20260126_155951/best_model.pth (auprc=0.443117)
2026-01-26 20:56:29,092 | INFO | 
============================================================
2026-01-26 20:56:29,092 | INFO | Finetune Epoch 6/29
2026-01-26 20:56:29,093 | INFO | ============================================================
2026-01-26 22:01:04,300 | INFO | Epoch 6: avg_loss=0.159085, lr=1.33e-05
2026-01-26 22:01:04,302 | INFO | Validation: loss=0.064127, auprc=0.555916, auroc=0.969789
2026-01-26 22:01:04,403 | INFO | Saved best finetune checkpoint: models/v4/finetune/20260126_155951/best_model.pth (auprc=0.555916)
2026-01-26 22:01:04,403 | INFO | 
============================================================
2026-01-26 22:01:04,403 | INFO | Finetune Epoch 7/29
2026-01-26 22:01:04,403 | INFO | ============================================================
2026-01-26 23:06:24,617 | INFO | Epoch 7: avg_loss=0.136790, lr=2.00e-05
2026-01-26 23:06:24,618 | INFO | Validation: loss=0.055181, auprc=0.650283, auroc=0.975932
2026-01-26 23:06:24,734 | INFO | Saved best finetune checkpoint: models/v4/finetune/20260126_155951/best_model.pth (auprc=0.650283)
2026-01-26 23:06:24,735 | INFO | 
============================================================
2026-01-26 23:06:24,735 | INFO | Finetune Epoch 8/29
2026-01-26 23:06:24,735 | INFO | ============================================================
2026-01-27 00:11:49,104 | INFO | Epoch 8: avg_loss=0.116942, lr=1.99e-05
2026-01-27 00:11:49,105 | INFO | Validation: loss=0.049922, auprc=0.713476, auroc=0.980428
2026-01-27 00:11:49,208 | INFO | Saved best finetune checkpoint: models/v4/finetune/20260126_155951/best_model.pth (auprc=0.713476)
2026-01-27 00:11:49,209 | INFO | 
============================================================
2026-01-27 00:11:49,209 | INFO | Finetune Epoch 9/29
2026-01-27 00:11:49,209 | INFO | ============================================================
2026-01-27 01:16:53,006 | INFO | Epoch 9: avg_loss=0.106780, lr=1.97e-05
2026-01-27 01:16:53,008 | INFO | Validation: loss=0.047071, auprc=0.744555, auroc=0.982782
2026-01-27 01:16:53,120 | INFO | Saved best finetune checkpoint: models/v4/finetune/20260126_155951/best_model.pth (auprc=0.744555)
2026-01-27 01:16:53,120 | INFO | 
============================================================
2026-01-27 01:16:53,120 | INFO | Finetune Epoch 10/29
2026-01-27 01:16:53,121 | INFO | ============================================================
2026-01-27 02:22:13,994 | INFO | Epoch 10: avg_loss=0.096940, lr=1.94e-05
2026-01-27 02:22:13,996 | INFO | Validation: loss=0.045234, auprc=0.771852, auroc=0.984243
2026-01-27 02:22:14,103 | INFO | Saved best finetune checkpoint: models/v4/finetune/20260126_155951/best_model.pth (auprc=0.771852)
2026-01-27 02:22:14,103 | INFO | 
============================================================
2026-01-27 02:22:14,103 | INFO | Finetune Epoch 11/29
2026-01-27 02:22:14,104 | INFO | ============================================================
2026-01-27 03:27:29,447 | INFO | Epoch 11: avg_loss=0.091705, lr=1.89e-05
2026-01-27 03:27:29,448 | INFO | Validation: loss=0.044680, auprc=0.781522, auroc=0.984991
2026-01-27 03:27:29,552 | INFO | Saved best finetune checkpoint: models/v4/finetune/20260126_155951/best_model.pth (auprc=0.781522)
2026-01-27 03:27:29,552 | INFO | 
============================================================
2026-01-27 03:27:29,553 | INFO | Finetune Epoch 12/29
2026-01-27 03:27:29,553 | INFO | ============================================================
2026-01-27 04:32:40,571 | INFO | Epoch 12: avg_loss=0.086760, lr=1.84e-05
2026-01-27 04:32:40,572 | INFO | Validation: loss=0.042327, auprc=0.795415, auroc=0.986224
2026-01-27 04:32:40,674 | INFO | Saved best finetune checkpoint: models/v4/finetune/20260126_155951/best_model.pth (auprc=0.795415)
2026-01-27 04:32:40,674 | INFO | 
============================================================
2026-01-27 04:32:40,674 | INFO | Finetune Epoch 13/29
2026-01-27 04:32:40,674 | INFO | ============================================================
2026-01-27 05:37:47,090 | INFO | Epoch 13: avg_loss=0.082276, lr=1.77e-05
2026-01-27 05:37:47,092 | INFO | Validation: loss=0.041071, auprc=0.808786, auroc=0.987065
2026-01-27 05:37:47,204 | INFO | Saved best finetune checkpoint: models/v4/finetune/20260126_155951/best_model.pth (auprc=0.808786)
2026-01-27 05:37:47,204 | INFO | 
============================================================
2026-01-27 05:37:47,204 | INFO | Finetune Epoch 14/29
2026-01-27 05:37:47,204 | INFO | ============================================================
2026-01-27 06:42:38,594 | INFO | Epoch 14: avg_loss=0.080023, lr=1.69e-05
2026-01-27 06:42:38,596 | INFO | Validation: loss=0.038171, auprc=0.815786, auroc=0.987680
2026-01-27 06:42:38,705 | INFO | Saved best finetune checkpoint: models/v4/finetune/20260126_155951/best_model.pth (auprc=0.815786)
2026-01-27 06:42:38,705 | INFO | 
============================================================
2026-01-27 06:42:38,705 | INFO | Finetune Epoch 15/29
2026-01-27 06:42:38,705 | INFO | ============================================================
2026-01-27 07:47:50,329 | INFO | Epoch 15: avg_loss=0.077957, lr=1.60e-05
2026-01-27 07:47:50,330 | INFO | Validation: loss=0.039848, auprc=0.821901, auroc=0.988282
2026-01-27 07:47:50,438 | INFO | Saved best finetune checkpoint: models/v4/finetune/20260126_155951/best_model.pth (auprc=0.821901)
2026-01-27 07:47:50,438 | INFO | 
============================================================
2026-01-27 07:47:50,438 | INFO | Finetune Epoch 16/29
2026-01-27 07:47:50,439 | INFO | ============================================================
2026-01-27 08:51:43,473 | INFO | Epoch 16: avg_loss=0.074316, lr=1.50e-05
2026-01-27 08:51:43,474 | INFO | Validation: loss=0.037343, auprc=0.829893, auroc=0.988163
2026-01-27 08:51:43,584 | INFO | Saved best finetune checkpoint: models/v4/finetune/20260126_155951/best_model.pth (auprc=0.829893)
2026-01-27 08:51:43,584 | INFO | 
============================================================
2026-01-27 08:51:43,584 | INFO | Finetune Epoch 17/29
2026-01-27 08:51:43,584 | INFO | ============================================================
2026-01-27 09:57:01,656 | INFO | Epoch 17: avg_loss=0.072286, lr=1.40e-05
2026-01-27 09:57:01,658 | INFO | Validation: loss=0.034639, auprc=0.831316, auroc=0.988384
2026-01-27 09:57:01,780 | INFO | Saved best finetune checkpoint: models/v4/finetune/20260126_155951/best_model.pth (auprc=0.831316)
2026-01-27 09:57:01,780 | INFO | 
============================================================
2026-01-27 09:57:01,780 | INFO | Finetune Epoch 18/29
2026-01-27 09:57:01,780 | INFO | ============================================================
2026-01-27 11:02:01,951 | INFO | Epoch 18: avg_loss=0.068142, lr=1.29e-05
2026-01-27 11:02:01,953 | INFO | Validation: loss=0.034147, auprc=0.836446, auroc=0.988732
2026-01-27 11:02:02,084 | INFO | Saved best finetune checkpoint: models/v4/finetune/20260126_155951/best_model.pth (auprc=0.836446)
2026-01-27 11:02:02,085 | INFO | 
============================================================
2026-01-27 11:02:02,085 | INFO | Finetune Epoch 19/29
2026-01-27 11:02:02,085 | INFO | ============================================================
2026-01-27 12:07:12,637 | INFO | Epoch 19: avg_loss=0.069233, lr=1.17e-05
2026-01-27 12:07:12,638 | INFO | Validation: loss=0.033980, auprc=0.838240, auroc=0.988859
2026-01-27 12:07:12,744 | INFO | Saved best finetune checkpoint: models/v4/finetune/20260126_155951/best_model.pth (auprc=0.838240)
2026-01-27 12:07:12,744 | INFO | 
============================================================
2026-01-27 12:07:12,744 | INFO | Finetune Epoch 20/29
2026-01-27 12:07:12,745 | INFO | ============================================================
2026-01-27 13:12:28,527 | INFO | Epoch 20: avg_loss=0.066079, lr=1.06e-05
2026-01-27 13:12:28,528 | INFO | Validation: loss=0.034401, auprc=0.843155, auroc=0.989598
2026-01-27 13:12:28,634 | INFO | Saved best finetune checkpoint: models/v4/finetune/20260126_155951/best_model.pth (auprc=0.843155)
2026-01-27 13:12:28,634 | INFO | 
============================================================
2026-01-27 13:12:28,634 | INFO | Finetune Epoch 21/29
2026-01-27 13:12:28,634 | INFO | ============================================================
2026-01-27 14:17:33,620 | INFO | Epoch 21: avg_loss=0.066939, lr=9.42e-06
2026-01-27 14:17:33,621 | INFO | Validation: loss=0.033684, auprc=0.842853, auroc=0.989346
2026-01-27 14:17:33,635 | INFO | 
============================================================
2026-01-27 14:17:33,635 | INFO | Finetune Epoch 22/29
2026-01-27 14:17:33,635 | INFO | ============================================================
2026-01-27 15:22:43,829 | INFO | Epoch 22: avg_loss=0.065292, lr=8.26e-06
2026-01-27 15:22:43,831 | INFO | Validation: loss=0.032682, auprc=0.846876, auroc=0.989470
2026-01-27 15:22:43,989 | INFO | Saved best finetune checkpoint: models/v4/finetune/20260126_155951/best_model.pth (auprc=0.846876)
2026-01-27 15:22:43,989 | INFO | 
============================================================
2026-01-27 15:22:43,989 | INFO | Finetune Epoch 23/29
2026-01-27 15:22:43,989 | INFO | ============================================================
2026-01-27 16:28:04,833 | INFO | Epoch 23: avg_loss=0.063939, lr=7.13e-06
2026-01-27 16:28:04,835 | INFO | Validation: loss=0.032384, auprc=0.847367, auroc=0.989424
2026-01-27 16:28:04,943 | INFO | Saved best finetune checkpoint: models/v4/finetune/20260126_155951/best_model.pth (auprc=0.847367)
2026-01-27 16:28:04,944 | INFO | 
============================================================
2026-01-27 16:28:04,944 | INFO | Finetune Epoch 24/29
2026-01-27 16:28:04,944 | INFO | ============================================================
2026-01-27 17:33:02,723 | INFO | Epoch 24: avg_loss=0.063443, lr=6.04e-06
2026-01-27 17:33:02,725 | INFO | Validation: loss=0.031825, auprc=0.848895, auroc=0.988948
2026-01-27 17:33:02,830 | INFO | Saved best finetune checkpoint: models/v4/finetune/20260126_155951/best_model.pth (auprc=0.848895)
2026-01-27 17:33:02,830 | INFO | 
============================================================
2026-01-27 17:33:02,830 | INFO | Finetune Epoch 25/29
2026-01-27 17:33:02,830 | INFO | ============================================================
2026-01-27 18:38:25,589 | INFO | Epoch 25: avg_loss=0.061859, lr=5.00e-06
2026-01-27 18:38:25,590 | INFO | Validation: loss=0.032845, auprc=0.850700, auroc=0.989453
2026-01-27 18:38:25,698 | INFO | Saved best finetune checkpoint: models/v4/finetune/20260126_155951/best_model.pth (auprc=0.850700)
2026-01-27 18:38:25,698 | INFO | 
============================================================
2026-01-27 18:38:25,698 | INFO | Finetune Epoch 26/29
2026-01-27 18:38:25,698 | INFO | ============================================================
2026-01-27 19:43:43,734 | INFO | Epoch 26: avg_loss=0.062695, lr=4.03e-06
2026-01-27 19:43:43,736 | INFO | Validation: loss=0.032073, auprc=0.852966, auroc=0.989633
2026-01-27 19:43:43,850 | INFO | Saved best finetune checkpoint: models/v4/finetune/20260126_155951/best_model.pth (auprc=0.852966)
2026-01-27 19:43:43,850 | INFO | 
============================================================
2026-01-27 19:43:43,850 | INFO | Finetune Epoch 27/29
2026-01-27 19:43:43,850 | INFO | ============================================================
2026-01-27 20:48:48,901 | INFO | Epoch 27: avg_loss=0.062135, lr=3.14e-06
2026-01-27 20:48:48,903 | INFO | Validation: loss=0.032362, auprc=0.852592, auroc=0.989934
2026-01-27 20:48:48,916 | INFO | 
============================================================
2026-01-27 20:48:48,916 | INFO | Finetune Epoch 28/29
2026-01-27 20:48:48,916 | INFO | ============================================================
2026-01-27 21:54:03,118 | INFO | Epoch 28: avg_loss=0.060482, lr=2.34e-06
2026-01-27 21:54:03,121 | INFO | Validation: loss=0.032743, auprc=0.853373, auroc=0.990040
2026-01-27 21:54:03,285 | INFO | Saved best finetune checkpoint: models/v4/finetune/20260126_155951/best_model.pth (auprc=0.853373)
2026-01-27 21:54:03,285 | INFO | 
============================================================
2026-01-27 21:54:03,285 | INFO | Finetune Epoch 29/29
2026-01-27 21:54:03,285 | INFO | ============================================================
2026-01-27 22:59:16,414 | INFO | Epoch 29: avg_loss=0.061457, lr=1.65e-06
2026-01-27 22:59:16,416 | INFO | Validation: loss=0.031680, auprc=0.854017, auroc=0.989990
2026-01-27 22:59:16,534 | INFO | Saved best finetune checkpoint: models/v4/finetune/20260126_155951/best_model.pth (auprc=0.854017)
2026-01-27 22:59:16,534 | INFO | Finetune completed. Best auprc: 0.854017
2026-01-27 22:59:16,602 | INFO | DDP cleaned up successfully
2026-01-27 22:59:16,602 | INFO | Pipeline execution completed successfully
2026-01-27 22:59:16,616 | INFO | DDP cleaned up successfully
2026-01-27 22:59:16,617 | INFO | Pipeline execution completed successfully
2026-01-27 22:59:16,749 | INFO | DDP cleaned up successfully
2026-01-27 22:59:16,749 | INFO | Pipeline execution completed successfully
2026-01-27 22:59:16,921 | INFO | DDP cleaned up successfully
2026-01-27 22:59:16,921 | INFO | Pipeline execution completed successfully
