2026-02-27 16:17:29 INFO Startup | Rank: 0 | Run Id: 20260221_065444 | Seed: 47 | Stages: finetune,evaluate | World Size: 4
2026-02-27 16:17:29 INFO Device | Resolved Device: cuda:0
2026-02-27 16:18:32 INFO Startup | Rank: 0 | Run Id: 20260221_065444 | Seed: 47 | Stages: finetune,evaluate | World Size: 4
2026-02-27 16:18:32 INFO Device | Resolved Device: cuda:0
2026-02-27 16:20:27 INFO DDP Ready | Wrapped: True
2026-02-27 16:24:18 INFO Startup | Rank: 0 | Run Id: 20260221_065444 | Seed: 47 | Stages: finetune,evaluate | World Size: 4
2026-02-27 16:24:18 INFO Device | Resolved Device: cuda:0
2026-02-27 16:26:18 INFO DDP Ready | Wrapped: True
2026-03-04 22:29:49 INFO Startup | Rank: 0 | Run Id: 20260221_065444 | Seed: 47 | Stages: evaluate | World Size: 4
2026-03-04 22:29:49 INFO Device | Resolved Device: cuda:0
2026-03-04 22:32:07 INFO Model Init | Model: v3 | Params: 26439937
2026-03-04 22:32:11 INFO DDP Ready | Wrapped: True
2026-03-04 22:32:19 INFO Data Ready | Test: 188697 | Train: 1367504 | Valid: 71974
2026-03-04 22:32:19 INFO Begin Evaluation
2026-03-04 23:16:38 INFO Source Evaluation Metrics | Accuracy: 0.7545 | AUPRC: 0.0918 | Auroc: 0.7934 | F1: 0.1294 | Mcc: 0.1709 | Precision: 0.0711 | Recall: 0.7193 | Sensitivity: 0.7193 | Specificity: 0.7554
2026-03-04 23:16:38 INFO Shot Start | Beta: 0.3000 | Epochs: 15 | LR: 0.0005
2026-03-05 00:56:34 INFO SHOT Epoch | align=0.17460723699295427 | ema_pos=0.017291374504566193 | entropy=0.14765635880375005 | epoch=1 | loss=0.5971463299792366 | lr=0.00034086580994024983 | pseudo_ce=0.916275743268605 | selected=0.6061312556266785
2026-03-05 02:34:38 INFO SHOT Epoch | align=0.05661566100978264 | ema_pos=0.018991410732269287 | entropy=0.07879235430177063 | epoch=2 | loss=0.18506396961179808 | lr=0.000264842339361953 | pseudo_ce=0.16551984065527278 | selected=0.7913256883621216
2026-03-05 04:13:25 INFO SHOT Epoch | align=0.04984192666947394 | ema_pos=0.020218022167682648 | entropy=0.06973928475077674 | epoch=3 | loss=0.14195512126489282 | lr=0.0002193456688254154 | pseudo_ce=0.07457969663400119 | selected=0.9706580638885498
2026-03-05 05:51:32 INFO SHOT Epoch | align=0.04465710832341059 | ema_pos=0.021277038380503654 | entropy=0.0674663686131606 | epoch=4 | loss=0.1223355569627788 | lr=0.00018869762389512346 | pseudo_ce=0.03404026502546547 | selected=0.989473819732666
2026-03-05 07:29:32 INFO SHOT Epoch | align=0.046229552904199334 | ema_pos=0.02236814796924591 | entropy=0.06618884781923959 | epoch=5 | loss=0.12103925047005089 | lr=0.00016647668953512012 | pseudo_ce=0.028736164763004658 | selected=0.991816520690918
2026-03-05 09:08:19 INFO SHOT Epoch | align=0.04370823428792415 | ema_pos=0.02340487763285637 | entropy=0.0648854364453988 | epoch=6 | loss=0.11281777338568359 | lr=0.00014953487812212205 | pseudo_ce=0.014080341487121168 | selected=0.9964700937271118
2026-03-05 10:47:27 INFO SHOT Epoch | align=0.04172198884020903 | ema_pos=0.02441122755408287 | entropy=0.06411751921653869 | epoch=7 | loss=0.10831666912812755 | lr=0.00013613639762823993 | pseudo_ce=0.008257203725933665 | selected=0.9987438917160034
2026-03-05 12:26:23 INFO SHOT Epoch | align=0.039442293643126874 | ema_pos=0.025398362427949905 | entropy=0.06376887836810732 | epoch=8 | loss=0.10568535742394151 | lr=0.0001252407744978563 | pseudo_ce=0.008247284157065172 | selected=0.9993321895599365
2026-03-05 14:05:19 INFO SHOT Epoch | align=0.03831395330674894 | ema_pos=0.02638031169772148 | entropy=0.06349499298327854 | epoch=9 | loss=0.10395120760473944 | lr=0.00011618404012127041 | pseudo_ce=0.00714087158428433 | selected=0.9994381666183472
2026-03-05 15:43:52 INFO SHOT Epoch | align=0.03649689822769185 | ema_pos=0.027346443384885788 | entropy=0.06325631374126778 | epoch=10 | loss=0.1015827686587801 | lr=0.00010852132017398014 | pseudo_ce=0.006098522572794593 | selected=0.9994912147521973
2026-03-05 17:22:53 INFO SHOT Epoch | align=0.03477069281167673 | ema_pos=0.02830147184431553 | entropy=0.06311539958990615 | epoch=11 | loss=0.09983625011885061 | lr=0.00010194265469082737 | pseudo_ce=0.0065005267862852266 | selected=0.9995070695877075
2026-03-05 19:01:38 INFO SHOT Epoch | align=0.0331586670593102 | ema_pos=0.029236800968647003 | entropy=0.06299681935378501 | epoch=12 | loss=0.09812160964999626 | lr=9.622504486493763e-05 | pseudo_ce=0.006553743739095561 | selected=0.9995176792144775
2026-03-05 20:40:19 INFO SHOT Epoch | align=0.03170335503781418 | ema_pos=0.030144240707159042 | entropy=0.06282108906704523 | epoch=13 | loss=0.09608881373155553 | lr=9.120369781116973e-05 | pseudo_ce=0.00521456532014769 | selected=0.9996448755264282
2026-03-05 22:19:05 INFO SHOT Epoch | align=0.03036836367188391 | ema_pos=0.031034816056489944 | entropy=0.06271633708323864 | epoch=14 | loss=0.0945245619304731 | lr=8.67540333382994e-05 | pseudo_ce=0.004799537278569317 | selected=0.9996820092201233
2026-03-05 23:57:41 INFO SHOT Epoch | align=0.029015943898660718 | ema_pos=0.03190813958644867 | entropy=0.06264094153628906 | epoch=15 | loss=0.09311408968579171 | lr=8.278001303808509e-05 | pseudo_ce=0.00485734752746769 | selected=0.9996979236602783
2026-03-05 23:57:42 INFO Shot Checkpoint Saved | Path: models/v3/evaluate/20260221_065444/shot_adapted_model.pth
2026-03-05 23:57:42 INFO Stage Start | Checkpoint: models/v3/evaluate/20260221_065444/shot_adapted_model.pth | Run Id: 20260221_065444
2026-03-05 23:57:42 INFO Checkpoint Loaded | Path: models/v3/evaluate/20260221_065444/shot_adapted_model.pth
2026-03-06 00:42:52 INFO Evaluation Metrics | Accuracy: 0.9128 | AUPRC: 0.0252 | Auroc: 0.4526 | F1: 0.0369 | Mcc: 0.0004 | Precision: 0.0256 | Recall: 0.0658 | Sensitivity: 0.0658 | Specificity: 0.9348 | Split: test
2026-03-06 00:42:52 INFO CSV Written | Path: logs/v3/evaluate/20260221_065444/evaluate.csv
2026-03-06 00:42:52 INFO Stage Done | Run Id: 20260221_065444
2026-03-06 00:43:04 INFO Compare CSV Written | Path: logs/v3/evaluate/20260221_065444/evaluate_compare.csv
2026-03-06 00:43:04 INFO End Evaluation
