2025-12-18 22:16:37,092 | INFO | ================================================================================
2025-12-18 22:16:37,092 | INFO | Starting evaluate stage for model 'v5' with run_id '20251213_025058'
2025-12-18 22:16:37,092 | INFO | ================================================================================
2025-12-18 22:16:37,094 | INFO | Logs will be written to: logs/v5/evaluate/20251213_025058/log.log
2025-12-18 22:16:37,095 | INFO | ================================================================================
2025-12-18 22:16:37,095 | INFO | ================================================================================
2025-12-18 22:16:37,095 | INFO | Starting evaluate stage for model 'v5' with run_id '20251213_025058'
2025-12-18 22:16:37,095 | INFO | Starting evaluate stage for model 'v5' with run_id '20251213_025058'
2025-12-18 22:16:37,095 | INFO | Logs will be written to: logs/v5/evaluate/20251213_025058/log.log
2025-12-18 22:16:37,095 | INFO | Logs will be written to: logs/v5/evaluate/20251213_025058/log.log
2025-12-18 22:16:37,095 | INFO | ================================================================================
2025-12-18 22:16:37,095 | INFO | ================================================================================
2025-12-18 22:16:37,095 | INFO | Trainable parameters: 6,701,825
2025-12-18 22:16:37,095 | INFO | Starting evaluation with metrics: ['auroc', 'auprc', 'accuracy', 'sensitivity', 'specificity', 'precision', 'recall', 'f1', 'mcc']
2025-12-18 22:16:37,095 | INFO | Trainable parameters: 6,701,825
2025-12-18 22:16:37,095 | INFO | Trainable parameters: 6,701,825
2025-12-18 22:16:37,095 | INFO | Using 512 thresholds for AUROC/AUPRC accumulation to bound host memory
2025-12-18 22:16:37,096 | INFO | Starting evaluation with metrics: ['auroc', 'auprc', 'accuracy', 'sensitivity', 'specificity', 'precision', 'recall', 'f1', 'mcc']
2025-12-18 22:16:37,096 | INFO | Starting evaluation with metrics: ['auroc', 'auprc', 'accuracy', 'sensitivity', 'specificity', 'precision', 'recall', 'f1', 'mcc']
2025-12-18 22:16:37,096 | INFO | Using 512 thresholds for AUROC/AUPRC accumulation to bound host memory
2025-12-18 22:16:37,096 | INFO | Using 512 thresholds for AUROC/AUPRC accumulation to bound host memory
2025-12-18 22:16:37,096 | INFO | ================================================================================
2025-12-18 22:16:37,096 | INFO | Starting evaluate stage for model 'v5' with run_id '20251213_025058'
2025-12-18 22:16:37,096 | INFO | Logs will be written to: logs/v5/evaluate/20251213_025058/log.log
2025-12-18 22:16:37,096 | INFO | ================================================================================
2025-12-18 22:16:37,096 | INFO | Trainable parameters: 6,701,825
2025-12-18 22:16:37,096 | INFO | Starting evaluation with metrics: ['auroc', 'auprc', 'accuracy', 'sensitivity', 'specificity', 'precision', 'recall', 'f1', 'mcc']
2025-12-18 22:16:37,097 | INFO | Using 512 thresholds for AUROC/AUPRC accumulation to bound host memory
2025-12-18 22:16:37,198 | INFO | Loaded checkpoint from: models/v5/pretrain/20251213_025058/best_model.pth (epoch 13)
2025-12-18 22:16:37,198 | INFO | Distribution alignment disabled by config; using raw logits
2025-12-18 22:16:37,204 | INFO | Loaded checkpoint from: models/v5/pretrain/20251213_025058/best_model.pth (epoch 13)
2025-12-18 22:16:37,204 | INFO | Distribution alignment disabled by config; using raw logits
2025-12-18 22:16:37,204 | INFO | Loading embeddings from data/TMP/processed/TMP_embeddings.npz (this may take a while...)
2025-12-18 22:16:37,210 | INFO | Loaded checkpoint from: models/v5/pretrain/20251213_025058/best_model.pth (epoch 13)
2025-12-18 22:16:37,210 | INFO | Distribution alignment disabled by config; using raw logits
2025-12-18 22:16:37,211 | INFO | Loaded checkpoint from: models/v5/pretrain/20251213_025058/best_model.pth (epoch 13)
2025-12-18 22:16:37,211 | INFO | Distribution alignment disabled by config; using raw logits
2025-12-18 22:18:44,861 | INFO | Memory-mapped structured .npz format: 21391 proteins (embeddings stay on disk, loaded on-demand)
2025-12-18 22:18:44,861 | INFO | Loaded 21391 protein embeddings
2025-12-18 22:18:44,928 | INFO | Dataset: 188697 pairs (4788 pos, 183909 neg)
2025-12-18 22:18:44,928 | INFO | DataLoader built for test.csv: num_workers=0, pin_memory=False, prefetch_factor=None, persistent_workers=False, sampler=None
2025-12-18 22:18:44,929 | INFO | No test_realistic split configured; skipping
2025-12-18 22:18:44,936 | INFO | Evaluating on test_balanced...
2025-12-18 22:18:45,130 | INFO | No test_realistic split configured; skipping
2025-12-18 22:18:45,136 | INFO | Evaluating on test_balanced...
2025-12-18 22:18:45,385 | INFO | No test_realistic split configured; skipping
2025-12-18 22:18:45,392 | INFO | Evaluating on test_balanced...
2025-12-18 22:18:56,554 | INFO | No test_realistic split configured; skipping
2025-12-18 22:18:56,560 | INFO | Evaluating on test_balanced...
2025-12-19 00:15:19,545 | INFO | test_balanced results: {'auroc': 0.41831642389297485, 'auprc': 0.030851345509290695, 'accuracy': 0.16195276379585266, 'sensitivity': 0.9285714030265808, 'specificity': 0.14199413359165192, 'precision': 0.027403676882386208, 'recall': 0.9285714030265808, 'f1': 0.05323626473546028, 'mcc': 0.031961578875780106}
2025-12-19 00:15:19,546 | INFO | test_balanced results: {'auroc': 0.41831642389297485, 'auprc': 0.030851345509290695, 'accuracy': 0.16195276379585266, 'sensitivity': 0.9285714030265808, 'specificity': 0.14199413359165192, 'precision': 0.027403676882386208, 'recall': 0.9285714030265808, 'f1': 0.05323626473546028, 'mcc': 0.031961578875780106}
2025-12-19 00:15:19,545 | INFO | test_balanced results: {'auroc': 0.41831642389297485, 'auprc': 0.030851345509290695, 'accuracy': 0.16195276379585266, 'sensitivity': 0.9285714030265808, 'specificity': 0.14199413359165192, 'precision': 0.027403676882386208, 'recall': 0.9285714030265808, 'f1': 0.05323626473546028, 'mcc': 0.031961578875780106}
2025-12-19 00:15:19,554 | INFO | Evaluation completed
2025-12-19 00:15:19,557 | INFO | test_balanced results: {'auroc': 0.41831642389297485, 'auprc': 0.030851345509290695, 'accuracy': 0.16195276379585266, 'sensitivity': 0.9285714030265808, 'specificity': 0.14199413359165192, 'precision': 0.027403676882386208, 'recall': 0.9285714030265808, 'f1': 0.05323626473546028, 'mcc': 0.031961578875780106}
2025-12-19 00:15:19,557 | INFO | Evaluation completed
2025-12-19 00:15:19,557 | INFO | Evaluation completed
2025-12-19 00:15:19,560 | INFO | Evaluation completed
2025-12-19 00:15:19,759 | INFO | DDP cleaned up successfully
2025-12-19 00:15:19,759 | INFO | Pipeline execution completed successfully
2025-12-19 00:15:19,759 | INFO | DDP cleaned up successfully
2025-12-19 00:15:19,760 | INFO | Pipeline execution completed successfully
2025-12-19 00:15:19,763 | INFO | DDP cleaned up successfully
2025-12-19 00:15:19,763 | INFO | Pipeline execution completed successfully
2025-12-19 00:15:19,763 | INFO | DDP cleaned up successfully
2025-12-19 00:15:19,763 | INFO | Pipeline execution completed successfully
