Detected 4 GPUs
Loaded config from: configs/v3.yaml
Loaded config from: configs/v3.yaml
Loaded config from: configs/v3.yaml
Loaded config from: configs/v3.yaml
2026-01-27 02:54:04,939 | INFO | ================================================================================
2026-01-27 02:54:04,939 | INFO | ================================================================================
2026-01-27 02:54:04,939 | INFO | Starting finetune stage for model 'v3' with run_id '20260127_025404'
2026-01-27 02:54:04,939 | INFO | Starting finetune stage for model 'v3' with run_id '20260127_025404'
2026-01-27 02:54:04,939 | INFO | Logs will be written to: logs/v3/finetune/20260127_025404/log.log
2026-01-27 02:54:04,939 | INFO | Logs will be written to: logs/v3/finetune/20260127_025404/log.log
2026-01-27 02:54:04,940 | INFO | ================================================================================
2026-01-27 02:54:04,940 | INFO | ================================================================================
2026-01-27 02:54:04,940 | INFO | ================================================================================
2026-01-27 02:54:04,940 | INFO | Starting finetune stage for model 'v3' with run_id '20260127_025404'
2026-01-27 02:54:04,940 | INFO | Logs will be written to: logs/v3/finetune/20260127_025404/log.log
2026-01-27 02:54:04,940 | INFO | ================================================================================
2026-01-27 02:54:04,940 | INFO | Trainable parameters: 9,112,001
2026-01-27 02:54:04,940 | INFO | Building dataloaders for finetune stage
2026-01-27 02:54:04,940 | INFO | Trainable parameters: 9,112,001
2026-01-27 02:54:04,940 | INFO | Trainable parameters: 9,112,001
2026-01-27 02:54:04,940 | INFO | Building dataloaders for finetune stage
2026-01-27 02:54:04,940 | INFO | Building dataloaders for finetune stage
2026-01-27 02:54:04,940 | INFO | ================================================================================
2026-01-27 02:54:04,941 | INFO | Starting finetune stage for model 'v3' with run_id '20260127_025404'
2026-01-27 02:54:04,941 | INFO | Logs will be written to: logs/v3/finetune/20260127_025404/log.log
2026-01-27 02:54:04,941 | INFO | ================================================================================
2026-01-27 02:54:04,941 | INFO | Trainable parameters: 9,112,001
2026-01-27 02:54:04,942 | INFO | Building dataloaders for finetune stage
2026-01-27 02:54:04,971 | INFO | Loaded sharded embeddings from data/TMP/processed/TMP_embeddings.npz (21391 proteins, max_len=768)
2026-01-27 02:54:05,840 | INFO | Dataset: 2675542 pairs (61511 pos, 2614031 neg)
2026-01-27 02:54:06,561 | INFO | DataLoader built for finetune_train.csv: num_workers=0, pin_memory=False, prefetch_factor=None, persistent_workers=False, sampler=DistributedBatchSampler
2026-01-27 02:54:06,617 | INFO | Dataset: 140819 pairs (3238 pos, 137581 neg)
2026-01-27 02:54:06,617 | INFO | DataLoader built for finetune_val.csv: num_workers=0, pin_memory=False, prefetch_factor=None, persistent_workers=False, sampler=DistributedSampler
2026-01-27 02:54:06,617 | INFO | Starting finetune for 30 epochs
2026-01-27 02:54:06,617 | INFO | Strategy: staged_unfreeze
2026-01-27 02:54:06,617 | INFO | Monitor metric: auprc, Patience: 5
2026-01-27 02:54:06,749 | INFO | Loaded checkpoint from: models/v3/pretrain/20251208_221809/best_model.pth (pretrain epoch 15)
2026-01-27 02:54:06,749 | INFO | Created StagedUnfreeze strategy with 2 schedule entries
2026-01-27 02:54:06,752 | INFO | StagedUnfreeze applied at epoch 0 via on_train_begin; trainable parameters: 4,972,097
2026-01-27 02:54:06,752 | INFO | Trainable parameters: 4,972,097
2026-01-27 02:54:06,755 | INFO | Using standard validation with monitor_metric=auprc
2026-01-27 02:54:06,755 | INFO | 
============================================================
2026-01-27 02:54:06,755 | INFO | Finetune Epoch 0/29
2026-01-27 02:54:06,755 | INFO | ============================================================
2026-01-27 03:28:53,170 | INFO | Epoch 0: avg_loss=0.919523, lr=1.17e-05
2026-01-27 03:28:53,171 | INFO | Validation: loss=0.364843, auprc=0.235706, auroc=0.942485
2026-01-27 03:28:53,382 | INFO | Saved best finetune checkpoint: models/v3/finetune/20260127_025404/best_model.pth (auprc=0.235706)
2026-01-27 03:28:53,382 | INFO | 
============================================================
2026-01-27 03:28:53,382 | INFO | Finetune Epoch 1/29
2026-01-27 03:28:53,382 | INFO | ============================================================
2026-01-27 04:04:32,136 | INFO | Epoch 1: avg_loss=0.492089, lr=2.33e-05
2026-01-27 04:04:32,137 | INFO | Validation: loss=0.232324, auprc=0.563044, auroc=0.975329
2026-01-27 04:04:32,355 | INFO | Saved best finetune checkpoint: models/v3/finetune/20260127_025404/best_model.pth (auprc=0.563044)
2026-01-27 04:04:32,355 | INFO | 
============================================================
2026-01-27 04:04:32,355 | INFO | Finetune Epoch 2/29
2026-01-27 04:04:32,355 | INFO | ============================================================
2026-01-27 06:33:15,067 | INFO | Epoch 2: avg_loss=0.583550, lr=2.72e-05
2026-01-27 06:33:15,068 | INFO | Validation: loss=0.157672, auprc=0.717001, auroc=0.980268
2026-01-27 06:33:15,282 | INFO | Saved best finetune checkpoint: models/v3/finetune/20260127_025404/best_model.pth (auprc=0.717001)
2026-01-27 06:33:15,282 | INFO | 
============================================================
2026-01-27 06:33:15,282 | INFO | Finetune Epoch 3/29
2026-01-27 06:33:15,282 | INFO | ============================================================
2026-01-27 06:33:15,283 | INFO | StagedUnfreeze applied at epoch 3 via on_epoch_begin; trainable parameters: 9,112,001
2026-01-27 09:12:31,338 | INFO | Epoch 3: avg_loss=0.519269, lr=3.89e-06
2026-01-27 09:12:31,339 | INFO | Validation: loss=0.153421, auprc=0.731817, auroc=0.981267
2026-01-27 09:12:31,621 | INFO | Saved best finetune checkpoint: models/v3/finetune/20260127_025404/best_model.pth (auprc=0.731817)
2026-01-27 09:12:31,621 | INFO | 
============================================================
2026-01-27 09:12:31,621 | INFO | Finetune Epoch 4/29
2026-01-27 09:12:31,621 | INFO | ============================================================
2026-01-27 11:44:54,790 | INFO | Epoch 4: avg_loss=0.499390, lr=7.78e-06
2026-01-27 11:44:54,792 | INFO | Validation: loss=0.155009, auprc=0.754364, auroc=0.982158
2026-01-27 11:44:55,066 | INFO | Saved best finetune checkpoint: models/v3/finetune/20260127_025404/best_model.pth (auprc=0.754364)
2026-01-27 11:44:55,066 | INFO | 
============================================================
2026-01-27 11:44:55,066 | INFO | Finetune Epoch 5/29
2026-01-27 11:44:55,066 | INFO | ============================================================
2026-01-27 14:15:39,544 | INFO | Epoch 5: avg_loss=0.475723, lr=1.17e-05
2026-01-27 14:15:39,545 | INFO | Validation: loss=0.153351, auprc=0.773989, auroc=0.982755
2026-01-27 14:15:39,840 | INFO | Saved best finetune checkpoint: models/v3/finetune/20260127_025404/best_model.pth (auprc=0.773989)
2026-01-27 14:15:39,841 | INFO | 
============================================================
2026-01-27 14:15:39,841 | INFO | Finetune Epoch 6/29
2026-01-27 14:15:39,841 | INFO | ============================================================
2026-01-27 16:45:42,313 | INFO | Epoch 6: avg_loss=0.454802, lr=1.56e-05
2026-01-27 16:45:42,314 | INFO | Validation: loss=0.145608, auprc=0.794631, auroc=0.983535
2026-01-27 16:45:42,609 | INFO | Saved best finetune checkpoint: models/v3/finetune/20260127_025404/best_model.pth (auprc=0.794631)
2026-01-27 16:45:42,609 | INFO | 
============================================================
2026-01-27 16:45:42,609 | INFO | Finetune Epoch 7/29
2026-01-27 16:45:42,609 | INFO | ============================================================
2026-01-27 19:15:51,358 | INFO | Epoch 7: avg_loss=0.431654, lr=1.94e-05
2026-01-27 19:15:51,361 | INFO | Validation: loss=0.134632, auprc=0.803894, auroc=0.981840
2026-01-27 19:15:51,669 | INFO | Saved best finetune checkpoint: models/v3/finetune/20260127_025404/best_model.pth (auprc=0.803894)
2026-01-27 19:15:51,669 | INFO | 
============================================================
2026-01-27 19:15:51,669 | INFO | Finetune Epoch 8/29
2026-01-27 19:15:51,669 | INFO | ============================================================
2026-01-27 21:46:33,346 | INFO | Epoch 8: avg_loss=0.407599, lr=2.33e-05
2026-01-27 21:46:33,348 | INFO | Validation: loss=0.128997, auprc=0.816602, auroc=0.982844
2026-01-27 21:46:33,659 | INFO | Saved best finetune checkpoint: models/v3/finetune/20260127_025404/best_model.pth (auprc=0.816602)
2026-01-27 21:46:33,659 | INFO | 
============================================================
2026-01-27 21:46:33,659 | INFO | Finetune Epoch 9/29
2026-01-27 21:46:33,659 | INFO | ============================================================
2026-01-28 00:16:47,622 | INFO | Epoch 9: avg_loss=0.393306, lr=2.72e-05
2026-01-28 00:16:47,623 | INFO | Validation: loss=0.114996, auprc=0.822736, auroc=0.977622
2026-01-28 00:16:47,914 | INFO | Saved best finetune checkpoint: models/v3/finetune/20260127_025404/best_model.pth (auprc=0.822736)
2026-01-28 00:16:47,915 | INFO | 
============================================================
2026-01-28 00:16:47,915 | INFO | Finetune Epoch 10/29
2026-01-28 00:16:47,915 | INFO | ============================================================
2026-01-28 02:46:39,332 | INFO | Epoch 10: avg_loss=0.370744, lr=3.11e-05
2026-01-28 02:46:39,334 | INFO | Validation: loss=0.109634, auprc=0.827318, auroc=0.980657
2026-01-28 02:46:39,628 | INFO | Saved best finetune checkpoint: models/v3/finetune/20260127_025404/best_model.pth (auprc=0.827318)
2026-01-28 02:46:39,628 | INFO | 
============================================================
2026-01-28 02:46:39,628 | INFO | Finetune Epoch 11/29
2026-01-28 02:46:39,628 | INFO | ============================================================
2026-01-28 05:16:31,941 | INFO | Epoch 11: avg_loss=0.353923, lr=3.50e-05
2026-01-28 05:16:31,943 | INFO | Validation: loss=0.102759, auprc=0.829161, auroc=0.978529
2026-01-28 05:16:32,239 | INFO | Saved best finetune checkpoint: models/v3/finetune/20260127_025404/best_model.pth (auprc=0.829161)
2026-01-28 05:16:32,240 | INFO | 
============================================================
2026-01-28 05:16:32,240 | INFO | Finetune Epoch 12/29
2026-01-28 05:16:32,240 | INFO | ============================================================
2026-01-28 07:46:44,804 | INFO | Epoch 12: avg_loss=0.337671, lr=3.50e-05
2026-01-28 07:46:44,805 | INFO | Validation: loss=0.093762, auprc=0.834988, auroc=0.978876
2026-01-28 07:46:45,125 | INFO | Saved best finetune checkpoint: models/v3/finetune/20260127_025404/best_model.pth (auprc=0.834988)
2026-01-28 07:46:45,126 | INFO | 
============================================================
2026-01-28 07:46:45,126 | INFO | Finetune Epoch 13/29
2026-01-28 07:46:45,126 | INFO | ============================================================
2026-01-28 10:16:46,614 | INFO | Epoch 13: avg_loss=0.320612, lr=3.49e-05
2026-01-28 10:16:46,615 | INFO | Validation: loss=0.088840, auprc=0.850125, auroc=0.984843
2026-01-28 10:16:46,914 | INFO | Saved best finetune checkpoint: models/v3/finetune/20260127_025404/best_model.pth (auprc=0.850125)
2026-01-28 10:16:46,914 | INFO | 
============================================================
2026-01-28 10:16:46,914 | INFO | Finetune Epoch 14/29
2026-01-28 10:16:46,914 | INFO | ============================================================
2026-01-28 12:46:38,106 | INFO | Epoch 14: avg_loss=0.308665, lr=3.49e-05
2026-01-28 12:46:38,108 | INFO | Validation: loss=0.083833, auprc=0.853925, auroc=0.984440
2026-01-28 12:46:38,420 | INFO | Saved best finetune checkpoint: models/v3/finetune/20260127_025404/best_model.pth (auprc=0.853925)
2026-01-28 12:46:38,421 | INFO | 
============================================================
2026-01-28 12:46:38,421 | INFO | Finetune Epoch 15/29
2026-01-28 12:46:38,421 | INFO | ============================================================
2026-01-28 15:16:35,294 | INFO | Epoch 15: avg_loss=0.297957, lr=3.48e-05
2026-01-28 15:16:35,295 | INFO | Validation: loss=0.076909, auprc=0.858196, auroc=0.970494
2026-01-28 15:16:35,610 | INFO | Saved best finetune checkpoint: models/v3/finetune/20260127_025404/best_model.pth (auprc=0.858196)
2026-01-28 15:16:35,610 | INFO | 
============================================================
2026-01-28 15:16:35,610 | INFO | Finetune Epoch 16/29
2026-01-28 15:16:35,610 | INFO | ============================================================
2026-01-28 17:46:14,071 | INFO | Epoch 16: avg_loss=0.293287, lr=3.47e-05
2026-01-28 17:46:14,072 | INFO | Validation: loss=0.075303, auprc=0.851880, auroc=0.951493
2026-01-28 17:46:14,089 | INFO | 
============================================================
2026-01-28 17:46:14,089 | INFO | Finetune Epoch 17/29
2026-01-28 17:46:14,089 | INFO | ============================================================
2026-01-28 20:16:05,919 | INFO | Epoch 17: avg_loss=0.280587, lr=3.45e-05
2026-01-28 20:16:05,922 | INFO | Validation: loss=0.069819, auprc=0.848019, auroc=0.982937
2026-01-28 20:16:05,934 | INFO | 
============================================================
2026-01-28 20:16:05,934 | INFO | Finetune Epoch 18/29
2026-01-28 20:16:05,934 | INFO | ============================================================
2026-01-28 22:46:37,380 | INFO | Epoch 18: avg_loss=0.268008, lr=3.44e-05
2026-01-28 22:46:37,383 | INFO | Validation: loss=0.068542, auprc=0.855134, auroc=0.971056
2026-01-28 22:46:37,402 | INFO | 
============================================================
2026-01-28 22:46:37,402 | INFO | Finetune Epoch 19/29
2026-01-28 22:46:37,402 | INFO | ============================================================
2026-01-29 01:17:03,578 | INFO | Epoch 19: avg_loss=0.253393, lr=3.42e-05
2026-01-29 01:17:03,579 | INFO | Validation: loss=0.065334, auprc=0.861086, auroc=0.957471
2026-01-29 01:17:03,909 | INFO | Saved best finetune checkpoint: models/v3/finetune/20260127_025404/best_model.pth (auprc=0.861086)
2026-01-29 01:17:03,910 | INFO | 
============================================================
2026-01-29 01:17:03,910 | INFO | Finetune Epoch 20/29
2026-01-29 01:17:03,910 | INFO | ============================================================
2026-01-29 03:47:16,247 | INFO | Epoch 20: avg_loss=0.250989, lr=3.39e-05
2026-01-29 03:47:16,247 | INFO | Validation: loss=0.064083, auprc=0.860337, auroc=0.978816
2026-01-29 03:47:16,270 | INFO | 
============================================================
2026-01-29 03:47:16,270 | INFO | Finetune Epoch 21/29
2026-01-29 03:47:16,270 | INFO | ============================================================
2026-01-29 06:16:58,624 | INFO | Epoch 21: avg_loss=0.237551, lr=3.37e-05
2026-01-29 06:16:58,625 | INFO | Validation: loss=0.064661, auprc=0.856573, auroc=0.982330
2026-01-29 06:16:58,647 | INFO | 
============================================================
2026-01-29 06:16:58,647 | INFO | Finetune Epoch 22/29
2026-01-29 06:16:58,647 | INFO | ============================================================
2026-01-29 08:46:44,733 | INFO | Epoch 22: avg_loss=0.229621, lr=3.34e-05
2026-01-29 08:46:44,733 | INFO | Validation: loss=0.060154, auprc=0.855244, auroc=0.952636
2026-01-29 08:46:44,749 | INFO | 
============================================================
2026-01-29 08:46:44,750 | INFO | Finetune Epoch 23/29
2026-01-29 08:46:44,750 | INFO | ============================================================
2026-01-29 11:17:14,817 | INFO | Epoch 23: avg_loss=0.225228, lr=3.31e-05
2026-01-29 11:17:14,818 | INFO | Validation: loss=0.058591, auprc=0.864546, auroc=0.986078
2026-01-29 11:17:15,120 | INFO | Saved best finetune checkpoint: models/v3/finetune/20260127_025404/best_model.pth (auprc=0.864546)
2026-01-29 11:17:15,121 | INFO | 
============================================================
2026-01-29 11:17:15,121 | INFO | Finetune Epoch 24/29
2026-01-29 11:17:15,121 | INFO | ============================================================
2026-01-29 13:46:53,370 | INFO | Epoch 24: avg_loss=0.216909, lr=3.28e-05
2026-01-29 13:46:53,370 | INFO | Validation: loss=0.060212, auprc=0.850753, auroc=0.951986
2026-01-29 13:46:53,381 | INFO | 
============================================================
2026-01-29 13:46:53,381 | INFO | Finetune Epoch 25/29
2026-01-29 13:46:53,381 | INFO | ============================================================
2026-01-29 16:16:52,031 | INFO | Epoch 25: avg_loss=0.213475, lr=3.25e-05
2026-01-29 16:16:52,039 | INFO | Validation: loss=0.056616, auprc=0.849019, auroc=0.956386
2026-01-29 16:16:52,053 | INFO | 
============================================================
2026-01-29 16:16:52,053 | INFO | Finetune Epoch 26/29
2026-01-29 16:16:52,053 | INFO | ============================================================
2026-01-29 18:47:02,907 | INFO | Epoch 26: avg_loss=0.211796, lr=3.21e-05
2026-01-29 18:47:02,908 | INFO | Validation: loss=0.055787, auprc=0.851307, auroc=0.964957
2026-01-29 18:47:02,921 | INFO | 
============================================================
2026-01-29 18:47:02,921 | INFO | Finetune Epoch 27/29
2026-01-29 18:47:02,921 | INFO | ============================================================
2026-01-29 21:17:22,808 | INFO | Epoch 27: avg_loss=0.203875, lr=3.17e-05
2026-01-29 21:17:22,809 | INFO | Validation: loss=0.055599, auprc=0.855602, auroc=0.982841
2026-01-29 21:17:22,831 | INFO | 
============================================================
2026-01-29 21:17:22,831 | INFO | Finetune Epoch 28/29
2026-01-29 21:17:22,831 | INFO | ============================================================
2026-01-29 23:47:06,005 | INFO | Epoch 28: avg_loss=0.195701, lr=3.13e-05
2026-01-29 23:47:06,006 | INFO | Validation: loss=0.053630, auprc=0.862770, auroc=0.982053
2026-01-29 23:47:06,024 | INFO | Early stopping triggered at epoch 28 (no improvement in auprc for 5 epochs)
2026-01-29 23:47:06,024 | INFO | Finetune completed. Best auprc: 0.864546
2026-01-29 23:47:06,063 | INFO | DDP cleaned up successfully
2026-01-29 23:47:06,063 | INFO | Pipeline execution completed successfully
2026-01-29 23:47:06,279 | INFO | DDP cleaned up successfully
2026-01-29 23:47:06,280 | INFO | Pipeline execution completed successfully
2026-01-29 23:47:06,319 | INFO | DDP cleaned up successfully
2026-01-29 23:47:06,320 | INFO | Pipeline execution completed successfully
2026-01-29 23:47:06,487 | INFO | DDP cleaned up successfully
2026-01-29 23:47:06,487 | INFO | Pipeline execution completed successfully
