2025-12-13 02:50:58,936 | INFO | ================================================================================
2025-12-13 02:50:58,936 | INFO | Starting pretrain stage for model 'v5' with run_id '20251213_025058'
2025-12-13 02:50:58,936 | INFO | Logs will be written to: logs/v5/pretrain/20251213_025058/log.log
2025-12-13 02:50:58,936 | INFO | ================================================================================
2025-12-13 02:50:58,936 | INFO | Trainable parameters: 6,701,825
2025-12-13 02:50:58,937 | INFO | Building dataloaders for pretrain stage
2025-12-13 02:50:58,937 | INFO | ================================================================================
2025-12-13 02:50:58,937 | INFO | ================================================================================
2025-12-13 02:50:58,937 | INFO | Starting pretrain stage for model 'v5' with run_id '20251213_025058'
2025-12-13 02:50:58,937 | INFO | Starting pretrain stage for model 'v5' with run_id '20251213_025058'
2025-12-13 02:50:58,937 | INFO | Logs will be written to: logs/v5/pretrain/20251213_025058/log.log
2025-12-13 02:50:58,937 | INFO | Logs will be written to: logs/v5/pretrain/20251213_025058/log.log
2025-12-13 02:50:58,937 | INFO | ================================================================================
2025-12-13 02:50:58,937 | INFO | ================================================================================
2025-12-13 02:50:58,937 | INFO | Trainable parameters: 6,701,825
2025-12-13 02:50:58,937 | INFO | Trainable parameters: 6,701,825
2025-12-13 02:50:58,937 | INFO | ================================================================================
2025-12-13 02:50:58,937 | INFO | Building dataloaders for pretrain stage
2025-12-13 02:50:58,937 | INFO | Building dataloaders for pretrain stage
2025-12-13 02:50:58,937 | INFO | Starting pretrain stage for model 'v5' with run_id '20251213_025058'
2025-12-13 02:50:58,937 | INFO | Logs will be written to: logs/v5/pretrain/20251213_025058/log.log
2025-12-13 02:50:58,937 | INFO | ================================================================================
2025-12-13 02:50:58,937 | INFO | Trainable parameters: 6,701,825
2025-12-13 02:50:58,937 | INFO | Building dataloaders for pretrain stage
2025-12-13 02:50:58,940 | INFO | Loading embeddings from data/TMP/processed/TMP_embeddings.npz (this may take a while...)
2025-12-13 02:53:13,550 | INFO | Memory-mapped structured .npz format: 21391 proteins (embeddings stay on disk, loaded on-demand)
2025-12-13 02:53:13,551 | INFO | Loaded 21391 protein embeddings
2025-12-13 02:53:14,266 | INFO | Dataset: 1367504 pairs (683752 pos, 683752 neg)
2025-12-13 02:53:14,267 | INFO | DataLoader built for pretrain_train_balanced.csv: num_workers=0, pin_memory=False, prefetch_factor=None, persistent_workers=False, sampler=DistributedSampler
2025-12-13 02:53:14,326 | INFO | Dataset: 71974 pairs (35987 pos, 35987 neg)
2025-12-13 02:53:14,327 | INFO | DataLoader built for pretrain_val_balanced.csv: num_workers=0, pin_memory=False, prefetch_factor=None, persistent_workers=False, sampler=DistributedSampler
2025-12-13 02:53:14,327 | INFO | Starting pretrain for 40 epochs
2025-12-13 02:53:14,327 | INFO | Monitor metric: auprc, Patience: 5
2025-12-13 02:53:14,333 | INFO | 
============================================================
2025-12-13 02:53:14,333 | INFO | Pretrain Epoch 0/39
2025-12-13 02:53:14,333 | INFO | ============================================================
2025-12-13 09:19:15,483 | INFO | Epoch 0: avg_loss=0.594569, lr=3.83e-06
2025-12-13 09:19:15,484 | INFO | Validation metrics: val_loss=0.641547, val_auprc=0.738353, val_auroc=0.726093
2025-12-13 09:19:15,718 | INFO | Saved best pretrain checkpoint: models/v5/pretrain/20251213_025058/best_model.pth (auprc=0.738353)
2025-12-13 09:19:15,718 | INFO | 
============================================================
2025-12-13 09:19:15,718 | INFO | Pretrain Epoch 1/39
2025-12-13 09:19:15,718 | INFO | ============================================================
2025-12-13 15:54:23,138 | INFO | Epoch 1: avg_loss=0.460499, lr=9.03e-06
2025-12-13 15:54:23,140 | INFO | Validation metrics: val_loss=0.551036, val_auprc=0.834935, val_auroc=0.830350
2025-12-13 15:54:23,389 | INFO | Saved best pretrain checkpoint: models/v5/pretrain/20251213_025058/best_model.pth (auprc=0.834935)
2025-12-13 15:54:23,389 | INFO | 
============================================================
2025-12-13 15:54:23,389 | INFO | Pretrain Epoch 2/39
2025-12-13 15:54:23,389 | INFO | ============================================================
2025-12-13 22:28:29,482 | INFO | Epoch 2: avg_loss=0.353248, lr=1.68e-05
2025-12-13 22:28:29,483 | INFO | Validation metrics: val_loss=0.455469, val_auprc=0.887008, val_auroc=0.884725
2025-12-13 22:28:29,725 | INFO | Saved best pretrain checkpoint: models/v5/pretrain/20251213_025058/best_model.pth (auprc=0.887008)
2025-12-13 22:28:29,725 | INFO | 
============================================================
2025-12-13 22:28:29,725 | INFO | Pretrain Epoch 3/39
2025-12-13 22:28:29,725 | INFO | ============================================================
2025-12-14 05:01:42,852 | INFO | Epoch 3: avg_loss=0.289874, lr=2.60e-05
2025-12-14 05:01:42,854 | INFO | Validation metrics: val_loss=0.405400, val_auprc=0.915911, val_auroc=0.912288
2025-12-14 05:01:43,099 | INFO | Saved best pretrain checkpoint: models/v5/pretrain/20251213_025058/best_model.pth (auprc=0.915911)
2025-12-14 05:01:43,099 | INFO | 
============================================================
2025-12-14 05:01:43,099 | INFO | Pretrain Epoch 4/39
2025-12-14 05:01:43,099 | INFO | ============================================================
2025-12-14 11:35:15,180 | INFO | Epoch 4: avg_loss=0.255887, lr=3.52e-05
2025-12-14 11:35:15,180 | INFO | Validation metrics: val_loss=0.386624, val_auprc=0.930584, val_auroc=0.925986
2025-12-14 11:35:15,430 | INFO | Saved best pretrain checkpoint: models/v5/pretrain/20251213_025058/best_model.pth (auprc=0.930584)
2025-12-14 11:35:15,430 | INFO | 
============================================================
2025-12-14 11:35:15,431 | INFO | Pretrain Epoch 5/39
2025-12-14 11:35:15,431 | INFO | ============================================================
2025-12-14 18:09:29,059 | INFO | Epoch 5: avg_loss=0.232417, lr=4.30e-05
2025-12-14 18:09:29,060 | INFO | Validation metrics: val_loss=0.354793, val_auprc=0.939667, val_auroc=0.934517
2025-12-14 18:09:29,296 | INFO | Saved best pretrain checkpoint: models/v5/pretrain/20251213_025058/best_model.pth (auprc=0.939667)
2025-12-14 18:09:29,297 | INFO | 
============================================================
2025-12-14 18:09:29,297 | INFO | Pretrain Epoch 6/39
2025-12-14 18:09:29,297 | INFO | ============================================================
2025-12-15 00:42:32,022 | INFO | Epoch 6: avg_loss=0.215860, lr=4.82e-05
2025-12-15 00:42:32,025 | INFO | Validation metrics: val_loss=0.334775, val_auprc=0.947853, val_auroc=0.942791
2025-12-15 00:42:32,261 | INFO | Saved best pretrain checkpoint: models/v5/pretrain/20251213_025058/best_model.pth (auprc=0.947853)
2025-12-15 00:42:32,261 | INFO | 
============================================================
2025-12-15 00:42:32,261 | INFO | Pretrain Epoch 7/39
2025-12-15 00:42:32,261 | INFO | ============================================================
2025-12-15 07:15:30,949 | INFO | Epoch 7: avg_loss=0.201168, lr=5.00e-05
2025-12-15 07:15:30,949 | INFO | Validation metrics: val_loss=0.332018, val_auprc=0.951355, val_auroc=0.946491
2025-12-15 07:15:31,180 | INFO | Saved best pretrain checkpoint: models/v5/pretrain/20251213_025058/best_model.pth (auprc=0.951355)
2025-12-15 07:15:31,180 | INFO | 
============================================================
2025-12-15 07:15:31,180 | INFO | Pretrain Epoch 8/39
2025-12-15 07:15:31,180 | INFO | ============================================================
2025-12-15 13:39:21,928 | INFO | Epoch 8: avg_loss=0.187470, lr=4.99e-05
2025-12-15 13:39:21,930 | INFO | Validation metrics: val_loss=0.328890, val_auprc=0.955927, val_auroc=0.951220
2025-12-15 13:39:22,170 | INFO | Saved best pretrain checkpoint: models/v5/pretrain/20251213_025058/best_model.pth (auprc=0.955927)
2025-12-15 13:39:22,170 | INFO | 
============================================================
2025-12-15 13:39:22,170 | INFO | Pretrain Epoch 9/39
2025-12-15 13:39:22,170 | INFO | ============================================================
2025-12-15 20:06:24,707 | INFO | Epoch 9: avg_loss=0.175943, lr=4.95e-05
2025-12-15 20:06:24,708 | INFO | Validation metrics: val_loss=0.319354, val_auprc=0.957783, val_auroc=0.953687
2025-12-15 20:06:24,929 | INFO | Saved best pretrain checkpoint: models/v5/pretrain/20251213_025058/best_model.pth (auprc=0.957783)
2025-12-15 20:06:24,929 | INFO | 
============================================================
2025-12-15 20:06:24,929 | INFO | Pretrain Epoch 10/39
2025-12-15 20:06:24,929 | INFO | ============================================================
2025-12-16 02:30:52,084 | INFO | Epoch 10: avg_loss=0.165948, lr=4.89e-05
2025-12-16 02:30:52,086 | INFO | Validation metrics: val_loss=0.301890, val_auprc=0.959671, val_auroc=0.955896
2025-12-16 02:30:52,305 | INFO | Saved best pretrain checkpoint: models/v5/pretrain/20251213_025058/best_model.pth (auprc=0.959671)
2025-12-16 02:30:52,306 | INFO | 
============================================================
2025-12-16 02:30:52,306 | INFO | Pretrain Epoch 11/39
2025-12-16 02:30:52,306 | INFO | ============================================================
2025-12-16 08:53:59,576 | INFO | Epoch 11: avg_loss=0.157679, lr=4.81e-05
2025-12-16 08:53:59,578 | INFO | Validation metrics: val_loss=0.315737, val_auprc=0.960993, val_auroc=0.957340
2025-12-16 08:53:59,815 | INFO | Saved best pretrain checkpoint: models/v5/pretrain/20251213_025058/best_model.pth (auprc=0.960993)
2025-12-16 08:53:59,815 | INFO | 
============================================================
2025-12-16 08:53:59,815 | INFO | Pretrain Epoch 12/39
2025-12-16 08:53:59,815 | INFO | ============================================================
2025-12-16 15:18:14,546 | INFO | Epoch 12: avg_loss=0.149639, lr=4.70e-05
2025-12-16 15:18:14,547 | INFO | Validation metrics: val_loss=0.298243, val_auprc=0.961520, val_auroc=0.958732
2025-12-16 15:18:14,797 | INFO | Saved best pretrain checkpoint: models/v5/pretrain/20251213_025058/best_model.pth (auprc=0.961520)
2025-12-16 15:18:14,797 | INFO | 
============================================================
2025-12-16 15:18:14,797 | INFO | Pretrain Epoch 13/39
2025-12-16 15:18:14,797 | INFO | ============================================================
2025-12-16 21:42:29,244 | INFO | Epoch 13: avg_loss=0.141917, lr=4.58e-05
2025-12-16 21:42:29,245 | INFO | Validation metrics: val_loss=0.296775, val_auprc=0.962293, val_auroc=0.959277
2025-12-16 21:42:29,499 | INFO | Saved best pretrain checkpoint: models/v5/pretrain/20251213_025058/best_model.pth (auprc=0.962293)
2025-12-16 21:42:29,499 | INFO | 
============================================================
2025-12-16 21:42:29,499 | INFO | Pretrain Epoch 14/39
2025-12-16 21:42:29,499 | INFO | ============================================================
