2025-12-09 22:45:36,131 | INFO | ================================================================================
2025-12-09 22:45:36,131 | INFO | Starting ML training for model 'xgboost' with run_id '20251209_224536'
2025-12-09 22:45:36,132 | INFO | Logs will be written to: logs/ml/xgboost/20251209_224536/log.log
2025-12-09 22:45:36,132 | INFO | ================================================================================
2025-12-09 22:45:36,132 | INFO | Loading training data...
2025-12-09 22:45:36,134 | INFO | Loading ML embeddings from data/TMP/processed/TMP_embeddings.npz...
2025-12-09 22:47:46,302 | INFO | Loaded 21391 protein embeddings
2025-12-09 22:47:46,489 | INFO | Loading ML features: 511104 pairs, feature_dim=3072
2025-12-09 22:48:16,019 | INFO | Class distribution: 58989 positive, 452115 negative
2025-12-09 22:48:16,024 | INFO | Loading validation data...
2025-12-09 22:48:16,061 | INFO | Loading ML features: 56791 pairs, feature_dim=3072
2025-12-09 22:48:19,446 | INFO | Class distribution: 6555 positive, 50236 negative
2025-12-09 22:48:19,447 | INFO | Loading test data...
2025-12-09 22:48:19,516 | INFO | Loading ML features: 188697 pairs, feature_dim=3072
2025-12-09 22:48:30,663 | INFO | Class distribution: 4788 positive, 183909 negative
2025-12-09 22:48:30,666 | INFO | Data loaded: train=511104, val=56791, test=188697
2025-12-09 22:48:30,667 | INFO | Auto-set scale_pos_weight: 7.66
2025-12-09 22:48:30,668 | INFO | Building model: xgboost
2025-12-09 22:48:30,668 | INFO | Model params: {'n_estimators': 300, 'max_depth': 8, 'learning_rate': 0.1, 'subsample': 0.8, 'colsample_bytree': 0.8, 'min_child_weight': 1, 'gamma': 0.0, 'reg_alpha': 0.0, 'reg_lambda': 1.0, 'scale_pos_weight': 7.664395056705487, 'n_jobs': -1, 'verbosity': 1, 'early_stopping_rounds': 10, 'random_state': 47}
2025-12-09 22:48:30,668 | INFO | Starting training...
2025-12-09 22:48:30,668 | INFO | Training XGBoost on 511104 samples, 3072 features
2025-12-09 22:57:15,560 | INFO | XGBoost training complete
2025-12-09 22:57:15,591 | INFO | Model saved to: models/ml/xgboost/20251209_224536/xgboost_model.joblib
2025-12-09 22:57:15,592 | INFO | Evaluating on validation: 56791 samples
2025-12-09 22:57:16,022 | INFO | validation results:
2025-12-09 22:57:16,022 | INFO |   auroc: 0.9634
2025-12-09 22:57:16,022 | INFO |   auprc: 0.8786
2025-12-09 22:57:16,022 | INFO |   accuracy: 0.9420
2025-12-09 22:57:16,022 | INFO |   precision: 0.7118
2025-12-09 22:57:16,022 | INFO |   recall: 0.8357
2025-12-09 22:57:16,022 | INFO |   sensitivity: 0.8357
2025-12-09 22:57:16,022 | INFO |   specificity: 0.9558
2025-12-09 22:57:16,023 | INFO |   f1: 0.7688
2025-12-09 22:57:16,023 | INFO |   mcc: 0.7390
2025-12-09 22:57:16,023 | INFO | Evaluating on test: 188697 samples
2025-12-09 22:57:17,206 | INFO | test results:
2025-12-09 22:57:17,206 | INFO |   auroc: 0.7996
2025-12-09 22:57:17,206 | INFO |   auprc: 0.1963
2025-12-09 22:57:17,206 | INFO |   accuracy: 0.7792
2025-12-09 22:57:17,206 | INFO |   precision: 0.0758
2025-12-09 22:57:17,206 | INFO |   recall: 0.6878
2025-12-09 22:57:17,206 | INFO |   sensitivity: 0.6878
2025-12-09 22:57:17,206 | INFO |   specificity: 0.7816
2025-12-09 22:57:17,206 | INFO |   f1: 0.1365
2025-12-09 22:57:17,206 | INFO |   mcc: 0.1753
2025-12-09 22:57:17,207 | INFO | Evaluating on train: 511104 samples
2025-12-09 22:57:20,303 | INFO | train results:
2025-12-09 22:57:20,303 | INFO |   auroc: 0.9923
2025-12-09 22:57:20,304 | INFO |   auprc: 0.9561
2025-12-09 22:57:20,304 | INFO |   accuracy: 0.9616
2025-12-09 22:57:20,304 | INFO |   precision: 0.7754
2025-12-09 22:57:20,304 | INFO |   recall: 0.9399
2025-12-09 22:57:20,304 | INFO |   sensitivity: 0.9399
2025-12-09 22:57:20,304 | INFO |   specificity: 0.9645
2025-12-09 22:57:20,304 | INFO |   f1: 0.8498
2025-12-09 22:57:20,304 | INFO |   mcc: 0.8331
2025-12-09 22:57:20,317 | INFO | Results saved to: logs/ml/xgboost/20251209_224536/evaluation_results.csv
2025-12-09 22:57:20,322 | INFO | Full results saved to: logs/ml/xgboost/20251209_224536/results.json
2025-12-09 22:57:20,322 | INFO | ML pipeline completed successfully
