2026-02-27 16:15:54 INFO Startup | Rank: 0 | Run Id: 20260216_170130 | Seed: 47 | Stages: finetune,evaluate | World Size: 4
2026-02-27 16:15:54 INFO Device | Resolved Device: cuda:0
2026-02-27 16:17:55 INFO DDP Ready | Wrapped: True
2026-03-03 16:25:01 INFO Startup | Rank: 0 | Run Id: 20260216_170130 | Seed: 47 | Stages: evaluate | World Size: 4
2026-03-03 16:25:01 INFO Device | Resolved Device: cuda:0
2026-03-03 16:27:02 INFO Model Init | Model: v5 | Params: 2297601
2026-03-03 16:27:06 INFO DDP Ready | Wrapped: True
2026-03-03 16:27:13 INFO Data Ready | Test: 188697 | Train: 1367504 | Valid: 71974
2026-03-03 16:27:13 INFO Begin Evaluation
2026-03-03 17:16:27 INFO Source Evaluation Metrics | Accuracy: 0.7440 | AUPRC: 0.0705 | Auroc: 0.7643 | F1: 0.1191 | Mcc: 0.1524 | Precision: 0.0653 | Recall: 0.6821 | Sensitivity: 0.6821 | Specificity: 0.7456
2026-03-03 17:16:27 INFO Shot Start | Beta: 0.3000 | Epochs: 15 | LR: 0.0005
2026-03-03 19:09:45 INFO SHOT Epoch | align=0.1495891373497697 | ema_pos=0.017549889162182808 | entropy=0.12337268278536007 | epoch=1 | loss=0.5701375737409721 | lr=0.00034086580994024983 | pseudo_ce=0.9905858042706711 | selected=0.5676836371421814
2026-03-03 21:02:53 INFO SHOT Epoch | align=0.07337306187888278 | ema_pos=0.020713862031698227 | entropy=0.0947628066049866 | epoch=2 | loss=0.30415638961438773 | lr=0.000264842339361953 | pseudo_ce=0.45340171895311193 | selected=0.8176836371421814
2026-03-03 22:56:22 INFO SHOT Epoch | align=0.05461243022209589 | ema_pos=0.022956058382987976 | entropy=0.0728860923191444 | epoch=3 | loss=0.20950015630191407 | lr=0.0002193456688254154 | pseudo_ce=0.2733387682625055 | selected=0.8875721096992493
2026-03-04 00:49:45 INFO SHOT Epoch | align=0.05049475218526367 | ema_pos=0.024820545688271523 | entropy=0.061893556932975595 | epoch=4 | loss=0.16960647497629416 | lr=0.00018869762389512346 | pseudo_ce=0.19072721167050524 | selected=0.941204845905304
2026-03-04 02:43:30 INFO SHOT Epoch | align=0.04495686207310132 | ema_pos=0.026338182389736176 | entropy=0.05381660952625778 | epoch=5 | loss=0.1351553407425675 | lr=0.00016647668953512012 | pseudo_ce=0.12127289265474611 | selected=0.9536709189414978
2026-03-04 04:36:50 INFO SHOT Epoch | align=0.04270069102311612 | ema_pos=0.027619516476988792 | entropy=0.048364304562745014 | epoch=6 | loss=0.1136810448080089 | lr=0.00014953487812212205 | pseudo_ce=0.07538682764309668 | selected=0.9688560366630554
2026-03-04 06:30:27 INFO SHOT Epoch | align=0.04287195998665184 | ema_pos=0.02887713722884655 | entropy=0.04641835422544478 | epoch=7 | loss=0.10780061350243224 | lr=0.00013613639762823993 | pseudo_ce=0.061700995272803254 | selected=0.9773098230361938
2026-03-04 08:22:58 INFO SHOT Epoch | align=0.04428403819566438 | ema_pos=0.030178522691130638 | entropy=0.04581711010936663 | epoch=8 | loss=0.10827786806816668 | lr=0.0001252407744978563 | pseudo_ce=0.06058906341312621 | selected=0.984009325504303
2026-03-04 10:17:12 INFO SHOT Epoch | align=0.043277299103012444 | ema_pos=0.03145654499530792 | entropy=0.04512938396408749 | epoch=9 | loss=0.10474410947295995 | lr=0.00011618404012127041 | pseudo_ce=0.05445808569751895 | selected=0.9824775457382202
2026-03-04 12:11:00 INFO SHOT Epoch | align=0.04035106252383033 | ema_pos=0.03262421488761902 | entropy=0.04326069113334674 | epoch=10 | loss=0.09511065522203756 | lr=0.00010852132017398014 | pseudo_ce=0.038329670475347265 | selected=0.9861134886741638
2026-03-04 14:04:24 INFO SHOT Epoch | align=0.04194316688804368 | ema_pos=0.03385065868496895 | entropy=0.042951918800400626 | epoch=11 | loss=0.09627387804715935 | lr=0.00010194265469082737 | pseudo_ce=0.03792930653142955 | selected=0.9900674223899841
2026-03-04 15:58:45 INFO SHOT Epoch | align=0.039559406075876914 | ema_pos=0.03504062071442604 | entropy=0.04255018727992898 | epoch=12 | loss=0.09226686891049571 | lr=9.622504486493763e-05 | pseudo_ce=0.0338575840086769 | selected=0.9901098608970642
2026-03-04 17:52:12 INFO SHOT Epoch | align=0.03800320532784513 | ema_pos=0.03619181737303734 | entropy=0.041802901435350266 | epoch=13 | loss=0.08806466071309176 | lr=9.120369781116973e-05 | pseudo_ce=0.027528512059371943 | selected=0.9901840090751648
2026-03-04 19:46:00 INFO SHOT Epoch | align=0.0378508406453284 | ema_pos=0.03733488544821739 | entropy=0.04135224798989951 | epoch=14 | loss=0.08630200225816916 | lr=8.67540333382994e-05 | pseudo_ce=0.023663044449468262 | selected=0.9917476177215576
2026-03-04 21:39:20 INFO SHOT Epoch | align=0.037325468483627326 | ema_pos=0.03846418485045433 | entropy=0.04097502400310081 | epoch=15 | loss=0.0844453843323112 | lr=8.278001303808509e-05 | pseudo_ce=0.020482971892179416 | selected=0.9929507374763489
2026-03-04 21:39:20 INFO Shot Checkpoint Saved | Path: models/v5/evaluate/20260216_170130/shot_adapted_model.pth
2026-03-04 21:39:20 INFO Stage Start | Checkpoint: models/v5/evaluate/20260216_170130/shot_adapted_model.pth | Run Id: 20260216_170130
2026-03-04 21:39:20 INFO Checkpoint Loaded | Path: models/v5/evaluate/20260216_170130/shot_adapted_model.pth
2026-03-04 22:28:26 INFO Evaluation Metrics | Accuracy: 0.8870 | AUPRC: 0.0283 | Auroc: 0.5740 | F1: 0.0228 | Mcc: -0.0215 | Precision: 0.0146 | Recall: 0.0520 | Sensitivity: 0.0520 | Specificity: 0.9088 | Split: test
2026-03-04 22:28:26 INFO CSV Written | Path: logs/v5/evaluate/20260216_170130/evaluate.csv
2026-03-04 22:28:26 INFO Stage Done | Run Id: 20260216_170130
2026-03-04 22:29:28 INFO Compare CSV Written | Path: logs/v5/evaluate/20260216_170130/evaluate_compare.csv
2026-03-04 22:29:28 INFO End Evaluation
