Loaded 12915 existing IDs from NPZ
Found 8475 proteins missing embeddings
Wrote 8475 proteins to /public/home/wangar2023/DIPPI-DNN-based-Interaction-Predictor-for-Protein-Protein-Interactions/data/TMP/processed/_missing_proteins.csv
Processing 8475 sequences...
Loading model esm3_sm_open_v1 on cuda...
Processed 10/8475...
Processed 20/8475...
Processed 30/8475...
Processed 40/8475...
Processed 50/8475...
Processed 60/8475...
Processed 70/8475...
Processed 80/8475...
Processed 90/8475...
Processed 100/8475...
Processed 110/8475...
Processed 120/8475...
Processed 130/8475...
Processed 140/8475...
Processed 150/8475...
Processed 160/8475...
Processed 170/8475...
Processed 180/8475...
Processed 190/8475...
Processed 200/8475...
Processed 210/8475...
Processed 220/8475...
Processed 230/8475...
Processed 240/8475...
Processed 250/8475...
Processed 260/8475...
Processed 270/8475...
Processed 280/8475...
Processed 290/8475...
Processed 300/8475...
Processed 310/8475...
Processed 320/8475...
Processed 330/8475...
Processed 340/8475...
Processed 350/8475...
Processed 360/8475...
Processed 370/8475...
Processed 380/8475...
Processed 390/8475...
Processed 400/8475...
Processed 410/8475...
Processed 420/8475...
Processed 430/8475...
Processed 440/8475...
Processed 450/8475...
Processed 460/8475...
Processed 470/8475...
Processed 480/8475...
Processed 490/8475...
Processed 500/8475...
Processed 510/8475...
Processed 520/8475...
Processed 530/8475...
Processed 540/8475...
Processed 550/8475...
Processed 560/8475...
Processed 570/8475...
Processed 580/8475...
Processed 590/8475...
Processed 600/8475...
Processed 610/8475...
Processed 620/8475...
Processed 630/8475...
Processed 640/8475...
Processed 650/8475...
Processed 660/8475...
Processed 670/8475...
Processed 680/8475...
Processed 690/8475...
Processed 700/8475...
Processed 710/8475...
Processed 720/8475...
Processed 730/8475...
Processed 740/8475...
Processed 750/8475...
Processed 760/8475...
Processed 770/8475...
Processed 780/8475...
Processed 790/8475...
Processed 800/8475...
Processed 810/8475...
Processed 820/8475...
Processed 830/8475...
Processed 840/8475...
Processed 850/8475...
Processed 860/8475...
Processed 870/8475...
Processed 880/8475...
Processed 890/8475...
Processed 900/8475...
Processed 910/8475...
Processed 920/8475...
Processed 930/8475...
Processed 940/8475...
Processed 950/8475...
Processed 960/8475...
Processed 970/8475...
Processed 980/8475...
Processed 990/8475...
Processed 1000/8475...
Processed 1010/8475...
Processed 1020/8475...
Processed 1030/8475...
Processed 1040/8475...
Processed 1050/8475...
Processed 1060/8475...
Processed 1070/8475...
Processed 1080/8475...
Processed 1090/8475...
Processed 1100/8475...
Processed 1110/8475...
Processed 1120/8475...
Processed 1130/8475...
Processed 1140/8475...
Processed 1150/8475...
Processed 1160/8475...
Processed 1170/8475...
Processed 1180/8475...
Processed 1190/8475...
Processed 1200/8475...
Processed 1210/8475...
Processed 1220/8475...
Processed 1230/8475...
Processed 1240/8475...
Processed 1250/8475...
Processed 1260/8475...
Processed 1270/8475...
Processed 1280/8475...
Processed 1290/8475...
Processed 1300/8475...
Processed 1310/8475...
Processed 1320/8475...
Processed 1330/8475...
Processed 1340/8475...
Processed 1350/8475...
Processed 1360/8475...
Processed 1370/8475...
Processed 1380/8475...
Processed 1390/8475...
Processed 1400/8475...
Processed 1410/8475...
Processed 1420/8475...
Processed 1430/8475...
Processed 1440/8475...
Processed 1450/8475...
Processed 1460/8475...
Processed 1470/8475...
Processed 1480/8475...
Processed 1490/8475...
Processed 1500/8475...
Processed 1510/8475...
Processed 1520/8475...
Processed 1530/8475...
Processed 1540/8475...
Processed 1550/8475...
Processed 1560/8475...
Processed 1570/8475...
Processed 1580/8475...
Processed 1590/8475...
Processed 1600/8475...
Processed 1610/8475...
Processed 1620/8475...
Processed 1630/8475...
Processed 1640/8475...
Processed 1650/8475...
Processed 1660/8475...
Processed 1670/8475...
Processed 1680/8475...
Processed 1690/8475...
Processed 1700/8475...
Processed 1710/8475...
Processed 1720/8475...
Processed 1730/8475...
Processed 1740/8475...
Processed 1750/8475...
Processed 1760/8475...
Processed 1770/8475...
Processed 1780/8475...
Processed 1790/8475...
Processed 1800/8475...
Processed 1810/8475...
Processed 1820/8475...
Processed 1830/8475...
Processed 1840/8475...
Processed 1850/8475...
Processed 1860/8475...
Processed 1870/8475...
Processed 1880/8475...
Processed 1890/8475...
Processed 1900/8475...
Processed 1910/8475...
Processed 1920/8475...
Processed 1930/8475...
Processed 1940/8475...
Processed 1950/8475...
Processed 1960/8475...
Processed 1970/8475...
Processed 1980/8475...
Processed 1990/8475...
Processed 2000/8475...
Processed 2010/8475...
Processed 2020/8475...
Processed 2030/8475...
Processed 2040/8475...
Processed 2050/8475...
Processed 2060/8475...
Processed 2070/8475...
Processed 2080/8475...
Processed 2090/8475...
Processed 2100/8475...
Processed 2110/8475...
Processed 2120/8475...
Processed 2130/8475...
Processed 2140/8475...
Processed 2150/8475...
Processed 2160/8475...
Processed 2170/8475...
Processed 2180/8475...
Processed 2190/8475...
Processed 2200/8475...
Processed 2210/8475...
Processed 2220/8475...
Processed 2230/8475...
Processed 2240/8475...
Processed 2250/8475...
Processed 2260/8475...
Processed 2270/8475...
Processed 2280/8475...
Processed 2290/8475...
Processed 2300/8475...
Processed 2310/8475...
Processed 2320/8475...
Processed 2330/8475...
Processed 2340/8475...
Processed 2350/8475...
Processed 2360/8475...
Processed 2370/8475...
Processed 2380/8475...
Processed 2390/8475...
Processed 2400/8475...
Processed 2410/8475...
Processed 2420/8475...
Processed 2430/8475...
Processed 2440/8475...
Processed 2450/8475...
Processed 2460/8475...
Processed 2470/8475...
Processed 2480/8475...
Processed 2490/8475...
Processed 2500/8475...
Processed 2510/8475...
Processed 2520/8475...
Processed 2530/8475...
Processed 2540/8475...
Processed 2550/8475...
Processed 2560/8475...
Processed 2570/8475...
Processed 2580/8475...
Processed 2590/8475...
Processed 2600/8475...
Processed 2610/8475...
Processed 2620/8475...
Processed 2630/8475...
Processed 2640/8475...
Processed 2650/8475...
Processed 2660/8475...
Processed 2670/8475...
Processed 2680/8475...
Processed 2690/8475...
Processed 2700/8475...
Processed 2710/8475...
Processed 2720/8475...
Processed 2730/8475...
Processed 2740/8475...
Processed 2750/8475...
Processed 2760/8475...
Processed 2770/8475...
Processed 2780/8475...
Processed 2790/8475...
Processed 2800/8475...
Processed 2810/8475...
Processed 2820/8475...
Processed 2830/8475...
Processed 2840/8475...
Processed 2850/8475...
Processed 2860/8475...
Processed 2870/8475...
Processed 2880/8475...
Processed 2890/8475...
Processed 2900/8475...
Processed 2910/8475...
Processed 2920/8475...
Processed 2930/8475...
Processed 2940/8475...
Processed 2950/8475...
Processed 2960/8475...
Processed 2970/8475...
Processed 2980/8475...
Processed 2990/8475...
Processed 3000/8475...
Processed 3010/8475...
Processed 3020/8475...
Processed 3030/8475...
Processed 3040/8475...
Processed 3050/8475...
Processed 3060/8475...
Processed 3070/8475...
Processed 3080/8475...
Processed 3090/8475...
Processed 3100/8475...
Processed 3110/8475...
Processed 3120/8475...
Processed 3130/8475...
Processed 3140/8475...
Processed 3150/8475...
Processed 3160/8475...
Processed 3170/8475...
Processed 3180/8475...
Processed 3190/8475...
Processed 3200/8475...
Processed 3210/8475...
Processed 3220/8475...
Processed 3230/8475...
Processed 3240/8475...
Processed 3250/8475...
Processed 3260/8475...
Processed 3270/8475...
Processed 3280/8475...
Processed 3290/8475...
Processed 3300/8475...
Processed 3310/8475...
Processed 3320/8475...
Processed 3330/8475...
Processed 3340/8475...
Processed 3350/8475...
Processed 3360/8475...
Processed 3370/8475...
Processed 3380/8475...
Processed 3390/8475...
Processed 3400/8475...
Processed 3410/8475...
Processed 3420/8475...
Processed 3430/8475...
Processed 3440/8475...
Processed 3450/8475...
Processed 3460/8475...
Processed 3470/8475...
Processed 3480/8475...
Processed 3490/8475...
Processed 3500/8475...
Processed 3510/8475...
Processed 3520/8475...
Processed 3530/8475...
Processed 3540/8475...
Processed 3550/8475...
Processed 3560/8475...
Processed 3570/8475...
Processed 3580/8475...
Processed 3590/8475...
Processed 3600/8475...
Processed 3610/8475...
Processed 3620/8475...
Processed 3630/8475...
Processed 3640/8475...
Processed 3650/8475...
Processed 3660/8475...
Processed 3670/8475...
Processed 3680/8475...
Processed 3690/8475...
Processed 3700/8475...
Processed 3710/8475...
Processed 3720/8475...
Processed 3730/8475...
Processed 3740/8475...
Processed 3750/8475...
Processed 3760/8475...
Processed 3770/8475...
Processed 3780/8475...
Processed 3790/8475...
Processed 3800/8475...
Processed 3810/8475...
Processed 3820/8475...
Processed 3830/8475...
Processed 3840/8475...
Processed 3850/8475...
Processed 3860/8475...
Processed 3870/8475...
Processed 3880/8475...
Processed 3890/8475...
Processed 3900/8475...
Processed 3910/8475...
Processed 3920/8475...
Processed 3930/8475...
Processed 3940/8475...
Processed 3950/8475...
Processed 3960/8475...
Processed 3970/8475...
Processed 3980/8475...
Processed 3990/8475...
Processed 4000/8475...
Processed 4010/8475...
Processed 4020/8475...
Processed 4030/8475...
Processed 4040/8475...
Processed 4050/8475...
Processed 4060/8475...
Processed 4070/8475...
Processed 4080/8475...
Processed 4090/8475...
Processed 4100/8475...
Processed 4110/8475...
Processed 4120/8475...
Processed 4130/8475...
Processed 4140/8475...
Processed 4150/8475...
Processed 4160/8475...
Processed 4170/8475...
Processed 4180/8475...
Processed 4190/8475...
Processed 4200/8475...
Processed 4210/8475...
Processed 4220/8475...
Processed 4230/8475...
Processed 4240/8475...
Processed 4250/8475...
Processed 4260/8475...
Processed 4270/8475...
Processed 4280/8475...
Processed 4290/8475...
Processed 4300/8475...
Processed 4310/8475...
Processed 4320/8475...
Processed 4330/8475...
Processed 4340/8475...
Processed 4350/8475...
Processed 4360/8475...
Processed 4370/8475...
Processed 4380/8475...
Processed 4390/8475...
Processed 4400/8475...
Processed 4410/8475...
Processed 4420/8475...
Processed 4430/8475...
Processed 4440/8475...
Processed 4450/8475...
Processed 4460/8475...
Processed 4470/8475...
Processed 4480/8475...
Processed 4490/8475...
Processed 4500/8475...
Processed 4510/8475...
Processed 4520/8475...
Processed 4530/8475...
Processed 4540/8475...
Processed 4550/8475...
Processed 4560/8475...
Processed 4570/8475...
Processed 4580/8475...
Processed 4590/8475...
Processed 4600/8475...
Processed 4610/8475...
Processed 4620/8475...
Processed 4630/8475...
Processed 4640/8475...
Processed 4650/8475...
Processed 4660/8475...
Processed 4670/8475...
Processed 4680/8475...
Processed 4690/8475...
Processed 4700/8475...
Processed 4710/8475...
Processed 4720/8475...
Processed 4730/8475...
Processed 4740/8475...
Processed 4750/8475...
Processed 4760/8475...
Processed 4770/8475...
Processed 4780/8475...
Processed 4790/8475...
Processed 4800/8475...
Processed 4810/8475...
Processed 4820/8475...
Processed 4830/8475...
Processed 4840/8475...
Processed 4850/8475...
Processed 4860/8475...
Processed 4870/8475...
Processed 4880/8475...
Processed 4890/8475...
Processed 4900/8475...
Processed 4910/8475...
Processed 4920/8475...
Processed 4930/8475...
Processed 4940/8475...
Processed 4950/8475...
Processed 4960/8475...
Processed 4970/8475...
Processed 4980/8475...
Processed 4990/8475...
Processed 5000/8475...
Processed 5010/8475...
Processed 5020/8475...
Processed 5030/8475...
Processed 5040/8475...
Processed 5050/8475...
Processed 5060/8475...
Processed 5070/8475...
Processed 5080/8475...
Processed 5090/8475...
Processed 5100/8475...
Processed 5110/8475...
Processed 5120/8475...
Processed 5130/8475...
Processed 5140/8475...
Processed 5150/8475...
Processed 5160/8475...
Processed 5170/8475...
Processed 5180/8475...
Processed 5190/8475...
Processed 5200/8475...
Processed 5210/8475...
Processed 5220/8475...
Processed 5230/8475...
Processed 5240/8475...
Processed 5250/8475...
Processed 5260/8475...
Processed 5270/8475...
Processed 5280/8475...
Processed 5290/8475...
Processed 5300/8475...
Processed 5310/8475...
Processed 5320/8475...
Processed 5330/8475...
Processed 5340/8475...
Processed 5350/8475...
Processed 5360/8475...
Processed 5370/8475...
Processed 5380/8475...
Processed 5390/8475...
Processed 5400/8475...
Processed 5410/8475...
Processed 5420/8475...
Processed 5430/8475...
Processed 5440/8475...
Processed 5450/8475...
Processed 5460/8475...
Processed 5470/8475...
Processed 5480/8475...
Processed 5490/8475...
Processed 5500/8475...
Processed 5510/8475...
Processed 5520/8475...
Processed 5530/8475...
Processed 5540/8475...
Processed 5550/8475...
Processed 5560/8475...
Processed 5570/8475...
Processed 5580/8475...
Processed 5590/8475...
Processed 5600/8475...
Processed 5610/8475...
Processed 5620/8475...
Processed 5630/8475...
Processed 5640/8475...
Processed 5650/8475...
Processed 5660/8475...
Processed 5670/8475...
Processed 5680/8475...
Processed 5690/8475...
Processed 5700/8475...
Processed 5710/8475...
Processed 5720/8475...
Processed 5730/8475...
Processed 5740/8475...
Processed 5750/8475...
Processed 5760/8475...
Processed 5770/8475...
Processed 5780/8475...
Processed 5790/8475...
Processed 5800/8475...
Processed 5810/8475...
Processed 5820/8475...
Processed 5830/8475...
Processed 5840/8475...
Processed 5850/8475...
Processed 5860/8475...
Processed 5870/8475...
Processed 5880/8475...
Processed 5890/8475...
Processed 5900/8475...
Processed 5910/8475...
Processed 5920/8475...
Processed 5930/8475...
Processed 5940/8475...
Processed 5950/8475...
Processed 5960/8475...
Processed 5970/8475...
Processed 5980/8475...
Processed 5990/8475...
Processed 6000/8475...
Processed 6010/8475...
Processed 6020/8475...
Processed 6030/8475...
Processed 6040/8475...
Processed 6050/8475...
Processed 6060/8475...
Processed 6070/8475...
Processed 6080/8475...
Processed 6090/8475...
Processed 6100/8475...
Processed 6110/8475...
Processed 6120/8475...
Processed 6130/8475...
Processed 6140/8475...
Processed 6150/8475...
Processed 6160/8475...
Processed 6170/8475...
Processed 6180/8475...
Processed 6190/8475...
Processed 6200/8475...
Processed 6210/8475...
Processed 6220/8475...
Processed 6230/8475...
Processed 6240/8475...
Processed 6250/8475...
Processed 6260/8475...
Processed 6270/8475...
Processed 6280/8475...
Processed 6290/8475...
Processed 6300/8475...
Processed 6310/8475...
Processed 6320/8475...
Processed 6330/8475...
Processed 6340/8475...
Processed 6350/8475...
Processed 6360/8475...
Processed 6370/8475...
Processed 6380/8475...
Processed 6390/8475...
Processed 6400/8475...
Processed 6410/8475...
Processed 6420/8475...
Processed 6430/8475...
Processed 6440/8475...
Processed 6450/8475...
Processed 6460/8475...
Processed 6470/8475...
Processed 6480/8475...
Processed 6490/8475...
Processed 6500/8475...
Processed 6510/8475...
Processed 6520/8475...
Processed 6530/8475...
Processed 6540/8475...
Processed 6550/8475...
Processed 6560/8475...
Processed 6570/8475...
Processed 6580/8475...
Processed 6590/8475...
Processed 6600/8475...
Processed 6610/8475...
Processed 6620/8475...
Processed 6630/8475...
Processed 6640/8475...
Processed 6650/8475...
Processed 6660/8475...
Processed 6670/8475...
Processed 6680/8475...
Processed 6690/8475...
Processed 6700/8475...
Processed 6710/8475...
Processed 6720/8475...
Processed 6730/8475...
Processed 6740/8475...
Processed 6750/8475...
Processed 6760/8475...
Processed 6770/8475...
Processed 6780/8475...
Processed 6790/8475...
Processed 6800/8475...
Processed 6810/8475...
Processed 6820/8475...
Processed 6830/8475...
Processed 6840/8475...
Processed 6850/8475...
Processed 6860/8475...
Processed 6870/8475...
Processed 6880/8475...
Processed 6890/8475...
Processed 6900/8475...
Processed 6910/8475...
Processed 6920/8475...
Processed 6930/8475...
Processed 6940/8475...
Processed 6950/8475...
Processed 6960/8475...
Processed 6970/8475...
Processed 6980/8475...
Processed 6990/8475...
Processed 7000/8475...
Processed 7010/8475...
Processed 7020/8475...
Processed 7030/8475...
Processed 7040/8475...
Processed 7050/8475...
Processed 7060/8475...
Processed 7070/8475...
Processed 7080/8475...
Processed 7090/8475...
Processed 7100/8475...
Processed 7110/8475...
Processed 7120/8475...
Processed 7130/8475...
Processed 7140/8475...
Processed 7150/8475...
Processed 7160/8475...
Processed 7170/8475...
Processed 7180/8475...
Processed 7190/8475...
Processed 7200/8475...
Processed 7210/8475...
Processed 7220/8475...
Processed 7230/8475...
Processed 7240/8475...
Processed 7250/8475...
Processed 7260/8475...
Processed 7270/8475...
Processed 7280/8475...
Processed 7290/8475...
Processed 7300/8475...
Processed 7310/8475...
Processed 7320/8475...
Processed 7330/8475...
Processed 7340/8475...
Processed 7350/8475...
Processed 7360/8475...
Processed 7370/8475...
Processed 7380/8475...
Processed 7390/8475...
Processed 7400/8475...
Processed 7410/8475...
Processed 7420/8475...
Processed 7430/8475...
Processed 7440/8475...
Processed 7450/8475...
Processed 7460/8475...
Processed 7470/8475...
Processed 7480/8475...
Processed 7490/8475...
Processed 7500/8475...
Processed 7510/8475...
Processed 7520/8475...
Processed 7530/8475...
Processed 7540/8475...
Processed 7550/8475...
Processed 7560/8475...
Processed 7570/8475...
Processed 7580/8475...
Processed 7590/8475...
Processed 7600/8475...
Processed 7610/8475...
Processed 7620/8475...
Processed 7630/8475...
Processed 7640/8475...
Processed 7650/8475...
Processed 7660/8475...
Processed 7670/8475...
Processed 7680/8475...
Processed 7690/8475...
Processed 7700/8475...
Processed 7710/8475...
Processed 7720/8475...
Processed 7730/8475...
Processed 7740/8475...
Processed 7750/8475...
Processed 7760/8475...
Processed 7770/8475...
Processed 7780/8475...
Processed 7790/8475...
Processed 7800/8475...
Processed 7810/8475...
Processed 7820/8475...
Processed 7830/8475...
Processed 7840/8475...
Processed 7850/8475...
Processed 7860/8475...
Processed 7870/8475...
Processed 7880/8475...
Processed 7890/8475...
Processed 7900/8475...
Processed 7910/8475...
Processed 7920/8475...
Processed 7930/8475...
Processed 7940/8475...
Processed 7950/8475...
Processed 7960/8475...
Processed 7970/8475...
Processed 7980/8475...
Processed 7990/8475...
Processed 8000/8475...
Processed 8010/8475...
Processed 8020/8475...
Processed 8030/8475...
Processed 8040/8475...
Processed 8050/8475...
Processed 8060/8475...
Processed 8070/8475...
Processed 8080/8475...
Processed 8090/8475...
Processed 8100/8475...
Processed 8110/8475...
Processed 8120/8475...
Processed 8130/8475...
Processed 8140/8475...
Processed 8150/8475...
Processed 8160/8475...
Processed 8170/8475...
Processed 8180/8475...
Processed 8190/8475...
Processed 8200/8475...
Processed 8210/8475...
Processed 8220/8475...
Processed 8230/8475...
Processed 8240/8475...
Processed 8250/8475...
Processed 8260/8475...
Processed 8270/8475...
Processed 8280/8475...
Processed 8290/8475...
Processed 8300/8475...
Processed 8310/8475...
Processed 8320/8475...
Processed 8330/8475...
Processed 8340/8475...
Processed 8350/8475...
Processed 8360/8475...
Processed 8370/8475...
Processed 8380/8475...
Processed 8390/8475...
Processed 8400/8475...
Processed 8410/8475...
Processed 8420/8475...
Processed 8430/8475...
Processed 8440/8475...
Processed 8450/8475...
Processed 8460/8475...
Processed 8470/8475...
Saved 8475 embeddings to data/TMP/processed/_new_embeddings.npz
Loaded 8475 new embeddings
Loaded 12915 existing embeddings
Saved 21390 total embeddings to /public/home/wangar2023/DIPPI-DNN-based-Interaction-Predictor-for-Protein-Protein-Interactions/data/TMP/processed/TMP_embeddings.npz
