W0215 20:31:48.061000 175666 site-packages/torch/distributed/run.py:774] 
W0215 20:31:48.061000 175666 site-packages/torch/distributed/run.py:774] *****************************************
W0215 20:31:48.061000 175666 site-packages/torch/distributed/run.py:774] Setting OMP_NUM_THREADS environment variable for each process to be 1 in default, to avoid your system being overloaded, please further tune the variable for optimal performance in your application as needed. 
W0215 20:31:48.061000 175666 site-packages/torch/distributed/run.py:774] *****************************************
INFO:__main__:Loaded config: configs/v5.yaml
INFO:src.utils.distributed:Initialized distributed process group (backend=nccl rank=0 local_rank=0 world_size=4).
2026-02-15 20:31:56 INFO Startup | Mode: full_pipeline | Rank: 0 | Run Id: 20260215_203156 | Seed: 47 | Stages: pretrain,finetune,evaluate | World Size: 4
2026-02-15 20:31:56 INFO Startup | Mode: full_pipeline | Rank: 0 | Run Id: 20260215_203156 | Seed: 47 | Stages: pretrain,finetune,evaluate | World Size: 4
2026-02-15 20:31:56 INFO Startup | Mode: full_pipeline | Rank: 0 | Run Id: 20260215_203156 | Seed: 47 | Stages: pretrain,finetune,evaluate | World Size: 4
2026-02-15 20:31:56 INFO Device | Resolved Device: cuda:0
2026-02-15 20:31:56 INFO Device | Resolved Device: cuda:0
2026-02-15 20:31:56 INFO Device | Resolved Device: cuda:0
[rank3]:[W215 20:31:56.493806771 ProcessGroupNCCL.cpp:5023] [PG ID 0 PG GUID 0 Rank 3]  using GPU 3 as device used by this process is currently unknown. This can potentially cause a hang if this rank to GPU mapping is incorrect. You can specify device_id in init_process_group() to force use of a particular device.
[rank2]:[W215 20:31:56.493807145 ProcessGroupNCCL.cpp:5023] [PG ID 0 PG GUID 0 Rank 2]  using GPU 2 as device used by this process is currently unknown. This can potentially cause a hang if this rank to GPU mapping is incorrect. You can specify device_id in init_process_group() to force use of a particular device.
[rank1]:[W215 20:31:56.493832526 ProcessGroupNCCL.cpp:5023] [PG ID 0 PG GUID 0 Rank 1]  using GPU 1 as device used by this process is currently unknown. This can potentially cause a hang if this rank to GPU mapping is incorrect. You can specify device_id in init_process_group() to force use of a particular device.
WARNING:py.warnings:/public/home/wangar2023/.conda/envs/esm/lib/python3.10/site-packages/torch/distributed/distributed_c10d.py:4807: UserWarning: No device id is provided via `init_process_group` or `barrier `. Using the current device set by the user. 
  warnings.warn(  # warn only once

[rank0]:[W215 20:31:56.505429486 ProcessGroupNCCL.cpp:5023] [PG ID 0 PG GUID 0 Rank 0]  using GPU 0 as device used by this process is currently unknown. This can potentially cause a hang if this rank to GPU mapping is incorrect. You can specify device_id in init_process_group() to force use of a particular device.
2026-02-15 20:42:18 INFO Model Init | Model: v5 | Params: 2309953
2026-02-15 20:42:22 INFO DDP Ready | Wrapped: True
2026-02-15 20:42:22 INFO DDP Ready | Wrapped: True
2026-02-15 20:42:22 INFO DDP Ready | Wrapped: True
2026-02-15 20:42:30 INFO Data Ready | Test: 188697 | Train: 1367504 | Valid: 71974
2026-02-15 20:42:30 INFO Begin Training
2026-02-15 20:42:30 INFO Stage Start | Run Id: 20260215_203156
2026-02-15 20:42:30 INFO Train Config | Epochs: 20 | Monitor: auprc | Patience: 5
2026-02-15 20:42:30 INFO Epoch Start | Epoch: 1
[rank0]: Traceback (most recent call last):
[rank0]:   File "/public/home/wangar2023/.conda/envs/esm/lib/python3.10/runpy.py", line 196, in _run_module_as_main
[rank0]:     return _run_code(code, main_globals, None,
[rank0]:   File "/public/home/wangar2023/.conda/envs/esm/lib/python3.10/runpy.py", line 86, in _run_code
[rank0]:     exec(code, run_globals)
[rank0]:   File "/public/home/wangar2023/DIPPI-DNN-based-Interaction-Predictor-for-Protein-Protein-Interactions/src/run.py", line 1139, in <module>
[rank0]:     main()
[rank0]:   File "/public/home/wangar2023/DIPPI-DNN-based-Interaction-Predictor-for-Protein-Protein-Interactions/src/run.py", line 1135, in main
[rank0]:     execute_pipeline(config=config)
[rank0]:   File "/public/home/wangar2023/DIPPI-DNN-based-Interaction-Predictor-for-Protein-Protein-Interactions/src/run.py", line 1073, in execute_pipeline
[rank0]:     active_checkpoint = run_training_stage(
[rank0]:   File "/public/home/wangar2023/DIPPI-DNN-based-Interaction-Predictor-for-Protein-Protein-Interactions/src/run.py", line 732, in run_training_stage
[rank0]:     train_stats = trainer.train_one_epoch(dataloaders["train"], epoch_index=epoch)
[rank0]:   File "/public/home/wangar2023/DIPPI-DNN-based-Interaction-Predictor-for-Protein-Protein-Interactions/src/train/base.py", line 247, in train_one_epoch
[rank0]:     output = self._forward_model(prepared_batch)
[rank0]:   File "/public/home/wangar2023/DIPPI-DNN-based-Interaction-Predictor-for-Protein-Protein-Interactions/src/train/base.py", line 160, in _forward_model
[rank0]:     output = self.model(**batch)
[rank0]:   File "/public/home/wangar2023/.conda/envs/esm/lib/python3.10/site-packages/torch/nn/modules/module.py", line 1773, in _wrapped_call_impl
[rank0]:     return self._call_impl(*args, **kwargs)
[rank0]:   File "/public/home/wangar2023/.conda/envs/esm/lib/python3.10/site-packages/torch/nn/modules/module.py", line 1784, in _call_impl
[rank0]:     return forward_call(*args, **kwargs)
[rank0]:   File "/public/home/wangar2023/.conda/envs/esm/lib/python3.10/site-packages/torch/nn/parallel/distributed.py", line 1648, in forward
[rank0]:     else self._run_ddp_forward(*inputs, **kwargs)
[rank0]:   File "/public/home/wangar2023/.conda/envs/esm/lib/python3.10/site-packages/torch/nn/parallel/distributed.py", line 1474, in _run_ddp_forward
[rank0]:     return self.module(*inputs, **kwargs)  # type: ignore[index]
[rank0]:   File "/public/home/wangar2023/.conda/envs/esm/lib/python3.10/site-packages/torch/nn/modules/module.py", line 1773, in _wrapped_call_impl
[rank0]:     return self._call_impl(*args, **kwargs)
[rank0]:   File "/public/home/wangar2023/.conda/envs/esm/lib/python3.10/site-packages/torch/nn/modules/module.py", line 1784, in _call_impl
[rank0]:     return forward_call(*args, **kwargs)
[rank0]:   File "/public/home/wangar2023/DIPPI-DNN-based-Interaction-Predictor-for-Protein-Protein-Interactions/src/model/v5.py", line 500, in forward
[rank0]:     interaction_map = self.map_builder(h_a, h_b)  # [B, 2*D_p, L_A, L_B]
[rank0]:   File "/public/home/wangar2023/.conda/envs/esm/lib/python3.10/site-packages/torch/nn/modules/module.py", line 1773, in _wrapped_call_impl
[rank0]:     return self._call_impl(*args, **kwargs)
[rank0]:   File "/public/home/wangar2023/.conda/envs/esm/lib/python3.10/site-packages/torch/nn/modules/module.py", line 1784, in _call_impl
[rank0]:     return forward_call(*args, **kwargs)
[rank0]:   File "/public/home/wangar2023/DIPPI-DNN-based-Interaction-Predictor-for-Protein-Protein-Interactions/src/model/v5.py", line 236, in forward
[rank0]:     M_in = M_raw.permute(0, 3, 1, 2).contiguous()
[rank0]: torch.OutOfMemoryError: CUDA out of memory. Tried to allocate 21.27 GiB. GPU 0 has a total capacity of 44.55 GiB of which 10.07 GiB is free. Including non-PyTorch memory, this process has 34.47 GiB memory in use. Of the allocated memory 33.94 GiB is allocated by PyTorch, and 100.25 MiB is reserved by PyTorch but unallocated. If reserved but unallocated memory is large try setting PYTORCH_CUDA_ALLOC_CONF=expandable_segments:True to avoid fragmentation.  See documentation for Memory Management  (https://pytorch.org/docs/stable/notes/cuda.html#environment-variables)
[rank1]: Traceback (most recent call last):
[rank1]:   File "/public/home/wangar2023/.conda/envs/esm/lib/python3.10/runpy.py", line 196, in _run_module_as_main
[rank1]:     return _run_code(code, main_globals, None,
[rank1]:   File "/public/home/wangar2023/.conda/envs/esm/lib/python3.10/runpy.py", line 86, in _run_code
[rank1]:     exec(code, run_globals)
[rank1]:   File "/public/home/wangar2023/DIPPI-DNN-based-Interaction-Predictor-for-Protein-Protein-Interactions/src/run.py", line 1139, in <module>
[rank1]:     main()
[rank1]:   File "/public/home/wangar2023/DIPPI-DNN-based-Interaction-Predictor-for-Protein-Protein-Interactions/src/run.py", line 1135, in main
[rank1]:     execute_pipeline(config=config)
[rank1]:   File "/public/home/wangar2023/DIPPI-DNN-based-Interaction-Predictor-for-Protein-Protein-Interactions/src/run.py", line 1073, in execute_pipeline
[rank1]:     active_checkpoint = run_training_stage(
[rank1]:   File "/public/home/wangar2023/DIPPI-DNN-based-Interaction-Predictor-for-Protein-Protein-Interactions/src/run.py", line 732, in run_training_stage
[rank1]:     train_stats = trainer.train_one_epoch(dataloaders["train"], epoch_index=epoch)
[rank1]:   File "/public/home/wangar2023/DIPPI-DNN-based-Interaction-Predictor-for-Protein-Protein-Interactions/src/train/base.py", line 247, in train_one_epoch
[rank1]:     output = self._forward_model(prepared_batch)
[rank1]:   File "/public/home/wangar2023/DIPPI-DNN-based-Interaction-Predictor-for-Protein-Protein-Interactions/src/train/base.py", line 160, in _forward_model
[rank1]:     output = self.model(**batch)
[rank1]:   File "/public/home/wangar2023/.conda/envs/esm/lib/python3.10/site-packages/torch/nn/modules/module.py", line 1773, in _wrapped_call_impl
[rank1]:     return self._call_impl(*args, **kwargs)
[rank1]:   File "/public/home/wangar2023/.conda/envs/esm/lib/python3.10/site-packages/torch/nn/modules/module.py", line 1784, in _call_impl
[rank1]:     return forward_call(*args, **kwargs)
[rank1]:   File "/public/home/wangar2023/.conda/envs/esm/lib/python3.10/site-packages/torch/nn/parallel/distributed.py", line 1648, in forward
[rank1]:     else self._run_ddp_forward(*inputs, **kwargs)
[rank1]:   File "/public/home/wangar2023/.conda/envs/esm/lib/python3.10/site-packages/torch/nn/parallel/distributed.py", line 1474, in _run_ddp_forward
[rank1]:     return self.module(*inputs, **kwargs)  # type: ignore[index]
[rank1]:   File "/public/home/wangar2023/.conda/envs/esm/lib/python3.10/site-packages/torch/nn/modules/module.py", line 1773, in _wrapped_call_impl
[rank1]:     return self._call_impl(*args, **kwargs)
[rank1]:   File "/public/home/wangar2023/.conda/envs/esm/lib/python3.10/site-packages/torch/nn/modules/module.py", line 1784, in _call_impl
[rank1]:     return forward_call(*args, **kwargs)
[rank1]:   File "/public/home/wangar2023/DIPPI-DNN-based-Interaction-Predictor-for-Protein-Protein-Interactions/src/model/v5.py", line 500, in forward
[rank1]:     interaction_map = self.map_builder(h_a, h_b)  # [B, 2*D_p, L_A, L_B]
[rank1]:   File "/public/home/wangar2023/.conda/envs/esm/lib/python3.10/site-packages/torch/nn/modules/module.py", line 1773, in _wrapped_call_impl
[rank1]:     return self._call_impl(*args, **kwargs)
[rank1]:   File "/public/home/wangar2023/.conda/envs/esm/lib/python3.10/site-packages/torch/nn/modules/module.py", line 1784, in _call_impl
[rank1]:     return forward_call(*args, **kwargs)
[rank1]:   File "/public/home/wangar2023/DIPPI-DNN-based-Interaction-Predictor-for-Protein-Protein-Interactions/src/model/v5.py", line 236, in forward
[rank1]:     M_in = M_raw.permute(0, 3, 1, 2).contiguous()
[rank1]: torch.OutOfMemoryError: CUDA out of memory. Tried to allocate 24.06 GiB. GPU 1 has a total capacity of 44.55 GiB of which 5.74 GiB is free. Including non-PyTorch memory, this process has 38.80 GiB memory in use. Of the allocated memory 38.31 GiB is allocated by PyTorch, and 48.53 MiB is reserved by PyTorch but unallocated. If reserved but unallocated memory is large try setting PYTORCH_CUDA_ALLOC_CONF=expandable_segments:True to avoid fragmentation.  See documentation for Memory Management  (https://pytorch.org/docs/stable/notes/cuda.html#environment-variables)
[rank2]: Traceback (most recent call last):
[rank2]:   File "/public/home/wangar2023/.conda/envs/esm/lib/python3.10/runpy.py", line 196, in _run_module_as_main
[rank2]:     return _run_code(code, main_globals, None,
[rank2]:   File "/public/home/wangar2023/.conda/envs/esm/lib/python3.10/runpy.py", line 86, in _run_code
[rank2]:     exec(code, run_globals)
[rank2]:   File "/public/home/wangar2023/DIPPI-DNN-based-Interaction-Predictor-for-Protein-Protein-Interactions/src/run.py", line 1139, in <module>
[rank2]:     main()
[rank2]:   File "/public/home/wangar2023/DIPPI-DNN-based-Interaction-Predictor-for-Protein-Protein-Interactions/src/run.py", line 1135, in main
[rank2]:     execute_pipeline(config=config)
[rank2]:   File "/public/home/wangar2023/DIPPI-DNN-based-Interaction-Predictor-for-Protein-Protein-Interactions/src/run.py", line 1073, in execute_pipeline
[rank2]:     active_checkpoint = run_training_stage(
[rank2]:   File "/public/home/wangar2023/DIPPI-DNN-based-Interaction-Predictor-for-Protein-Protein-Interactions/src/run.py", line 732, in run_training_stage
[rank2]:     train_stats = trainer.train_one_epoch(dataloaders["train"], epoch_index=epoch)
[rank2]:   File "/public/home/wangar2023/DIPPI-DNN-based-Interaction-Predictor-for-Protein-Protein-Interactions/src/train/base.py", line 247, in train_one_epoch
[rank2]:     output = self._forward_model(prepared_batch)
[rank2]:   File "/public/home/wangar2023/DIPPI-DNN-based-Interaction-Predictor-for-Protein-Protein-Interactions/src/train/base.py", line 160, in _forward_model
[rank2]:     output = self.model(**batch)
[rank2]:   File "/public/home/wangar2023/.conda/envs/esm/lib/python3.10/site-packages/torch/nn/modules/module.py", line 1773, in _wrapped_call_impl
[rank2]:     return self._call_impl(*args, **kwargs)
[rank2]:   File "/public/home/wangar2023/.conda/envs/esm/lib/python3.10/site-packages/torch/nn/modules/module.py", line 1784, in _call_impl
[rank2]:     return forward_call(*args, **kwargs)
[rank2]:   File "/public/home/wangar2023/.conda/envs/esm/lib/python3.10/site-packages/torch/nn/parallel/distributed.py", line 1648, in forward
[rank2]:     else self._run_ddp_forward(*inputs, **kwargs)
[rank2]:   File "/public/home/wangar2023/.conda/envs/esm/lib/python3.10/site-packages/torch/nn/parallel/distributed.py", line 1474, in _run_ddp_forward
[rank2]:     return self.module(*inputs, **kwargs)  # type: ignore[index]
[rank2]:   File "/public/home/wangar2023/.conda/envs/esm/lib/python3.10/site-packages/torch/nn/modules/module.py", line 1773, in _wrapped_call_impl
[rank2]:     return self._call_impl(*args, **kwargs)
[rank2]:   File "/public/home/wangar2023/.conda/envs/esm/lib/python3.10/site-packages/torch/nn/modules/module.py", line 1784, in _call_impl
[rank2]:     return forward_call(*args, **kwargs)
[rank2]:   File "/public/home/wangar2023/DIPPI-DNN-based-Interaction-Predictor-for-Protein-Protein-Interactions/src/model/v5.py", line 500, in forward
[rank2]:     interaction_map = self.map_builder(h_a, h_b)  # [B, 2*D_p, L_A, L_B]
[rank2]:   File "/public/home/wangar2023/.conda/envs/esm/lib/python3.10/site-packages/torch/nn/modules/module.py", line 1773, in _wrapped_call_impl
[rank2]:     return self._call_impl(*args, **kwargs)
[rank2]:   File "/public/home/wangar2023/.conda/envs/esm/lib/python3.10/site-packages/torch/nn/modules/module.py", line 1784, in _call_impl
[rank2]:     return forward_call(*args, **kwargs)
[rank2]:   File "/public/home/wangar2023/DIPPI-DNN-based-Interaction-Predictor-for-Protein-Protein-Interactions/src/model/v5.py", line 236, in forward
[rank2]:     M_in = M_raw.permute(0, 3, 1, 2).contiguous()
[rank2]: torch.OutOfMemoryError: CUDA out of memory. Tried to allocate 24.06 GiB. GPU 2 has a total capacity of 44.55 GiB of which 5.75 GiB is free. Including non-PyTorch memory, this process has 38.79 GiB memory in use. Of the allocated memory 38.31 GiB is allocated by PyTorch, and 48.53 MiB is reserved by PyTorch but unallocated. If reserved but unallocated memory is large try setting PYTORCH_CUDA_ALLOC_CONF=expandable_segments:True to avoid fragmentation.  See documentation for Memory Management  (https://pytorch.org/docs/stable/notes/cuda.html#environment-variables)
[rank3]: Traceback (most recent call last):
[rank3]:   File "/public/home/wangar2023/.conda/envs/esm/lib/python3.10/runpy.py", line 196, in _run_module_as_main
[rank3]:     return _run_code(code, main_globals, None,
[rank3]:   File "/public/home/wangar2023/.conda/envs/esm/lib/python3.10/runpy.py", line 86, in _run_code
[rank3]:     exec(code, run_globals)
[rank3]:   File "/public/home/wangar2023/DIPPI-DNN-based-Interaction-Predictor-for-Protein-Protein-Interactions/src/run.py", line 1139, in <module>
[rank3]:     main()
[rank3]:   File "/public/home/wangar2023/DIPPI-DNN-based-Interaction-Predictor-for-Protein-Protein-Interactions/src/run.py", line 1135, in main
[rank3]:     execute_pipeline(config=config)
[rank3]:   File "/public/home/wangar2023/DIPPI-DNN-based-Interaction-Predictor-for-Protein-Protein-Interactions/src/run.py", line 1073, in execute_pipeline
[rank3]:     active_checkpoint = run_training_stage(
[rank3]:   File "/public/home/wangar2023/DIPPI-DNN-based-Interaction-Predictor-for-Protein-Protein-Interactions/src/run.py", line 732, in run_training_stage
[rank3]:     train_stats = trainer.train_one_epoch(dataloaders["train"], epoch_index=epoch)
[rank3]:   File "/public/home/wangar2023/DIPPI-DNN-based-Interaction-Predictor-for-Protein-Protein-Interactions/src/train/base.py", line 247, in train_one_epoch
[rank3]:     output = self._forward_model(prepared_batch)
[rank3]:   File "/public/home/wangar2023/DIPPI-DNN-based-Interaction-Predictor-for-Protein-Protein-Interactions/src/train/base.py", line 160, in _forward_model
[rank3]:     output = self.model(**batch)
[rank3]:   File "/public/home/wangar2023/.conda/envs/esm/lib/python3.10/site-packages/torch/nn/modules/module.py", line 1773, in _wrapped_call_impl
[rank3]:     return self._call_impl(*args, **kwargs)
[rank3]:   File "/public/home/wangar2023/.conda/envs/esm/lib/python3.10/site-packages/torch/nn/modules/module.py", line 1784, in _call_impl
[rank3]:     return forward_call(*args, **kwargs)
[rank3]:   File "/public/home/wangar2023/.conda/envs/esm/lib/python3.10/site-packages/torch/nn/parallel/distributed.py", line 1648, in forward
[rank3]:     else self._run_ddp_forward(*inputs, **kwargs)
[rank3]:   File "/public/home/wangar2023/.conda/envs/esm/lib/python3.10/site-packages/torch/nn/parallel/distributed.py", line 1474, in _run_ddp_forward
[rank3]:     return self.module(*inputs, **kwargs)  # type: ignore[index]
[rank3]:   File "/public/home/wangar2023/.conda/envs/esm/lib/python3.10/site-packages/torch/nn/modules/module.py", line 1773, in _wrapped_call_impl
[rank3]:     return self._call_impl(*args, **kwargs)
[rank3]:   File "/public/home/wangar2023/.conda/envs/esm/lib/python3.10/site-packages/torch/nn/modules/module.py", line 1784, in _call_impl
[rank3]:     return forward_call(*args, **kwargs)
[rank3]:   File "/public/home/wangar2023/DIPPI-DNN-based-Interaction-Predictor-for-Protein-Protein-Interactions/src/model/v5.py", line 500, in forward
[rank3]:     interaction_map = self.map_builder(h_a, h_b)  # [B, 2*D_p, L_A, L_B]
[rank3]:   File "/public/home/wangar2023/.conda/envs/esm/lib/python3.10/site-packages/torch/nn/modules/module.py", line 1773, in _wrapped_call_impl
[rank3]:     return self._call_impl(*args, **kwargs)
[rank3]:   File "/public/home/wangar2023/.conda/envs/esm/lib/python3.10/site-packages/torch/nn/modules/module.py", line 1784, in _call_impl
[rank3]:     return forward_call(*args, **kwargs)
[rank3]:   File "/public/home/wangar2023/DIPPI-DNN-based-Interaction-Predictor-for-Protein-Protein-Interactions/src/model/v5.py", line 236, in forward
[rank3]:     M_in = M_raw.permute(0, 3, 1, 2).contiguous()
[rank3]: torch.OutOfMemoryError: CUDA out of memory. Tried to allocate 24.06 GiB. GPU 3 has a total capacity of 44.55 GiB of which 5.74 GiB is free. Including non-PyTorch memory, this process has 38.80 GiB memory in use. Of the allocated memory 38.31 GiB is allocated by PyTorch, and 48.53 MiB is reserved by PyTorch but unallocated. If reserved but unallocated memory is large try setting PYTORCH_CUDA_ALLOC_CONF=expandable_segments:True to avoid fragmentation.  See documentation for Memory Management  (https://pytorch.org/docs/stable/notes/cuda.html#environment-variables)
W0215 20:42:37.410000 175666 site-packages/torch/distributed/elastic/multiprocessing/api.py:900] Sending process 175805 closing signal SIGTERM
W0215 20:42:37.411000 175666 site-packages/torch/distributed/elastic/multiprocessing/api.py:900] Sending process 175806 closing signal SIGTERM
W0215 20:42:37.412000 175666 site-packages/torch/distributed/elastic/multiprocessing/api.py:900] Sending process 175807 closing signal SIGTERM
E0215 20:42:38.690000 175666 site-packages/torch/distributed/elastic/multiprocessing/api.py:874] failed (exitcode: 1) local_rank: 0 (pid: 175804) of binary: /public/home/wangar2023/.conda/envs/esm/bin/python3.1
Traceback (most recent call last):
  File "/public/home/wangar2023/.conda/envs/esm/bin/torchrun", line 7, in <module>
    sys.exit(main())
  File "/public/home/wangar2023/.conda/envs/esm/lib/python3.10/site-packages/torch/distributed/elastic/multiprocessing/errors/__init__.py", line 357, in wrapper
    return f(*args, **kwargs)
  File "/public/home/wangar2023/.conda/envs/esm/lib/python3.10/site-packages/torch/distributed/run.py", line 901, in main
    run(args)
  File "/public/home/wangar2023/.conda/envs/esm/lib/python3.10/site-packages/torch/distributed/run.py", line 892, in run
    elastic_launch(
  File "/public/home/wangar2023/.conda/envs/esm/lib/python3.10/site-packages/torch/distributed/launcher/api.py", line 143, in __call__
    return launch_agent(self._config, self._entrypoint, list(args))
  File "/public/home/wangar2023/.conda/envs/esm/lib/python3.10/site-packages/torch/distributed/launcher/api.py", line 277, in launch_agent
    raise ChildFailedError(
torch.distributed.elastic.multiprocessing.errors.ChildFailedError: 
============================================================
src.run FAILED
------------------------------------------------------------
Failures:
  <NO_OTHER_FAILURES>
------------------------------------------------------------
Root Cause (first observed failure):
[0]:
  time      : 2026-02-15_20:42:37
  host      : hexm01
  rank      : 0 (local_rank: 0)
  exitcode  : 1 (pid: 175804)
  error_file: <N/A>
  traceback : To enable traceback see: https://pytorch.org/docs/stable/elastic/errors.html
============================================================
