W0216 17:01:25.375000 225301 site-packages/torch/distributed/run.py:774] 
W0216 17:01:25.375000 225301 site-packages/torch/distributed/run.py:774] *****************************************
W0216 17:01:25.375000 225301 site-packages/torch/distributed/run.py:774] Setting OMP_NUM_THREADS environment variable for each process to be 1 in default, to avoid your system being overloaded, please further tune the variable for optimal performance in your application as needed. 
W0216 17:01:25.375000 225301 site-packages/torch/distributed/run.py:774] *****************************************
INFO:__main__:Loaded config: configs/v5.yaml
INFO:src.utils.distributed:Initialized distributed process group (backend=nccl rank=0 local_rank=0 world_size=4).
2026-02-16 17:01:30 INFO Startup | Mode: full_pipeline | Rank: 0 | Run Id: 20260216_170130 | Seed: 47 | Stages: pretrain,finetune,evaluate | World Size: 4
2026-02-16 17:01:30 INFO Startup | Mode: full_pipeline | Rank: 0 | Run Id: 20260216_170130 | Seed: 47 | Stages: pretrain,finetune,evaluate | World Size: 4
2026-02-16 17:01:30 INFO Startup | Mode: full_pipeline | Rank: 0 | Run Id: 20260216_170130 | Seed: 47 | Stages: pretrain,finetune,evaluate | World Size: 4
2026-02-16 17:01:30 INFO Device | Resolved Device: cuda:0
2026-02-16 17:01:30 INFO Device | Resolved Device: cuda:0
2026-02-16 17:01:30 INFO Device | Resolved Device: cuda:0
[rank3]:[W216 17:01:30.905856273 ProcessGroupNCCL.cpp:5023] [PG ID 0 PG GUID 0 Rank 3]  using GPU 3 as device used by this process is currently unknown. This can potentially cause a hang if this rank to GPU mapping is incorrect. You can specify device_id in init_process_group() to force use of a particular device.
[rank2]:[W216 17:01:30.907109763 ProcessGroupNCCL.cpp:5023] [PG ID 0 PG GUID 0 Rank 2]  using GPU 2 as device used by this process is currently unknown. This can potentially cause a hang if this rank to GPU mapping is incorrect. You can specify device_id in init_process_group() to force use of a particular device.
[rank1]:[W216 17:01:30.907316694 ProcessGroupNCCL.cpp:5023] [PG ID 0 PG GUID 0 Rank 1]  using GPU 1 as device used by this process is currently unknown. This can potentially cause a hang if this rank to GPU mapping is incorrect. You can specify device_id in init_process_group() to force use of a particular device.
WARNING:py.warnings:/public/home/wangar2023/.conda/envs/esm/lib/python3.10/site-packages/torch/distributed/distributed_c10d.py:4807: UserWarning: No device id is provided via `init_process_group` or `barrier `. Using the current device set by the user. 
  warnings.warn(  # warn only once

[rank0]:[W216 17:01:30.919480433 ProcessGroupNCCL.cpp:5023] [PG ID 0 PG GUID 0 Rank 0]  using GPU 0 as device used by this process is currently unknown. This can potentially cause a hang if this rank to GPU mapping is incorrect. You can specify device_id in init_process_group() to force use of a particular device.
2026-02-16 17:03:52 INFO Model Init | Model: v5 | Params: 2297601
2026-02-16 17:03:55 INFO DDP Ready | Wrapped: True
2026-02-16 17:03:55 INFO DDP Ready | Wrapped: True
2026-02-16 17:03:55 INFO DDP Ready | Wrapped: True
2026-02-16 17:04:03 INFO Data Ready | Test: 188697 | Train: 1367504 | Valid: 71974
2026-02-16 17:04:03 INFO Begin Training
2026-02-16 17:04:03 INFO Stage Start | Run Id: 20260216_170130
2026-02-16 17:04:03 INFO Train Config | Epochs: 20 | Monitor: auprc | Patience: 5
2026-02-16 17:04:03 INFO Epoch Start | Epoch: 1
[rank1]:[W216 17:04:05.299638805 reducer.cpp:1457] Warning: find_unused_parameters=True was specified in DDP constructor, but did not find any unused parameters in the forward pass. This flag results in an extra traversal of the autograd graph every iteration,  which can adversely affect performance. If your model indeed never has any unused parameters in the forward pass, consider turning this flag off. Note that this warning may be a false positive if your model has flow control causing later iterations to have unused parameters. (function operator())
[rank3]:[W216 17:04:05.391578346 reducer.cpp:1457] Warning: find_unused_parameters=True was specified in DDP constructor, but did not find any unused parameters in the forward pass. This flag results in an extra traversal of the autograd graph every iteration,  which can adversely affect performance. If your model indeed never has any unused parameters in the forward pass, consider turning this flag off. Note that this warning may be a false positive if your model has flow control causing later iterations to have unused parameters. (function operator())
[rank0]:[W216 17:04:05.392324752 reducer.cpp:1457] Warning: find_unused_parameters=True was specified in DDP constructor, but did not find any unused parameters in the forward pass. This flag results in an extra traversal of the autograd graph every iteration,  which can adversely affect performance. If your model indeed never has any unused parameters in the forward pass, consider turning this flag off. Note that this warning may be a false positive if your model has flow control causing later iterations to have unused parameters. (function operator())
[rank2]:[W216 17:04:05.405595307 reducer.cpp:1457] Warning: find_unused_parameters=True was specified in DDP constructor, but did not find any unused parameters in the forward pass. This flag results in an extra traversal of the autograd graph every iteration,  which can adversely affect performance. If your model indeed never has any unused parameters in the forward pass, consider turning this flag off. Note that this warning may be a false positive if your model has flow control causing later iterations to have unused parameters. (function operator())
2026-02-16 17:04:05 INFO Epoch 1 | Step 1/10683 | Loss 0.7817 | LR 2.4000e-06
2026-02-16 17:04:23 INFO Epoch 1 | Step 20/10683 | Loss 0.8135 | LR 2.4000e-06
2026-02-16 17:04:41 INFO Epoch 1 | Step 40/10683 | Loss 0.8236 | LR 2.4001e-06
2026-02-16 17:04:59 INFO Epoch 1 | Step 60/10683 | Loss 0.8064 | LR 2.4003e-06
2026-02-16 17:05:17 INFO Epoch 1 | Step 80/10683 | Loss 0.8054 | LR 2.4005e-06
2026-02-16 17:05:35 INFO Epoch 1 | Step 100/10683 | Loss 0.7955 | LR 2.4008e-06
2026-02-16 17:05:53 INFO Epoch 1 | Step 120/10683 | Loss 0.7860 | LR 2.4011e-06
2026-02-16 17:06:12 INFO Epoch 1 | Step 140/10683 | Loss 0.7770 | LR 2.4015e-06
2026-02-16 17:06:30 INFO Epoch 1 | Step 160/10683 | Loss 0.7719 | LR 2.4020e-06
2026-02-16 17:06:48 INFO Epoch 1 | Step 180/10683 | Loss 0.7702 | LR 2.4025e-06
2026-02-16 17:07:06 INFO Epoch 1 | Step 200/10683 | Loss 0.7668 | LR 2.4031e-06
2026-02-16 17:07:25 INFO Epoch 1 | Step 220/10683 | Loss 0.7658 | LR 2.4038e-06
2026-02-16 17:07:43 INFO Epoch 1 | Step 240/10683 | Loss 0.7622 | LR 2.4045e-06
2026-02-16 17:08:01 INFO Epoch 1 | Step 260/10683 | Loss 0.7613 | LR 2.4053e-06
2026-02-16 17:08:19 INFO Epoch 1 | Step 280/10683 | Loss 0.7620 | LR 2.4061e-06
2026-02-16 17:08:37 INFO Epoch 1 | Step 300/10683 | Loss 0.7618 | LR 2.4070e-06
2026-02-16 17:08:55 INFO Epoch 1 | Step 320/10683 | Loss 0.7603 | LR 2.4080e-06
2026-02-16 17:09:13 INFO Epoch 1 | Step 340/10683 | Loss 0.7585 | LR 2.4090e-06
2026-02-16 17:09:31 INFO Epoch 1 | Step 360/10683 | Loss 0.7578 | LR 2.4101e-06
2026-02-16 17:09:49 INFO Epoch 1 | Step 380/10683 | Loss 0.7554 | LR 2.4112e-06
2026-02-16 17:10:07 INFO Epoch 1 | Step 400/10683 | Loss 0.7537 | LR 2.4125e-06
2026-02-16 17:10:26 INFO Epoch 1 | Step 420/10683 | Loss 0.7529 | LR 2.4137e-06
2026-02-16 17:10:44 INFO Epoch 1 | Step 440/10683 | Loss 0.7518 | LR 2.4151e-06
2026-02-16 17:11:02 INFO Epoch 1 | Step 460/10683 | Loss 0.7504 | LR 2.4165e-06
2026-02-16 17:11:19 INFO Epoch 1 | Step 480/10683 | Loss 0.7494 | LR 2.4179e-06
2026-02-16 17:11:37 INFO Epoch 1 | Step 500/10683 | Loss 0.7487 | LR 2.4195e-06
2026-02-16 17:11:55 INFO Epoch 1 | Step 520/10683 | Loss 0.7480 | LR 2.4210e-06
2026-02-16 17:12:13 INFO Epoch 1 | Step 540/10683 | Loss 0.7475 | LR 2.4227e-06
2026-02-16 17:12:32 INFO Epoch 1 | Step 560/10683 | Loss 0.7472 | LR 2.4244e-06
2026-02-16 17:12:50 INFO Epoch 1 | Step 580/10683 | Loss 0.7462 | LR 2.4262e-06
2026-02-16 17:13:08 INFO Epoch 1 | Step 600/10683 | Loss 0.7461 | LR 2.4280e-06
2026-02-16 17:13:26 INFO Epoch 1 | Step 620/10683 | Loss 0.7455 | LR 2.4299e-06
2026-02-16 17:13:44 INFO Epoch 1 | Step 640/10683 | Loss 0.7450 | LR 2.4319e-06
2026-02-16 17:14:02 INFO Epoch 1 | Step 660/10683 | Loss 0.7441 | LR 2.4339e-06
2026-02-16 17:14:20 INFO Epoch 1 | Step 680/10683 | Loss 0.7433 | LR 2.4360e-06
2026-02-16 17:14:38 INFO Epoch 1 | Step 700/10683 | Loss 0.7431 | LR 2.4381e-06
2026-02-16 17:14:56 INFO Epoch 1 | Step 720/10683 | Loss 0.7424 | LR 2.4403e-06
2026-02-16 17:15:14 INFO Epoch 1 | Step 740/10683 | Loss 0.7416 | LR 2.4426e-06
2026-02-16 17:15:32 INFO Epoch 1 | Step 760/10683 | Loss 0.7409 | LR 2.4449e-06
2026-02-16 17:15:50 INFO Epoch 1 | Step 780/10683 | Loss 0.7400 | LR 2.4473e-06
2026-02-16 17:16:08 INFO Epoch 1 | Step 800/10683 | Loss 0.7392 | LR 2.4498e-06
2026-02-16 17:16:26 INFO Epoch 1 | Step 820/10683 | Loss 0.7383 | LR 2.4523e-06
2026-02-16 17:16:44 INFO Epoch 1 | Step 840/10683 | Loss 0.7374 | LR 2.4549e-06
2026-02-16 17:17:02 INFO Epoch 1 | Step 860/10683 | Loss 0.7367 | LR 2.4575e-06
2026-02-16 17:17:20 INFO Epoch 1 | Step 880/10683 | Loss 0.7359 | LR 2.4603e-06
2026-02-16 17:17:38 INFO Epoch 1 | Step 900/10683 | Loss 0.7353 | LR 2.4630e-06
2026-02-16 17:17:56 INFO Epoch 1 | Step 920/10683 | Loss 0.7345 | LR 2.4659e-06
2026-02-16 17:18:14 INFO Epoch 1 | Step 940/10683 | Loss 0.7338 | LR 2.4687e-06
2026-02-16 17:18:32 INFO Epoch 1 | Step 960/10683 | Loss 0.7332 | LR 2.4717e-06
2026-02-16 17:18:50 INFO Epoch 1 | Step 980/10683 | Loss 0.7327 | LR 2.4747e-06
2026-02-16 17:19:09 INFO Epoch 1 | Step 1000/10683 | Loss 0.7324 | LR 2.4778e-06
2026-02-16 17:19:27 INFO Epoch 1 | Step 1020/10683 | Loss 0.7319 | LR 2.4809e-06
2026-02-16 17:19:45 INFO Epoch 1 | Step 1040/10683 | Loss 0.7314 | LR 2.4841e-06
2026-02-16 17:20:03 INFO Epoch 1 | Step 1060/10683 | Loss 0.7305 | LR 2.4874e-06
2026-02-16 17:20:21 INFO Epoch 1 | Step 1080/10683 | Loss 0.7300 | LR 2.4907e-06
2026-02-16 17:20:39 INFO Epoch 1 | Step 1100/10683 | Loss 0.7293 | LR 2.4941e-06
2026-02-16 17:20:57 INFO Epoch 1 | Step 1120/10683 | Loss 0.7288 | LR 2.4976e-06
2026-02-16 17:21:15 INFO Epoch 1 | Step 1140/10683 | Loss 0.7284 | LR 2.5011e-06
2026-02-16 17:21:33 INFO Epoch 1 | Step 1160/10683 | Loss 0.7281 | LR 2.5047e-06
2026-02-16 17:21:51 INFO Epoch 1 | Step 1180/10683 | Loss 0.7278 | LR 2.5083e-06
2026-02-16 17:22:09 INFO Epoch 1 | Step 1200/10683 | Loss 0.7274 | LR 2.5120e-06
2026-02-16 17:22:26 INFO Epoch 1 | Step 1220/10683 | Loss 0.7276 | LR 2.5158e-06
2026-02-16 17:22:44 INFO Epoch 1 | Step 1240/10683 | Loss 0.7275 | LR 2.5196e-06
2026-02-16 17:23:03 INFO Epoch 1 | Step 1260/10683 | Loss 0.7267 | LR 2.5235e-06
2026-02-16 17:23:21 INFO Epoch 1 | Step 1280/10683 | Loss 0.7262 | LR 2.5274e-06
2026-02-16 17:23:39 INFO Epoch 1 | Step 1300/10683 | Loss 0.7257 | LR 2.5314e-06
2026-02-16 17:23:57 INFO Epoch 1 | Step 1320/10683 | Loss 0.7250 | LR 2.5355e-06
2026-02-16 17:24:15 INFO Epoch 1 | Step 1340/10683 | Loss 0.7245 | LR 2.5396e-06
2026-02-16 17:24:33 INFO Epoch 1 | Step 1360/10683 | Loss 0.7240 | LR 2.5438e-06
2026-02-16 17:24:51 INFO Epoch 1 | Step 1380/10683 | Loss 0.7235 | LR 2.5481e-06
2026-02-16 17:25:09 INFO Epoch 1 | Step 1400/10683 | Loss 0.7235 | LR 2.5524e-06
2026-02-16 17:25:27 INFO Epoch 1 | Step 1420/10683 | Loss 0.7230 | LR 2.5568e-06
2026-02-16 17:25:45 INFO Epoch 1 | Step 1440/10683 | Loss 0.7225 | LR 2.5612e-06
2026-02-16 17:26:03 INFO Epoch 1 | Step 1460/10683 | Loss 0.7220 | LR 2.5658e-06
2026-02-16 17:26:21 INFO Epoch 1 | Step 1480/10683 | Loss 0.7216 | LR 2.5703e-06
2026-02-16 17:26:39 INFO Epoch 1 | Step 1500/10683 | Loss 0.7213 | LR 2.5750e-06
2026-02-16 17:26:57 INFO Epoch 1 | Step 1520/10683 | Loss 0.7207 | LR 2.5796e-06
2026-02-16 17:27:15 INFO Epoch 1 | Step 1540/10683 | Loss 0.7202 | LR 2.5844e-06
2026-02-16 17:27:33 INFO Epoch 1 | Step 1560/10683 | Loss 0.7200 | LR 2.5892e-06
2026-02-16 17:27:52 INFO Epoch 1 | Step 1580/10683 | Loss 0.7197 | LR 2.5941e-06
2026-02-16 17:28:10 INFO Epoch 1 | Step 1600/10683 | Loss 0.7193 | LR 2.5990e-06
2026-02-16 17:28:28 INFO Epoch 1 | Step 1620/10683 | Loss 0.7185 | LR 2.6040e-06
2026-02-16 17:28:46 INFO Epoch 1 | Step 1640/10683 | Loss 0.7182 | LR 2.6091e-06
2026-02-16 17:29:04 INFO Epoch 1 | Step 1660/10683 | Loss 0.7178 | LR 2.6142e-06
2026-02-16 17:29:23 INFO Epoch 1 | Step 1680/10683 | Loss 0.7172 | LR 2.6194e-06
2026-02-16 17:29:41 INFO Epoch 1 | Step 1700/10683 | Loss 0.7169 | LR 2.6247e-06
2026-02-16 17:29:59 INFO Epoch 1 | Step 1720/10683 | Loss 0.7166 | LR 2.6300e-06
2026-02-16 17:30:17 INFO Epoch 1 | Step 1740/10683 | Loss 0.7163 | LR 2.6353e-06
2026-02-16 17:30:35 INFO Epoch 1 | Step 1760/10683 | Loss 0.7158 | LR 2.6408e-06
2026-02-16 17:30:53 INFO Epoch 1 | Step 1780/10683 | Loss 0.7158 | LR 2.6463e-06
2026-02-16 17:31:11 INFO Epoch 1 | Step 1800/10683 | Loss 0.7155 | LR 2.6518e-06
2026-02-16 17:31:29 INFO Epoch 1 | Step 1820/10683 | Loss 0.7152 | LR 2.6574e-06
2026-02-16 17:31:48 INFO Epoch 1 | Step 1840/10683 | Loss 0.7149 | LR 2.6631e-06
2026-02-16 17:32:06 INFO Epoch 1 | Step 1860/10683 | Loss 0.7146 | LR 2.6689e-06
2026-02-16 17:32:24 INFO Epoch 1 | Step 1880/10683 | Loss 0.7141 | LR 2.6747e-06
2026-02-16 17:32:42 INFO Epoch 1 | Step 1900/10683 | Loss 0.7137 | LR 2.6805e-06
2026-02-16 17:33:00 INFO Epoch 1 | Step 1920/10683 | Loss 0.7133 | LR 2.6865e-06
2026-02-16 17:33:18 INFO Epoch 1 | Step 1940/10683 | Loss 0.7128 | LR 2.6924e-06
2026-02-16 17:33:36 INFO Epoch 1 | Step 1960/10683 | Loss 0.7121 | LR 2.6985e-06
2026-02-16 17:33:54 INFO Epoch 1 | Step 1980/10683 | Loss 0.7118 | LR 2.7046e-06
2026-02-16 17:34:12 INFO Epoch 1 | Step 2000/10683 | Loss 0.7114 | LR 2.7108e-06
2026-02-16 17:34:31 INFO Epoch 1 | Step 2020/10683 | Loss 0.7110 | LR 2.7170e-06
2026-02-16 17:34:49 INFO Epoch 1 | Step 2040/10683 | Loss 0.7106 | LR 2.7233e-06
2026-02-16 17:35:07 INFO Epoch 1 | Step 2060/10683 | Loss 0.7101 | LR 2.7297e-06
2026-02-16 17:35:25 INFO Epoch 1 | Step 2080/10683 | Loss 0.7098 | LR 2.7361e-06
2026-02-16 17:35:43 INFO Epoch 1 | Step 2100/10683 | Loss 0.7095 | LR 2.7426e-06
2026-02-16 17:36:02 INFO Epoch 1 | Step 2120/10683 | Loss 0.7092 | LR 2.7491e-06
2026-02-16 17:36:20 INFO Epoch 1 | Step 2140/10683 | Loss 0.7087 | LR 2.7557e-06
2026-02-16 17:36:38 INFO Epoch 1 | Step 2160/10683 | Loss 0.7086 | LR 2.7624e-06
2026-02-16 17:36:56 INFO Epoch 1 | Step 2180/10683 | Loss 0.7083 | LR 2.7691e-06
2026-02-16 17:37:15 INFO Epoch 1 | Step 2200/10683 | Loss 0.7079 | LR 2.7759e-06
2026-02-16 17:37:33 INFO Epoch 1 | Step 2220/10683 | Loss 0.7075 | LR 2.7828e-06
2026-02-16 17:37:51 INFO Epoch 1 | Step 2240/10683 | Loss 0.7073 | LR 2.7897e-06
2026-02-16 17:38:09 INFO Epoch 1 | Step 2260/10683 | Loss 0.7068 | LR 2.7966e-06
2026-02-16 17:38:27 INFO Epoch 1 | Step 2280/10683 | Loss 0.7065 | LR 2.8037e-06
2026-02-16 17:38:45 INFO Epoch 1 | Step 2300/10683 | Loss 0.7061 | LR 2.8108e-06
2026-02-16 17:39:03 INFO Epoch 1 | Step 2320/10683 | Loss 0.7056 | LR 2.8179e-06
2026-02-16 17:39:21 INFO Epoch 1 | Step 2340/10683 | Loss 0.7053 | LR 2.8251e-06
2026-02-16 17:39:39 INFO Epoch 1 | Step 2360/10683 | Loss 0.7050 | LR 2.8324e-06
2026-02-16 17:39:58 INFO Epoch 1 | Step 2380/10683 | Loss 0.7047 | LR 2.8398e-06
2026-02-16 17:40:16 INFO Epoch 1 | Step 2400/10683 | Loss 0.7043 | LR 2.8472e-06
2026-02-16 17:40:34 INFO Epoch 1 | Step 2420/10683 | Loss 0.7040 | LR 2.8546e-06
2026-02-16 17:40:52 INFO Epoch 1 | Step 2440/10683 | Loss 0.7039 | LR 2.8622e-06
2026-02-16 17:41:10 INFO Epoch 1 | Step 2460/10683 | Loss 0.7035 | LR 2.8697e-06
2026-02-16 17:41:28 INFO Epoch 1 | Step 2480/10683 | Loss 0.7033 | LR 2.8774e-06
2026-02-16 17:41:46 INFO Epoch 1 | Step 2500/10683 | Loss 0.7026 | LR 2.8851e-06
2026-02-16 17:42:05 INFO Epoch 1 | Step 2520/10683 | Loss 0.7022 | LR 2.8929e-06
2026-02-16 17:42:23 INFO Epoch 1 | Step 2540/10683 | Loss 0.7021 | LR 2.9007e-06
2026-02-16 17:42:41 INFO Epoch 1 | Step 2560/10683 | Loss 0.7016 | LR 2.9086e-06
2026-02-16 17:42:59 INFO Epoch 1 | Step 2580/10683 | Loss 0.7013 | LR 2.9166e-06
2026-02-16 17:43:17 INFO Epoch 1 | Step 2600/10683 | Loss 0.7010 | LR 2.9246e-06
2026-02-16 17:43:35 INFO Epoch 1 | Step 2620/10683 | Loss 0.7006 | LR 2.9326e-06
2026-02-16 17:43:53 INFO Epoch 1 | Step 2640/10683 | Loss 0.7005 | LR 2.9408e-06
2026-02-16 17:44:11 INFO Epoch 1 | Step 2660/10683 | Loss 0.7002 | LR 2.9490e-06
2026-02-16 17:44:29 INFO Epoch 1 | Step 2680/10683 | Loss 0.6998 | LR 2.9572e-06
2026-02-16 17:44:47 INFO Epoch 1 | Step 2700/10683 | Loss 0.6994 | LR 2.9656e-06
2026-02-16 17:45:05 INFO Epoch 1 | Step 2720/10683 | Loss 0.6991 | LR 2.9739e-06
2026-02-16 17:45:23 INFO Epoch 1 | Step 2740/10683 | Loss 0.6988 | LR 2.9824e-06
2026-02-16 17:45:41 INFO Epoch 1 | Step 2760/10683 | Loss 0.6983 | LR 2.9909e-06
2026-02-16 17:45:59 INFO Epoch 1 | Step 2780/10683 | Loss 0.6981 | LR 2.9995e-06
2026-02-16 17:46:17 INFO Epoch 1 | Step 2800/10683 | Loss 0.6979 | LR 3.0081e-06
2026-02-16 17:46:35 INFO Epoch 1 | Step 2820/10683 | Loss 0.6975 | LR 3.0168e-06
2026-02-16 17:46:54 INFO Epoch 1 | Step 2840/10683 | Loss 0.6971 | LR 3.0255e-06
2026-02-16 17:47:12 INFO Epoch 1 | Step 2860/10683 | Loss 0.6966 | LR 3.0343e-06
2026-02-16 17:47:30 INFO Epoch 1 | Step 2880/10683 | Loss 0.6963 | LR 3.0432e-06
2026-02-16 17:47:48 INFO Epoch 1 | Step 2900/10683 | Loss 0.6959 | LR 3.0521e-06
2026-02-16 17:48:06 INFO Epoch 1 | Step 2920/10683 | Loss 0.6956 | LR 3.0611e-06
2026-02-16 17:48:24 INFO Epoch 1 | Step 2940/10683 | Loss 0.6953 | LR 3.0702e-06
2026-02-16 17:48:42 INFO Epoch 1 | Step 2960/10683 | Loss 0.6950 | LR 3.0793e-06
2026-02-16 17:49:01 INFO Epoch 1 | Step 2980/10683 | Loss 0.6948 | LR 3.0884e-06
2026-02-16 17:49:19 INFO Epoch 1 | Step 3000/10683 | Loss 0.6946 | LR 3.0977e-06
2026-02-16 17:49:37 INFO Epoch 1 | Step 3020/10683 | Loss 0.6944 | LR 3.1070e-06
2026-02-16 17:49:55 INFO Epoch 1 | Step 3040/10683 | Loss 0.6939 | LR 3.1163e-06
2026-02-16 17:50:13 INFO Epoch 1 | Step 3060/10683 | Loss 0.6938 | LR 3.1257e-06
2026-02-16 17:50:32 INFO Epoch 1 | Step 3080/10683 | Loss 0.6934 | LR 3.1352e-06
2026-02-16 17:50:50 INFO Epoch 1 | Step 3100/10683 | Loss 0.6932 | LR 3.1448e-06
2026-02-16 17:51:08 INFO Epoch 1 | Step 3120/10683 | Loss 0.6931 | LR 3.1544e-06
2026-02-16 17:51:26 INFO Epoch 1 | Step 3140/10683 | Loss 0.6928 | LR 3.1640e-06
2026-02-16 17:51:45 INFO Epoch 1 | Step 3160/10683 | Loss 0.6925 | LR 3.1737e-06
2026-02-16 17:52:03 INFO Epoch 1 | Step 3180/10683 | Loss 0.6923 | LR 3.1835e-06
2026-02-16 17:52:21 INFO Epoch 1 | Step 3200/10683 | Loss 0.6921 | LR 3.1934e-06
2026-02-16 17:52:39 INFO Epoch 1 | Step 3220/10683 | Loss 0.6917 | LR 3.2033e-06
2026-02-16 17:52:57 INFO Epoch 1 | Step 3240/10683 | Loss 0.6915 | LR 3.2132e-06
2026-02-16 17:53:15 INFO Epoch 1 | Step 3260/10683 | Loss 0.6913 | LR 3.2232e-06
2026-02-16 17:53:34 INFO Epoch 1 | Step 3280/10683 | Loss 0.6909 | LR 3.2333e-06
2026-02-16 17:53:52 INFO Epoch 1 | Step 3300/10683 | Loss 0.6906 | LR 3.2435e-06
2026-02-16 17:54:10 INFO Epoch 1 | Step 3320/10683 | Loss 0.6903 | LR 3.2537e-06
2026-02-16 17:54:28 INFO Epoch 1 | Step 3340/10683 | Loss 0.6899 | LR 3.2639e-06
2026-02-16 17:54:47 INFO Epoch 1 | Step 3360/10683 | Loss 0.6897 | LR 3.2743e-06
2026-02-16 17:55:05 INFO Epoch 1 | Step 3380/10683 | Loss 0.6892 | LR 3.2847e-06
2026-02-16 17:55:23 INFO Epoch 1 | Step 3400/10683 | Loss 0.6890 | LR 3.2951e-06
2026-02-16 17:55:41 INFO Epoch 1 | Step 3420/10683 | Loss 0.6888 | LR 3.3056e-06
2026-02-16 17:56:00 INFO Epoch 1 | Step 3440/10683 | Loss 0.6886 | LR 3.3162e-06
2026-02-16 17:56:18 INFO Epoch 1 | Step 3460/10683 | Loss 0.6883 | LR 3.3268e-06
2026-02-16 17:56:36 INFO Epoch 1 | Step 3480/10683 | Loss 0.6880 | LR 3.3375e-06
2026-02-16 17:56:55 INFO Epoch 1 | Step 3500/10683 | Loss 0.6877 | LR 3.3482e-06
2026-02-16 17:57:13 INFO Epoch 1 | Step 3520/10683 | Loss 0.6875 | LR 3.3590e-06
2026-02-16 17:57:31 INFO Epoch 1 | Step 3540/10683 | Loss 0.6873 | LR 3.3699e-06
2026-02-16 17:57:49 INFO Epoch 1 | Step 3560/10683 | Loss 0.6871 | LR 3.3808e-06
2026-02-16 17:58:08 INFO Epoch 1 | Step 3580/10683 | Loss 0.6868 | LR 3.3918e-06
2026-02-16 17:58:26 INFO Epoch 1 | Step 3600/10683 | Loss 0.6865 | LR 3.4029e-06
2026-02-16 17:58:45 INFO Epoch 1 | Step 3620/10683 | Loss 0.6863 | LR 3.4140e-06
2026-02-16 17:59:03 INFO Epoch 1 | Step 3640/10683 | Loss 0.6860 | LR 3.4251e-06
2026-02-16 17:59:21 INFO Epoch 1 | Step 3660/10683 | Loss 0.6856 | LR 3.4364e-06
2026-02-16 17:59:39 INFO Epoch 1 | Step 3680/10683 | Loss 0.6854 | LR 3.4477e-06
2026-02-16 17:59:58 INFO Epoch 1 | Step 3700/10683 | Loss 0.6851 | LR 3.4590e-06
2026-02-16 18:00:16 INFO Epoch 1 | Step 3720/10683 | Loss 0.6848 | LR 3.4704e-06
2026-02-16 18:00:34 INFO Epoch 1 | Step 3740/10683 | Loss 0.6844 | LR 3.4819e-06
2026-02-16 18:00:52 INFO Epoch 1 | Step 3760/10683 | Loss 0.6842 | LR 3.4934e-06
2026-02-16 18:01:11 INFO Epoch 1 | Step 3780/10683 | Loss 0.6842 | LR 3.5050e-06
2026-02-16 18:01:29 INFO Epoch 1 | Step 3800/10683 | Loss 0.6839 | LR 3.5166e-06
2026-02-16 18:01:47 INFO Epoch 1 | Step 3820/10683 | Loss 0.6836 | LR 3.5284e-06
2026-02-16 18:02:05 INFO Epoch 1 | Step 3840/10683 | Loss 0.6832 | LR 3.5401e-06
2026-02-16 18:02:24 INFO Epoch 1 | Step 3860/10683 | Loss 0.6829 | LR 3.5520e-06
2026-02-16 18:02:42 INFO Epoch 1 | Step 3880/10683 | Loss 0.6828 | LR 3.5638e-06
2026-02-16 18:03:00 INFO Epoch 1 | Step 3900/10683 | Loss 0.6826 | LR 3.5758e-06
2026-02-16 18:03:18 INFO Epoch 1 | Step 3920/10683 | Loss 0.6824 | LR 3.5878e-06
2026-02-16 18:03:36 INFO Epoch 1 | Step 3940/10683 | Loss 0.6822 | LR 3.5999e-06
2026-02-16 18:03:54 INFO Epoch 1 | Step 3960/10683 | Loss 0.6819 | LR 3.6120e-06
2026-02-16 18:04:13 INFO Epoch 1 | Step 3980/10683 | Loss 0.6817 | LR 3.6242e-06
2026-02-16 18:04:31 INFO Epoch 1 | Step 4000/10683 | Loss 0.6814 | LR 3.6364e-06
2026-02-16 18:04:49 INFO Epoch 1 | Step 4020/10683 | Loss 0.6811 | LR 3.6487e-06
2026-02-16 18:05:07 INFO Epoch 1 | Step 4040/10683 | Loss 0.6809 | LR 3.6611e-06
2026-02-16 18:05:26 INFO Epoch 1 | Step 4060/10683 | Loss 0.6807 | LR 3.6735e-06
2026-02-16 18:05:44 INFO Epoch 1 | Step 4080/10683 | Loss 0.6805 | LR 3.6860e-06
2026-02-16 18:06:02 INFO Epoch 1 | Step 4100/10683 | Loss 0.6803 | LR 3.6985e-06
2026-02-16 18:06:20 INFO Epoch 1 | Step 4120/10683 | Loss 0.6802 | LR 3.7111e-06
2026-02-16 18:06:39 INFO Epoch 1 | Step 4140/10683 | Loss 0.6801 | LR 3.7238e-06
2026-02-16 18:06:57 INFO Epoch 1 | Step 4160/10683 | Loss 0.6799 | LR 3.7365e-06
2026-02-16 18:07:15 INFO Epoch 1 | Step 4180/10683 | Loss 0.6796 | LR 3.7493e-06
2026-02-16 18:07:33 INFO Epoch 1 | Step 4200/10683 | Loss 0.6794 | LR 3.7621e-06
2026-02-16 18:07:52 INFO Epoch 1 | Step 4220/10683 | Loss 0.6793 | LR 3.7750e-06
2026-02-16 18:08:10 INFO Epoch 1 | Step 4240/10683 | Loss 0.6791 | LR 3.7880e-06
2026-02-16 18:08:28 INFO Epoch 1 | Step 4260/10683 | Loss 0.6789 | LR 3.8010e-06
2026-02-16 18:08:46 INFO Epoch 1 | Step 4280/10683 | Loss 0.6787 | LR 3.8141e-06
2026-02-16 18:09:05 INFO Epoch 1 | Step 4300/10683 | Loss 0.6785 | LR 3.8272e-06
2026-02-16 18:09:23 INFO Epoch 1 | Step 4320/10683 | Loss 0.6784 | LR 3.8404e-06
2026-02-16 18:09:41 INFO Epoch 1 | Step 4340/10683 | Loss 0.6781 | LR 3.8537e-06
2026-02-16 18:10:00 INFO Epoch 1 | Step 4360/10683 | Loss 0.6779 | LR 3.8670e-06
2026-02-16 18:10:18 INFO Epoch 1 | Step 4380/10683 | Loss 0.6778 | LR 3.8804e-06
2026-02-16 18:10:36 INFO Epoch 1 | Step 4400/10683 | Loss 0.6776 | LR 3.8938e-06
2026-02-16 18:10:55 INFO Epoch 1 | Step 4420/10683 | Loss 0.6774 | LR 3.9073e-06
2026-02-16 18:11:13 INFO Epoch 1 | Step 4440/10683 | Loss 0.6772 | LR 3.9208e-06
2026-02-16 18:11:31 INFO Epoch 1 | Step 4460/10683 | Loss 0.6770 | LR 3.9344e-06
2026-02-16 18:11:49 INFO Epoch 1 | Step 4480/10683 | Loss 0.6768 | LR 3.9481e-06
2026-02-16 18:12:08 INFO Epoch 1 | Step 4500/10683 | Loss 0.6765 | LR 3.9618e-06
2026-02-16 18:12:26 INFO Epoch 1 | Step 4520/10683 | Loss 0.6763 | LR 3.9756e-06
2026-02-16 18:12:44 INFO Epoch 1 | Step 4540/10683 | Loss 0.6761 | LR 3.9895e-06
2026-02-16 18:13:02 INFO Epoch 1 | Step 4560/10683 | Loss 0.6760 | LR 4.0034e-06
2026-02-16 18:13:20 INFO Epoch 1 | Step 4580/10683 | Loss 0.6757 | LR 4.0173e-06
2026-02-16 18:13:39 INFO Epoch 1 | Step 4600/10683 | Loss 0.6755 | LR 4.0314e-06
2026-02-16 18:13:57 INFO Epoch 1 | Step 4620/10683 | Loss 0.6753 | LR 4.0454e-06
2026-02-16 18:14:15 INFO Epoch 1 | Step 4640/10683 | Loss 0.6751 | LR 4.0596e-06
2026-02-16 18:14:34 INFO Epoch 1 | Step 4660/10683 | Loss 0.6750 | LR 4.0738e-06
2026-02-16 18:14:52 INFO Epoch 1 | Step 4680/10683 | Loss 0.6749 | LR 4.0880e-06
2026-02-16 18:15:10 INFO Epoch 1 | Step 4700/10683 | Loss 0.6746 | LR 4.1023e-06
2026-02-16 18:15:28 INFO Epoch 1 | Step 4720/10683 | Loss 0.6745 | LR 4.1167e-06
2026-02-16 18:15:46 INFO Epoch 1 | Step 4740/10683 | Loss 0.6743 | LR 4.1311e-06
2026-02-16 18:16:04 INFO Epoch 1 | Step 4760/10683 | Loss 0.6741 | LR 4.1456e-06
2026-02-16 18:16:23 INFO Epoch 1 | Step 4780/10683 | Loss 0.6740 | LR 4.1602e-06
2026-02-16 18:16:41 INFO Epoch 1 | Step 4800/10683 | Loss 0.6739 | LR 4.1748e-06
2026-02-16 18:16:59 INFO Epoch 1 | Step 4820/10683 | Loss 0.6736 | LR 4.1895e-06
2026-02-16 18:17:17 INFO Epoch 1 | Step 4840/10683 | Loss 0.6734 | LR 4.2042e-06
2026-02-16 18:17:36 INFO Epoch 1 | Step 4860/10683 | Loss 0.6732 | LR 4.2190e-06
2026-02-16 18:17:54 INFO Epoch 1 | Step 4880/10683 | Loss 0.6729 | LR 4.2338e-06
2026-02-16 18:18:12 INFO Epoch 1 | Step 4900/10683 | Loss 0.6727 | LR 4.2487e-06
2026-02-16 18:18:30 INFO Epoch 1 | Step 4920/10683 | Loss 0.6726 | LR 4.2637e-06
2026-02-16 18:18:48 INFO Epoch 1 | Step 4940/10683 | Loss 0.6724 | LR 4.2787e-06
2026-02-16 18:19:06 INFO Epoch 1 | Step 4960/10683 | Loss 0.6722 | LR 4.2937e-06
2026-02-16 18:19:24 INFO Epoch 1 | Step 4980/10683 | Loss 0.6719 | LR 4.3089e-06
2026-02-16 18:19:43 INFO Epoch 1 | Step 5000/10683 | Loss 0.6718 | LR 4.3241e-06
2026-02-16 18:20:01 INFO Epoch 1 | Step 5020/10683 | Loss 0.6716 | LR 4.3393e-06
2026-02-16 18:20:19 INFO Epoch 1 | Step 5040/10683 | Loss 0.6715 | LR 4.3546e-06
2026-02-16 18:20:37 INFO Epoch 1 | Step 5060/10683 | Loss 0.6713 | LR 4.3700e-06
2026-02-16 18:20:55 INFO Epoch 1 | Step 5080/10683 | Loss 0.6711 | LR 4.3854e-06
2026-02-16 18:21:13 INFO Epoch 1 | Step 5100/10683 | Loss 0.6708 | LR 4.4009e-06
2026-02-16 18:21:32 INFO Epoch 1 | Step 5120/10683 | Loss 0.6706 | LR 4.4164e-06
2026-02-16 18:21:50 INFO Epoch 1 | Step 5140/10683 | Loss 0.6704 | LR 4.4320e-06
2026-02-16 18:22:08 INFO Epoch 1 | Step 5160/10683 | Loss 0.6702 | LR 4.4477e-06
2026-02-16 18:22:26 INFO Epoch 1 | Step 5180/10683 | Loss 0.6700 | LR 4.4634e-06
2026-02-16 18:22:44 INFO Epoch 1 | Step 5200/10683 | Loss 0.6698 | LR 4.4792e-06
2026-02-16 18:23:02 INFO Epoch 1 | Step 5220/10683 | Loss 0.6696 | LR 4.4950e-06
2026-02-16 18:23:21 INFO Epoch 1 | Step 5240/10683 | Loss 0.6694 | LR 4.5109e-06
2026-02-16 18:23:39 INFO Epoch 1 | Step 5260/10683 | Loss 0.6691 | LR 4.5268e-06
2026-02-16 18:23:57 INFO Epoch 1 | Step 5280/10683 | Loss 0.6689 | LR 4.5428e-06
2026-02-16 18:24:15 INFO Epoch 1 | Step 5300/10683 | Loss 0.6687 | LR 4.5589e-06
2026-02-16 18:24:33 INFO Epoch 1 | Step 5320/10683 | Loss 0.6685 | LR 4.5750e-06
2026-02-16 18:24:51 INFO Epoch 1 | Step 5340/10683 | Loss 0.6683 | LR 4.5912e-06
2026-02-16 18:25:10 INFO Epoch 1 | Step 5360/10683 | Loss 0.6680 | LR 4.6074e-06
2026-02-16 18:25:28 INFO Epoch 1 | Step 5380/10683 | Loss 0.6679 | LR 4.6237e-06
2026-02-16 18:25:46 INFO Epoch 1 | Step 5400/10683 | Loss 0.6677 | LR 4.6400e-06
2026-02-16 18:26:04 INFO Epoch 1 | Step 5420/10683 | Loss 0.6676 | LR 4.6564e-06
2026-02-16 18:26:22 INFO Epoch 1 | Step 5440/10683 | Loss 0.6674 | LR 4.6729e-06
2026-02-16 18:26:40 INFO Epoch 1 | Step 5460/10683 | Loss 0.6673 | LR 4.6894e-06
2026-02-16 18:26:58 INFO Epoch 1 | Step 5480/10683 | Loss 0.6671 | LR 4.7060e-06
2026-02-16 18:27:16 INFO Epoch 1 | Step 5500/10683 | Loss 0.6668 | LR 4.7226e-06
2026-02-16 18:27:35 INFO Epoch 1 | Step 5520/10683 | Loss 0.6666 | LR 4.7393e-06
2026-02-16 18:27:53 INFO Epoch 1 | Step 5540/10683 | Loss 0.6665 | LR 4.7560e-06
2026-02-16 18:28:11 INFO Epoch 1 | Step 5560/10683 | Loss 0.6664 | LR 4.7728e-06
2026-02-16 18:28:29 INFO Epoch 1 | Step 5580/10683 | Loss 0.6662 | LR 4.7897e-06
2026-02-16 18:28:47 INFO Epoch 1 | Step 5600/10683 | Loss 0.6660 | LR 4.8066e-06
2026-02-16 18:29:05 INFO Epoch 1 | Step 5620/10683 | Loss 0.6659 | LR 4.8236e-06
2026-02-16 18:29:24 INFO Epoch 1 | Step 5640/10683 | Loss 0.6657 | LR 4.8406e-06
2026-02-16 18:29:42 INFO Epoch 1 | Step 5660/10683 | Loss 0.6656 | LR 4.8577e-06
2026-02-16 18:30:00 INFO Epoch 1 | Step 5680/10683 | Loss 0.6654 | LR 4.8749e-06
2026-02-16 18:30:18 INFO Epoch 1 | Step 5700/10683 | Loss 0.6651 | LR 4.8921e-06
2026-02-16 18:30:36 INFO Epoch 1 | Step 5720/10683 | Loss 0.6650 | LR 4.9093e-06
2026-02-16 18:30:55 INFO Epoch 1 | Step 5740/10683 | Loss 0.6647 | LR 4.9266e-06
2026-02-16 18:31:13 INFO Epoch 1 | Step 5760/10683 | Loss 0.6646 | LR 4.9440e-06
2026-02-16 18:31:31 INFO Epoch 1 | Step 5780/10683 | Loss 0.6645 | LR 4.9615e-06
2026-02-16 18:31:49 INFO Epoch 1 | Step 5800/10683 | Loss 0.6643 | LR 4.9789e-06
2026-02-16 18:32:07 INFO Epoch 1 | Step 5820/10683 | Loss 0.6641 | LR 4.9965e-06
2026-02-16 18:32:25 INFO Epoch 1 | Step 5840/10683 | Loss 0.6639 | LR 5.0141e-06
2026-02-16 18:32:43 INFO Epoch 1 | Step 5860/10683 | Loss 0.6636 | LR 5.0317e-06
2026-02-16 18:33:02 INFO Epoch 1 | Step 5880/10683 | Loss 0.6635 | LR 5.0495e-06
2026-02-16 18:33:20 INFO Epoch 1 | Step 5900/10683 | Loss 0.6632 | LR 5.0672e-06
2026-02-16 18:33:38 INFO Epoch 1 | Step 5920/10683 | Loss 0.6632 | LR 5.0851e-06
2026-02-16 18:33:57 INFO Epoch 1 | Step 5940/10683 | Loss 0.6630 | LR 5.1029e-06
2026-02-16 18:34:15 INFO Epoch 1 | Step 5960/10683 | Loss 0.6629 | LR 5.1209e-06
2026-02-16 18:34:33 INFO Epoch 1 | Step 5980/10683 | Loss 0.6627 | LR 5.1389e-06
2026-02-16 18:34:51 INFO Epoch 1 | Step 6000/10683 | Loss 0.6626 | LR 5.1569e-06
2026-02-16 18:35:09 INFO Epoch 1 | Step 6020/10683 | Loss 0.6624 | LR 5.1750e-06
2026-02-16 18:35:27 INFO Epoch 1 | Step 6040/10683 | Loss 0.6622 | LR 5.1932e-06
2026-02-16 18:35:45 INFO Epoch 1 | Step 6060/10683 | Loss 0.6620 | LR 5.2114e-06
2026-02-16 18:36:03 INFO Epoch 1 | Step 6080/10683 | Loss 0.6617 | LR 5.2297e-06
2026-02-16 18:36:21 INFO Epoch 1 | Step 6100/10683 | Loss 0.6614 | LR 5.2480e-06
2026-02-16 18:36:39 INFO Epoch 1 | Step 6120/10683 | Loss 0.6613 | LR 5.2664e-06
2026-02-16 18:36:57 INFO Epoch 1 | Step 6140/10683 | Loss 0.6611 | LR 5.2849e-06
2026-02-16 18:37:15 INFO Epoch 1 | Step 6160/10683 | Loss 0.6610 | LR 5.3034e-06
2026-02-16 18:37:33 INFO Epoch 1 | Step 6180/10683 | Loss 0.6609 | LR 5.3219e-06
2026-02-16 18:37:51 INFO Epoch 1 | Step 6200/10683 | Loss 0.6607 | LR 5.3405e-06
2026-02-16 18:38:09 INFO Epoch 1 | Step 6220/10683 | Loss 0.6606 | LR 5.3592e-06
2026-02-16 18:38:27 INFO Epoch 1 | Step 6240/10683 | Loss 0.6604 | LR 5.3779e-06
2026-02-16 18:38:46 INFO Epoch 1 | Step 6260/10683 | Loss 0.6602 | LR 5.3967e-06
2026-02-16 18:39:04 INFO Epoch 1 | Step 6280/10683 | Loss 0.6600 | LR 5.4156e-06
2026-02-16 18:39:22 INFO Epoch 1 | Step 6300/10683 | Loss 0.6599 | LR 5.4344e-06
2026-02-16 18:39:40 INFO Epoch 1 | Step 6320/10683 | Loss 0.6597 | LR 5.4534e-06
2026-02-16 18:39:58 INFO Epoch 1 | Step 6340/10683 | Loss 0.6595 | LR 5.4724e-06
2026-02-16 18:40:16 INFO Epoch 1 | Step 6360/10683 | Loss 0.6593 | LR 5.4915e-06
2026-02-16 18:40:34 INFO Epoch 1 | Step 6380/10683 | Loss 0.6591 | LR 5.5106e-06
2026-02-16 18:40:52 INFO Epoch 1 | Step 6400/10683 | Loss 0.6589 | LR 5.5297e-06
2026-02-16 18:41:10 INFO Epoch 1 | Step 6420/10683 | Loss 0.6588 | LR 5.5490e-06
2026-02-16 18:41:28 INFO Epoch 1 | Step 6440/10683 | Loss 0.6586 | LR 5.5683e-06
2026-02-16 18:41:46 INFO Epoch 1 | Step 6460/10683 | Loss 0.6584 | LR 5.5876e-06
2026-02-16 18:42:04 INFO Epoch 1 | Step 6480/10683 | Loss 0.6583 | LR 5.6070e-06
2026-02-16 18:42:22 INFO Epoch 1 | Step 6500/10683 | Loss 0.6581 | LR 5.6264e-06
2026-02-16 18:42:41 INFO Epoch 1 | Step 6520/10683 | Loss 0.6579 | LR 5.6459e-06
2026-02-16 18:42:59 INFO Epoch 1 | Step 6540/10683 | Loss 0.6577 | LR 5.6655e-06
2026-02-16 18:43:17 INFO Epoch 1 | Step 6560/10683 | Loss 0.6576 | LR 5.6851e-06
2026-02-16 18:43:35 INFO Epoch 1 | Step 6580/10683 | Loss 0.6575 | LR 5.7048e-06
2026-02-16 18:43:53 INFO Epoch 1 | Step 6600/10683 | Loss 0.6573 | LR 5.7245e-06
2026-02-16 18:44:11 INFO Epoch 1 | Step 6620/10683 | Loss 0.6572 | LR 5.7443e-06
2026-02-16 18:44:29 INFO Epoch 1 | Step 6640/10683 | Loss 0.6571 | LR 5.7641e-06
2026-02-16 18:44:47 INFO Epoch 1 | Step 6660/10683 | Loss 0.6570 | LR 5.7840e-06
2026-02-16 18:45:05 INFO Epoch 1 | Step 6680/10683 | Loss 0.6568 | LR 5.8039e-06
2026-02-16 18:45:23 INFO Epoch 1 | Step 6700/10683 | Loss 0.6566 | LR 5.8239e-06
2026-02-16 18:45:41 INFO Epoch 1 | Step 6720/10683 | Loss 0.6565 | LR 5.8440e-06
2026-02-16 18:45:59 INFO Epoch 1 | Step 6740/10683 | Loss 0.6563 | LR 5.8641e-06
2026-02-16 18:46:17 INFO Epoch 1 | Step 6760/10683 | Loss 0.6562 | LR 5.8843e-06
2026-02-16 18:46:35 INFO Epoch 1 | Step 6780/10683 | Loss 0.6561 | LR 5.9045e-06
2026-02-16 18:46:53 INFO Epoch 1 | Step 6800/10683 | Loss 0.6559 | LR 5.9248e-06
2026-02-16 18:47:11 INFO Epoch 1 | Step 6820/10683 | Loss 0.6558 | LR 5.9451e-06
2026-02-16 18:47:29 INFO Epoch 1 | Step 6840/10683 | Loss 0.6556 | LR 5.9655e-06
2026-02-16 18:47:47 INFO Epoch 1 | Step 6860/10683 | Loss 0.6554 | LR 5.9859e-06
2026-02-16 18:48:05 INFO Epoch 1 | Step 6880/10683 | Loss 0.6553 | LR 6.0064e-06
2026-02-16 18:48:23 INFO Epoch 1 | Step 6900/10683 | Loss 0.6552 | LR 6.0269e-06
2026-02-16 18:48:41 INFO Epoch 1 | Step 6920/10683 | Loss 0.6549 | LR 6.0475e-06
2026-02-16 18:48:59 INFO Epoch 1 | Step 6940/10683 | Loss 0.6548 | LR 6.0682e-06
2026-02-16 18:49:18 INFO Epoch 1 | Step 6960/10683 | Loss 0.6546 | LR 6.0889e-06
2026-02-16 18:49:36 INFO Epoch 1 | Step 6980/10683 | Loss 0.6545 | LR 6.1097e-06
2026-02-16 18:49:54 INFO Epoch 1 | Step 7000/10683 | Loss 0.6543 | LR 6.1305e-06
2026-02-16 18:50:13 INFO Epoch 1 | Step 7020/10683 | Loss 0.6542 | LR 6.1514e-06
2026-02-16 18:50:31 INFO Epoch 1 | Step 7040/10683 | Loss 0.6540 | LR 6.1723e-06
2026-02-16 18:50:49 INFO Epoch 1 | Step 7060/10683 | Loss 0.6538 | LR 6.1933e-06
2026-02-16 18:51:07 INFO Epoch 1 | Step 7080/10683 | Loss 0.6537 | LR 6.2143e-06
2026-02-16 18:51:25 INFO Epoch 1 | Step 7100/10683 | Loss 0.6533 | LR 6.2354e-06
2026-02-16 18:51:43 INFO Epoch 1 | Step 7120/10683 | Loss 0.6532 | LR 6.2565e-06
2026-02-16 18:52:01 INFO Epoch 1 | Step 7140/10683 | Loss 0.6530 | LR 6.2777e-06
2026-02-16 18:52:20 INFO Epoch 1 | Step 7160/10683 | Loss 0.6528 | LR 6.2990e-06
2026-02-16 18:52:38 INFO Epoch 1 | Step 7180/10683 | Loss 0.6527 | LR 6.3203e-06
2026-02-16 18:52:56 INFO Epoch 1 | Step 7200/10683 | Loss 0.6525 | LR 6.3416e-06
2026-02-16 18:53:14 INFO Epoch 1 | Step 7220/10683 | Loss 0.6523 | LR 6.3630e-06
2026-02-16 18:53:32 INFO Epoch 1 | Step 7240/10683 | Loss 0.6521 | LR 6.3845e-06
2026-02-16 18:53:50 INFO Epoch 1 | Step 7260/10683 | Loss 0.6519 | LR 6.4060e-06
2026-02-16 18:54:09 INFO Epoch 1 | Step 7280/10683 | Loss 0.6519 | LR 6.4276e-06
2026-02-16 18:54:27 INFO Epoch 1 | Step 7300/10683 | Loss 0.6517 | LR 6.4492e-06
2026-02-16 18:54:45 INFO Epoch 1 | Step 7320/10683 | Loss 0.6515 | LR 6.4709e-06
2026-02-16 18:55:03 INFO Epoch 1 | Step 7340/10683 | Loss 0.6513 | LR 6.4926e-06
2026-02-16 18:55:21 INFO Epoch 1 | Step 7360/10683 | Loss 0.6512 | LR 6.5144e-06
2026-02-16 18:55:39 INFO Epoch 1 | Step 7380/10683 | Loss 0.6510 | LR 6.5363e-06
2026-02-16 18:55:58 INFO Epoch 1 | Step 7400/10683 | Loss 0.6508 | LR 6.5582e-06
2026-02-16 18:56:16 INFO Epoch 1 | Step 7420/10683 | Loss 0.6506 | LR 6.5801e-06
2026-02-16 18:56:34 INFO Epoch 1 | Step 7440/10683 | Loss 0.6505 | LR 6.6021e-06
2026-02-16 18:56:52 INFO Epoch 1 | Step 7460/10683 | Loss 0.6504 | LR 6.6242e-06
2026-02-16 18:57:10 INFO Epoch 1 | Step 7480/10683 | Loss 0.6503 | LR 6.6463e-06
2026-02-16 18:57:28 INFO Epoch 1 | Step 7500/10683 | Loss 0.6501 | LR 6.6684e-06
2026-02-16 18:57:47 INFO Epoch 1 | Step 7520/10683 | Loss 0.6500 | LR 6.6906e-06
2026-02-16 18:58:05 INFO Epoch 1 | Step 7540/10683 | Loss 0.6498 | LR 6.7129e-06
2026-02-16 18:58:23 INFO Epoch 1 | Step 7560/10683 | Loss 0.6497 | LR 6.7352e-06
2026-02-16 18:58:41 INFO Epoch 1 | Step 7580/10683 | Loss 0.6495 | LR 6.7576e-06
2026-02-16 18:58:59 INFO Epoch 1 | Step 7600/10683 | Loss 0.6493 | LR 6.7800e-06
2026-02-16 18:59:17 INFO Epoch 1 | Step 7620/10683 | Loss 0.6490 | LR 6.8025e-06
2026-02-16 18:59:36 INFO Epoch 1 | Step 7640/10683 | Loss 0.6489 | LR 6.8250e-06
2026-02-16 18:59:54 INFO Epoch 1 | Step 7660/10683 | Loss 0.6487 | LR 6.8476e-06
2026-02-16 19:00:12 INFO Epoch 1 | Step 7680/10683 | Loss 0.6485 | LR 6.8702e-06
2026-02-16 19:00:30 INFO Epoch 1 | Step 7700/10683 | Loss 0.6483 | LR 6.8929e-06
2026-02-16 19:00:48 INFO Epoch 1 | Step 7720/10683 | Loss 0.6481 | LR 6.9157e-06
2026-02-16 19:01:07 INFO Epoch 1 | Step 7740/10683 | Loss 0.6479 | LR 6.9384e-06
2026-02-16 19:01:25 INFO Epoch 1 | Step 7760/10683 | Loss 0.6477 | LR 6.9613e-06
2026-02-16 19:01:43 INFO Epoch 1 | Step 7780/10683 | Loss 0.6476 | LR 6.9842e-06
2026-02-16 19:02:01 INFO Epoch 1 | Step 7800/10683 | Loss 0.6475 | LR 7.0071e-06
2026-02-16 19:02:19 INFO Epoch 1 | Step 7820/10683 | Loss 0.6473 | LR 7.0301e-06
2026-02-16 19:02:37 INFO Epoch 1 | Step 7840/10683 | Loss 0.6471 | LR 7.0532e-06
2026-02-16 19:02:56 INFO Epoch 1 | Step 7860/10683 | Loss 0.6470 | LR 7.0763e-06
2026-02-16 19:03:14 INFO Epoch 1 | Step 7880/10683 | Loss 0.6469 | LR 7.0995e-06
2026-02-16 19:03:32 INFO Epoch 1 | Step 7900/10683 | Loss 0.6468 | LR 7.1227e-06
2026-02-16 19:03:50 INFO Epoch 1 | Step 7920/10683 | Loss 0.6466 | LR 7.1459e-06
2026-02-16 19:04:08 INFO Epoch 1 | Step 7940/10683 | Loss 0.6464 | LR 7.1692e-06
2026-02-16 19:04:26 INFO Epoch 1 | Step 7960/10683 | Loss 0.6463 | LR 7.1926e-06
2026-02-16 19:04:45 INFO Epoch 1 | Step 7980/10683 | Loss 0.6461 | LR 7.2160e-06
2026-02-16 19:05:03 INFO Epoch 1 | Step 8000/10683 | Loss 0.6460 | LR 7.2395e-06
2026-02-16 19:05:21 INFO Epoch 1 | Step 8020/10683 | Loss 0.6459 | LR 7.2630e-06
2026-02-16 19:05:39 INFO Epoch 1 | Step 8040/10683 | Loss 0.6457 | LR 7.2866e-06
2026-02-16 19:05:57 INFO Epoch 1 | Step 8060/10683 | Loss 0.6456 | LR 7.3102e-06
2026-02-16 19:06:16 INFO Epoch 1 | Step 8080/10683 | Loss 0.6453 | LR 7.3339e-06
2026-02-16 19:06:34 INFO Epoch 1 | Step 8100/10683 | Loss 0.6452 | LR 7.3576e-06
