2025-12-01 18:56:48,243 | INFO | ================================================================================
2025-12-01 18:56:48,243 | INFO | Starting ML training for model 'random_forest' with run_id '20251201_185648'
2025-12-01 18:56:48,243 | INFO | Logs will be written to: logs/ml/random_forest/20251201_185648/log.log
2025-12-01 18:56:48,244 | INFO | ================================================================================
2025-12-01 18:56:48,244 | INFO | Loading training data...
2025-12-01 18:56:48,246 | INFO | Loading ML embeddings from data/TMP/processed/TMP_embeddings.npz...
2025-12-01 18:59:07,567 | INFO | Loaded 21391 protein embeddings
2025-12-01 18:59:08,178 | INFO | Loading ML features: 2535439 pairs, feature_dim=3072
2025-12-01 19:01:44,888 | INFO | Class distribution: 58989 positive, 2476450 negative
2025-12-01 19:01:44,914 | INFO | Loading validation data...
2025-12-01 19:01:44,988 | INFO | Loading ML features: 281717 pairs, feature_dim=3072
2025-12-01 19:02:00,861 | INFO | Class distribution: 6555 positive, 275162 negative
2025-12-01 19:02:00,864 | INFO | Loading test data...
2025-12-01 19:02:00,905 | INFO | Loading ML features: 188697 pairs, feature_dim=3072
2025-12-01 19:02:11,788 | INFO | Class distribution: 4788 positive, 183909 negative
2025-12-01 19:02:11,790 | INFO | Data loaded: train=2535439, val=281717, test=188697
2025-12-01 19:02:11,791 | INFO | Building model: random_forest
2025-12-01 19:02:11,791 | INFO | Model params: {'n_estimators': 300, 'max_depth': 12, 'min_samples_split': 10, 'min_samples_leaf': 5, 'max_features': 'sqrt', 'class_weight': 'balanced', 'n_jobs': -1, 'verbose': 1, 'random_state': 47}
2025-12-01 19:02:11,791 | INFO | Starting training...
2025-12-01 19:02:11,791 | INFO | Training RandomForest on 2535439 samples, 3072 features
2025-12-01 19:41:27,199 | INFO | RandomForest training complete
2025-12-01 19:41:27,581 | INFO | Model saved to: models/ml/random_forest/20251201_185648/random_forest_model.joblib
2025-12-01 19:41:27,581 | INFO | Evaluating on validation: 281717 samples
2025-12-01 19:41:33,693 | INFO | validation results:
2025-12-01 19:41:33,693 | INFO |   auroc: 0.9732
2025-12-01 19:41:33,693 | INFO |   auprc: 0.5787
2025-12-01 19:41:33,693 | INFO |   accuracy: 0.8643
2025-12-01 19:41:33,693 | INFO |   precision: 0.1437
2025-12-01 19:41:33,694 | INFO |   recall: 0.9744
2025-12-01 19:41:33,694 | INFO |   sensitivity: 0.9744
2025-12-01 19:41:33,694 | INFO |   specificity: 0.8617
2025-12-01 19:41:33,694 | INFO |   f1: 0.2505
2025-12-01 19:41:33,694 | INFO |   mcc: 0.3458
2025-12-01 19:41:33,694 | INFO | Evaluating on test: 188697 samples
2025-12-01 19:41:37,834 | INFO | test results:
2025-12-01 19:41:37,834 | INFO |   auroc: 0.6110
2025-12-01 19:41:37,834 | INFO |   auprc: 0.0349
2025-12-01 19:41:37,834 | INFO |   accuracy: 0.2156
2025-12-01 19:41:37,834 | INFO |   precision: 0.0283
2025-12-01 19:41:37,835 | INFO |   recall: 0.8977
2025-12-01 19:41:37,835 | INFO |   sensitivity: 0.8977
2025-12-01 19:41:37,835 | INFO |   specificity: 0.1978
2025-12-01 19:41:37,835 | INFO |   f1: 0.0549
2025-12-01 19:41:37,835 | INFO |   mcc: 0.0379
2025-12-01 19:41:37,835 | INFO | Evaluating on train: 2535439 samples
2025-12-01 19:51:29,588 | INFO | train results:
2025-12-01 19:51:29,589 | INFO |   auroc: 0.9799
2025-12-01 19:51:29,589 | INFO |   auprc: 0.6391
2025-12-01 19:51:29,589 | INFO |   accuracy: 0.8656
2025-12-01 19:51:29,589 | INFO |   precision: 0.1468
2025-12-01 19:51:29,589 | INFO |   recall: 0.9925
2025-12-01 19:51:29,589 | INFO |   sensitivity: 0.9925
2025-12-01 19:51:29,589 | INFO |   specificity: 0.8626
2025-12-01 19:51:29,589 | INFO |   f1: 0.2558
2025-12-01 19:51:29,589 | INFO |   mcc: 0.3540
2025-12-01 19:51:29,602 | INFO | Results saved to: logs/ml/random_forest/20251201_185648/evaluation_results.csv
2025-12-01 19:51:29,611 | INFO | Full results saved to: logs/ml/random_forest/20251201_185648/results.json
2025-12-01 19:51:29,612 | INFO | ML pipeline completed successfully
