2026-02-02 06:02:54,503 | INFO | ================================================================================
2026-02-02 06:02:54,503 | INFO | Starting pretrain stage for model 'v3' with run_id '20260202_060253'
2026-02-02 06:02:54,503 | INFO | ================================================================================
2026-02-02 06:02:54,503 | INFO | Logs will be written to: logs/v3/pretrain/20260202_060253/log.log
2026-02-02 06:02:54,503 | INFO | ================================================================================
2026-02-02 06:02:54,503 | INFO | Starting pretrain stage for model 'v3' with run_id '20260202_060253'
2026-02-02 06:02:54,503 | INFO | Logs will be written to: logs/v3/pretrain/20260202_060253/log.log
2026-02-02 06:02:54,503 | INFO | ================================================================================
2026-02-02 06:02:54,503 | INFO | Trainable parameters: 10,197,633
2026-02-02 06:02:54,503 | INFO | Building dataloaders for pretrain stage
2026-02-02 06:02:54,503 | INFO | ================================================================================
2026-02-02 06:02:54,504 | INFO | Starting pretrain stage for model 'v3' with run_id '20260202_060253'
2026-02-02 06:02:54,504 | INFO | Logs will be written to: logs/v3/pretrain/20260202_060253/log.log
2026-02-02 06:02:54,503 | INFO | Trainable parameters: 10,197,633
2026-02-02 06:02:54,504 | INFO | ================================================================================
2026-02-02 06:02:54,504 | INFO | ================================================================================
2026-02-02 06:02:54,504 | INFO | Building dataloaders for pretrain stage
2026-02-02 06:02:54,504 | INFO | Starting pretrain stage for model 'v3' with run_id '20260202_060253'
2026-02-02 06:02:54,504 | INFO | Logs will be written to: logs/v3/pretrain/20260202_060253/log.log
2026-02-02 06:02:54,504 | INFO | ================================================================================
2026-02-02 06:02:54,504 | INFO | Trainable parameters: 10,197,633
2026-02-02 06:02:54,505 | INFO | Building dataloaders for pretrain stage
2026-02-02 06:02:54,504 | INFO | Trainable parameters: 10,197,633
2026-02-02 06:02:54,505 | INFO | Building dataloaders for pretrain stage
2026-02-02 06:02:54,535 | INFO | Loaded sharded embeddings from data/TMP/processed/TMP_embeddings.npz (21391 proteins, max_len=768)
2026-02-02 06:02:55,131 | INFO | Dataset: 1367504 pairs (683752 pos, 683752 neg)
2026-02-02 06:02:55,132 | INFO | DataLoader built for pretrain_train_balanced.csv: num_workers=0, pin_memory=False, prefetch_factor=None, persistent_workers=False, sampler=DistributedSampler
2026-02-02 06:02:55,181 | INFO | Dataset: 71974 pairs (35987 pos, 35987 neg)
2026-02-02 06:02:55,182 | INFO | DataLoader built for pretrain_val_balanced.csv: num_workers=0, pin_memory=False, prefetch_factor=None, persistent_workers=False, sampler=DistributedSampler
2026-02-02 06:02:55,182 | INFO | Starting pretrain for 40 epochs
2026-02-02 06:02:55,182 | INFO | Monitor metric: auprc, Patience: 5
2026-02-02 06:02:55,186 | INFO | 
============================================================
2026-02-02 06:02:55,186 | INFO | Pretrain Epoch 0/39
2026-02-02 06:02:55,187 | INFO | ============================================================
2026-02-02 07:33:48,173 | INFO | Epoch 0: avg_loss=0.620932, lr=3.83e-06
2026-02-02 07:33:48,173 | INFO | Validation metrics: val_loss=0.673254, val_auprc=0.706799, val_auroc=0.689143
2026-02-02 07:33:48,476 | INFO | Saved best pretrain checkpoint: models/v3/pretrain/20260202_060253/best_model.pth (auprc=0.706799)
2026-02-02 07:33:48,477 | INFO | 
============================================================
2026-02-02 07:33:48,477 | INFO | Pretrain Epoch 1/39
2026-02-02 07:33:48,477 | INFO | ============================================================
2026-02-02 09:09:38,748 | INFO | Epoch 1: avg_loss=0.498100, lr=9.03e-06
2026-02-02 09:09:38,748 | INFO | Validation metrics: val_loss=0.559188, val_auprc=0.821910, val_auroc=0.813055
2026-02-02 09:09:39,061 | INFO | Saved best pretrain checkpoint: models/v3/pretrain/20260202_060253/best_model.pth (auprc=0.821910)
2026-02-02 09:09:39,061 | INFO | 
============================================================
2026-02-02 09:09:39,061 | INFO | Pretrain Epoch 2/39
2026-02-02 09:09:39,061 | INFO | ============================================================
2026-02-02 10:42:46,566 | INFO | Epoch 2: avg_loss=0.389679, lr=1.68e-05
2026-02-02 10:42:46,567 | INFO | Validation metrics: val_loss=0.454670, val_auprc=0.888627, val_auroc=0.880775
2026-02-02 10:42:46,880 | INFO | Saved best pretrain checkpoint: models/v3/pretrain/20260202_060253/best_model.pth (auprc=0.888627)
2026-02-02 10:42:46,880 | INFO | 
============================================================
2026-02-02 10:42:46,880 | INFO | Pretrain Epoch 3/39
2026-02-02 10:42:46,880 | INFO | ============================================================
2026-02-02 12:13:20,815 | INFO | Epoch 3: avg_loss=0.316140, lr=2.60e-05
2026-02-02 12:13:20,816 | INFO | Validation metrics: val_loss=0.395241, val_auprc=0.923039, val_auroc=0.916283
2026-02-02 12:13:21,150 | INFO | Saved best pretrain checkpoint: models/v3/pretrain/20260202_060253/best_model.pth (auprc=0.923039)
2026-02-02 12:13:21,150 | INFO | 
============================================================
2026-02-02 12:13:21,151 | INFO | Pretrain Epoch 4/39
2026-02-02 12:13:21,151 | INFO | ============================================================
2026-02-02 13:49:00,555 | INFO | Epoch 4: avg_loss=0.275473, lr=3.52e-05
2026-02-02 13:49:00,556 | INFO | Validation metrics: val_loss=0.353483, val_auprc=0.938048, val_auroc=0.931669
2026-02-02 13:49:00,873 | INFO | Saved best pretrain checkpoint: models/v3/pretrain/20260202_060253/best_model.pth (auprc=0.938048)
2026-02-02 13:49:00,873 | INFO | 
============================================================
2026-02-02 13:49:00,873 | INFO | Pretrain Epoch 5/39
2026-02-02 13:49:00,873 | INFO | ============================================================
2026-02-02 15:20:20,545 | INFO | Epoch 5: avg_loss=0.250761, lr=4.30e-05
2026-02-02 15:20:20,546 | INFO | Validation metrics: val_loss=0.322877, val_auprc=0.949882, val_auroc=0.944791
2026-02-02 15:20:20,868 | INFO | Saved best pretrain checkpoint: models/v3/pretrain/20260202_060253/best_model.pth (auprc=0.949882)
2026-02-02 15:20:20,868 | INFO | 
============================================================
2026-02-02 15:20:20,868 | INFO | Pretrain Epoch 6/39
2026-02-02 15:20:20,868 | INFO | ============================================================
2026-02-02 16:51:18,233 | INFO | Epoch 6: avg_loss=0.232743, lr=4.82e-05
2026-02-02 16:51:18,233 | INFO | Validation metrics: val_loss=0.306291, val_auprc=0.956567, val_auroc=0.951720
2026-02-02 16:51:18,544 | INFO | Saved best pretrain checkpoint: models/v3/pretrain/20260202_060253/best_model.pth (auprc=0.956567)
2026-02-02 16:51:18,544 | INFO | 
============================================================
2026-02-02 16:51:18,544 | INFO | Pretrain Epoch 7/39
2026-02-02 16:51:18,544 | INFO | ============================================================
2026-02-02 18:27:18,275 | INFO | Epoch 7: avg_loss=0.218155, lr=5.00e-05
2026-02-02 18:27:18,276 | INFO | Validation metrics: val_loss=0.277730, val_auprc=0.960348, val_auroc=0.955860
2026-02-02 18:27:18,580 | INFO | Saved best pretrain checkpoint: models/v3/pretrain/20260202_060253/best_model.pth (auprc=0.960348)
2026-02-02 18:27:18,580 | INFO | 
============================================================
2026-02-02 18:27:18,580 | INFO | Pretrain Epoch 8/39
2026-02-02 18:27:18,580 | INFO | ============================================================
2026-02-02 20:03:13,484 | INFO | Epoch 8: avg_loss=0.205420, lr=4.99e-05
2026-02-02 20:03:13,485 | INFO | Validation metrics: val_loss=0.271566, val_auprc=0.964532, val_auroc=0.960856
2026-02-02 20:03:13,803 | INFO | Saved best pretrain checkpoint: models/v3/pretrain/20260202_060253/best_model.pth (auprc=0.964532)
2026-02-02 20:03:13,803 | INFO | 
============================================================
2026-02-02 20:03:13,803 | INFO | Pretrain Epoch 9/39
2026-02-02 20:03:13,803 | INFO | ============================================================
2026-02-02 21:36:02,221 | INFO | Epoch 9: avg_loss=0.195822, lr=4.95e-05
2026-02-02 21:36:02,223 | INFO | Validation metrics: val_loss=0.265481, val_auprc=0.967606, val_auroc=0.964359
2026-02-02 21:36:02,538 | INFO | Saved best pretrain checkpoint: models/v3/pretrain/20260202_060253/best_model.pth (auprc=0.967606)
2026-02-02 21:36:02,539 | INFO | 
============================================================
2026-02-02 21:36:02,539 | INFO | Pretrain Epoch 10/39
2026-02-02 21:36:02,539 | INFO | ============================================================
2026-02-02 23:06:59,656 | INFO | Epoch 10: avg_loss=0.187740, lr=4.89e-05
2026-02-02 23:06:59,657 | INFO | Validation metrics: val_loss=0.259879, val_auprc=0.968678, val_auroc=0.965363
2026-02-02 23:06:59,969 | INFO | Saved best pretrain checkpoint: models/v3/pretrain/20260202_060253/best_model.pth (auprc=0.968678)
2026-02-02 23:06:59,969 | INFO | 
============================================================
2026-02-02 23:06:59,969 | INFO | Pretrain Epoch 11/39
2026-02-02 23:06:59,969 | INFO | ============================================================
2026-02-03 00:38:18,882 | INFO | Epoch 11: avg_loss=0.182060, lr=4.81e-05
2026-02-03 00:38:18,883 | INFO | Validation metrics: val_loss=0.253510, val_auprc=0.970222, val_auroc=0.966886
2026-02-03 00:38:19,202 | INFO | Saved best pretrain checkpoint: models/v3/pretrain/20260202_060253/best_model.pth (auprc=0.970222)
2026-02-03 00:38:19,202 | INFO | 
============================================================
2026-02-03 00:38:19,202 | INFO | Pretrain Epoch 12/39
2026-02-03 00:38:19,202 | INFO | ============================================================
2026-02-03 02:10:53,907 | INFO | Epoch 12: avg_loss=0.175581, lr=4.70e-05
2026-02-03 02:10:53,908 | INFO | Validation metrics: val_loss=0.256130, val_auprc=0.970303, val_auroc=0.967497
2026-02-03 02:10:54,213 | INFO | Saved best pretrain checkpoint: models/v3/pretrain/20260202_060253/best_model.pth (auprc=0.970303)
2026-02-03 02:10:54,213 | INFO | 
============================================================
2026-02-03 02:10:54,213 | INFO | Pretrain Epoch 13/39
2026-02-03 02:10:54,213 | INFO | ============================================================
2026-02-03 03:46:07,618 | INFO | Epoch 13: avg_loss=0.170175, lr=4.58e-05
2026-02-03 03:46:07,619 | INFO | Validation metrics: val_loss=0.268657, val_auprc=0.970361, val_auroc=0.967647
2026-02-03 03:46:07,939 | INFO | Saved best pretrain checkpoint: models/v3/pretrain/20260202_060253/best_model.pth (auprc=0.970361)
2026-02-03 03:46:07,939 | INFO | 
============================================================
2026-02-03 03:46:07,939 | INFO | Pretrain Epoch 14/39
2026-02-03 03:46:07,939 | INFO | ============================================================
2026-02-03 05:23:14,282 | INFO | Epoch 14: avg_loss=0.164591, lr=4.43e-05
2026-02-03 05:23:14,282 | INFO | Validation metrics: val_loss=0.247712, val_auprc=0.971503, val_auroc=0.968965
2026-02-03 05:23:14,587 | INFO | Saved best pretrain checkpoint: models/v3/pretrain/20260202_060253/best_model.pth (auprc=0.971503)
2026-02-03 05:23:14,587 | INFO | 
============================================================
2026-02-03 05:23:14,587 | INFO | Pretrain Epoch 15/39
2026-02-03 05:23:14,587 | INFO | ============================================================
2026-02-03 07:00:15,170 | INFO | Epoch 15: avg_loss=0.159724, lr=4.27e-05
2026-02-03 07:00:15,170 | INFO | Validation metrics: val_loss=0.258261, val_auprc=0.970882, val_auroc=0.968656
2026-02-03 07:00:15,182 | INFO | 
============================================================
2026-02-03 07:00:15,182 | INFO | Pretrain Epoch 16/39
2026-02-03 07:00:15,183 | INFO | ============================================================
2026-02-03 08:37:11,436 | INFO | Epoch 16: avg_loss=0.155438, lr=4.09e-05
2026-02-03 08:37:11,436 | INFO | Validation metrics: val_loss=0.255828, val_auprc=0.972099, val_auroc=0.969832
2026-02-03 08:37:11,742 | INFO | Saved best pretrain checkpoint: models/v3/pretrain/20260202_060253/best_model.pth (auprc=0.972099)
2026-02-03 08:37:11,742 | INFO | 
============================================================
2026-02-03 08:37:11,742 | INFO | Pretrain Epoch 17/39
2026-02-03 08:37:11,742 | INFO | ============================================================
2026-02-03 10:14:01,104 | INFO | Epoch 17: avg_loss=0.150608, lr=3.89e-05
2026-02-03 10:14:01,105 | INFO | Validation metrics: val_loss=0.259797, val_auprc=0.972456, val_auroc=0.970475
2026-02-03 10:14:01,428 | INFO | Saved best pretrain checkpoint: models/v3/pretrain/20260202_060253/best_model.pth (auprc=0.972456)
2026-02-03 10:14:01,428 | INFO | 
============================================================
2026-02-03 10:14:01,428 | INFO | Pretrain Epoch 18/39
2026-02-03 10:14:01,428 | INFO | ============================================================
2026-02-03 11:46:13,672 | INFO | Epoch 18: avg_loss=0.145997, lr=3.68e-05
2026-02-03 11:46:13,673 | INFO | Validation metrics: val_loss=0.265411, val_auprc=0.971727, val_auroc=0.969985
2026-02-03 11:46:13,686 | INFO | 
============================================================
2026-02-03 11:46:13,686 | INFO | Pretrain Epoch 19/39
2026-02-03 11:46:13,686 | INFO | ============================================================
2026-02-03 13:17:24,064 | INFO | Epoch 19: avg_loss=0.141109, lr=3.46e-05
2026-02-03 13:17:24,064 | INFO | Validation metrics: val_loss=0.266704, val_auprc=0.971387, val_auroc=0.969980
2026-02-03 13:17:24,078 | INFO | 
============================================================
2026-02-03 13:17:24,078 | INFO | Pretrain Epoch 20/39
2026-02-03 13:17:24,078 | INFO | ============================================================
2026-02-03 14:49:00,214 | INFO | Epoch 20: avg_loss=0.136415, lr=3.23e-05
2026-02-03 14:49:00,215 | INFO | Validation metrics: val_loss=0.270903, val_auprc=0.970918, val_auroc=0.969602
2026-02-03 14:49:00,228 | INFO | 
============================================================
2026-02-03 14:49:00,228 | INFO | Pretrain Epoch 21/39
2026-02-03 14:49:00,228 | INFO | ============================================================
2026-02-03 16:25:39,831 | INFO | Epoch 21: avg_loss=0.131952, lr=2.99e-05
2026-02-03 16:25:39,832 | INFO | Validation metrics: val_loss=0.272806, val_auprc=0.971381, val_auroc=0.970270
2026-02-03 16:25:39,849 | INFO | 
============================================================
2026-02-03 16:25:39,849 | INFO | Pretrain Epoch 22/39
2026-02-03 16:25:39,849 | INFO | ============================================================
2026-02-03 18:02:33,339 | INFO | Epoch 22: avg_loss=0.127087, lr=2.75e-05
2026-02-03 18:02:33,340 | INFO | Validation metrics: val_loss=0.278274, val_auprc=0.970805, val_auroc=0.969648
2026-02-03 18:02:33,340 | INFO | Full pipeline: will load models/v3/pretrain/20260202_060253/best_model.pth for finetune
2026-02-03 18:02:33,340 | INFO | Full pipeline: will load models/v3/pretrain/20260202_060253/best_model.pth for finetune
2026-02-03 18:02:33,340 | INFO | Full pipeline: will load models/v3/pretrain/20260202_060253/best_model.pth for finetune
2026-02-03 18:02:33,354 | INFO | Early stopping triggered at epoch 22 (no improvement in auprc for 5 epochs)
2026-02-03 18:02:33,354 | INFO | Pretrain completed. Best auprc: 0.972456
2026-02-03 18:02:33,354 | INFO | Full pipeline: will load models/v3/pretrain/20260202_060253/best_model.pth for finetune
2026-02-03 18:02:33,363 | INFO | Created directories: logs/v3/finetune/20260202_060253, models/v3/finetune/20260202_060253
2026-02-03 18:02:33,363 | INFO | Created directories: logs/v3/finetune/20260202_060253, models/v3/finetune/20260202_060253
2026-02-03 18:02:33,363 | INFO | Created directories: logs/v3/finetune/20260202_060253, models/v3/finetune/20260202_060253
2026-02-03 18:02:33,364 | INFO | Created directories: logs/v3/finetune/20260202_060253, models/v3/finetune/20260202_060253
