2025-12-11 01:10:21,887 | INFO | ================================================================================
2025-12-11 01:10:21,887 | INFO | ================================================================================
2025-12-11 01:10:21,887 | INFO | Starting finetune stage for model 'v5' with run_id '20251211_011020'
2025-12-11 01:10:21,887 | INFO | Starting finetune stage for model 'v5' with run_id '20251211_011020'
2025-12-11 01:10:21,887 | INFO | ================================================================================
2025-12-11 01:10:21,887 | INFO | Logs will be written to: logs/v5/finetune/20251211_011020/log.log
2025-12-11 01:10:21,887 | INFO | Logs will be written to: logs/v5/finetune/20251211_011020/log.log
2025-12-11 01:10:21,887 | INFO | ================================================================================
2025-12-11 01:10:21,887 | INFO | Starting finetune stage for model 'v5' with run_id '20251211_011020'
2025-12-11 01:10:21,887 | INFO | ================================================================================
2025-12-11 01:10:21,887 | INFO | Logs will be written to: logs/v5/finetune/20251211_011020/log.log
2025-12-11 01:10:21,887 | INFO | Trainable parameters: 3,152,897
2025-12-11 01:10:21,887 | INFO | ================================================================================
2025-12-11 01:10:21,887 | INFO | ================================================================================
2025-12-11 01:10:21,887 | INFO | Building dataloaders for finetune stage
2025-12-11 01:10:21,887 | INFO | Starting finetune stage for model 'v5' with run_id '20251211_011020'
2025-12-11 01:10:21,887 | INFO | Trainable parameters: 3,152,897
2025-12-11 01:10:21,887 | INFO | Logs will be written to: logs/v5/finetune/20251211_011020/log.log
2025-12-11 01:10:21,887 | INFO | Building dataloaders for finetune stage
2025-12-11 01:10:21,887 | INFO | Trainable parameters: 3,152,897
2025-12-11 01:10:21,888 | INFO | ================================================================================
2025-12-11 01:10:21,888 | INFO | Building dataloaders for finetune stage
2025-12-11 01:10:21,888 | INFO | Trainable parameters: 3,152,897
2025-12-11 01:10:21,888 | INFO | Building dataloaders for finetune stage
2025-12-11 01:10:21,890 | INFO | Loading embeddings from data/TMP/processed/TMP_embeddings.npz (this may take a while...)
2025-12-11 01:12:28,635 | INFO | Memory-mapped structured .npz format: 21391 proteins (embeddings stay on disk, loaded on-demand)
2025-12-11 01:12:28,636 | INFO | Loaded 21391 protein embeddings
2025-12-11 01:12:28,804 | INFO | Dataset: 511104 pairs (58989 pos, 452115 neg)
2025-12-11 01:12:28,804 | INFO | DataLoader built for finetune_train.csv: num_workers=0, pin_memory=False, prefetch_factor=None, persistent_workers=False, sampler=DistributedSampler
2025-12-11 01:12:28,829 | INFO | Dataset: 56791 pairs (6555 pos, 50236 neg)
2025-12-11 01:12:28,830 | INFO | DataLoader built for finetune_val.csv: num_workers=0, pin_memory=False, prefetch_factor=None, persistent_workers=False, sampler=DistributedSampler
2025-12-11 01:12:28,830 | INFO | Starting finetune for 30 epochs
2025-12-11 01:12:28,830 | INFO | Strategy: staged_unfreeze
2025-12-11 01:12:28,830 | INFO | Monitor metric: auprc, Patience: 5
2025-12-11 01:12:28,899 | INFO | Loaded checkpoint from: models/v5/pretrain/20251205_004148/best_model.pth (pretrain epoch 18)
2025-12-11 01:12:28,899 | INFO | Created StagedUnfreeze strategy with 2 schedule entries
2025-12-11 01:12:28,901 | INFO | StagedUnfreeze applied at epoch 0 via on_train_begin; trainable parameters: 2,561,921
2025-12-11 01:12:28,901 | INFO | Trainable parameters: 2,561,921
2025-12-11 01:12:28,958 | INFO | No DA configured; using standard validation with monitor_metric=auprc
2025-12-11 01:12:28,958 | INFO | 
============================================================
2025-12-11 01:12:28,958 | INFO | Finetune Epoch 0/29
2025-12-11 01:12:28,958 | INFO | ============================================================
2025-12-11 02:40:13,956 | INFO | Epoch 0: avg_loss=0.741572, lr=1.17e-05
2025-12-11 02:40:13,957 | INFO | Validation: loss=0.331532, auprc=0.244809, auroc=0.696534
2025-12-11 02:40:14,083 | INFO | Saved best finetune checkpoint: models/v5/finetune/20251211_011020/best_model.pth (auprc=0.244809)
2025-12-11 02:40:14,084 | INFO | 
============================================================
2025-12-11 02:40:14,084 | INFO | Finetune Epoch 1/29
2025-12-11 02:40:14,084 | INFO | ============================================================
2025-12-11 04:07:46,526 | INFO | Epoch 1: avg_loss=0.289405, lr=2.33e-05
2025-12-11 04:07:46,527 | INFO | Validation: loss=0.224543, auprc=0.662417, auroc=0.885154
2025-12-11 04:07:46,647 | INFO | Saved best finetune checkpoint: models/v5/finetune/20251211_011020/best_model.pth (auprc=0.662417)
2025-12-11 04:07:46,648 | INFO | 
============================================================
2025-12-11 04:07:46,648 | INFO | Finetune Epoch 2/29
2025-12-11 04:07:46,648 | INFO | ============================================================
2025-12-11 05:35:27,639 | INFO | Epoch 2: avg_loss=0.205286, lr=3.50e-05
2025-12-11 05:35:27,640 | INFO | Validation: loss=0.173743, auprc=0.795211, auroc=0.929188
2025-12-11 05:35:27,768 | INFO | Saved best finetune checkpoint: models/v5/finetune/20251211_011020/best_model.pth (auprc=0.795211)
2025-12-11 05:35:27,768 | INFO | 
============================================================
2025-12-11 05:35:27,768 | INFO | Finetune Epoch 3/29
2025-12-11 05:35:27,768 | INFO | ============================================================
2025-12-11 05:35:27,771 | INFO | StagedUnfreeze applied at epoch 3 via on_epoch_begin; trainable parameters: 3,152,897
2025-12-11 07:03:05,627 | INFO | Epoch 3: avg_loss=0.170677, lr=1.17e-05
2025-12-11 07:03:05,627 | INFO | Validation: loss=0.164032, auprc=0.816907, auroc=0.935178
2025-12-11 07:03:05,764 | INFO | Saved best finetune checkpoint: models/v5/finetune/20251211_011020/best_model.pth (auprc=0.816907)
2025-12-11 07:03:05,764 | INFO | 
============================================================
2025-12-11 07:03:05,764 | INFO | Finetune Epoch 4/29
2025-12-11 07:03:05,765 | INFO | ============================================================
2025-12-11 08:30:47,408 | INFO | Epoch 4: avg_loss=0.156791, lr=2.33e-05
2025-12-11 08:30:47,409 | INFO | Validation: loss=0.145833, auprc=0.843630, auroc=0.944528
2025-12-11 08:30:47,547 | INFO | Saved best finetune checkpoint: models/v5/finetune/20251211_011020/best_model.pth (auprc=0.843630)
2025-12-11 08:30:47,547 | INFO | 
============================================================
2025-12-11 08:30:47,547 | INFO | Finetune Epoch 5/29
2025-12-11 08:30:47,547 | INFO | ============================================================
2025-12-11 09:58:39,581 | INFO | Epoch 5: avg_loss=0.142946, lr=3.50e-05
2025-12-11 09:58:39,582 | INFO | Validation: loss=0.137030, auprc=0.858135, auroc=0.950490
2025-12-11 09:58:39,740 | INFO | Saved best finetune checkpoint: models/v5/finetune/20251211_011020/best_model.pth (auprc=0.858135)
2025-12-11 09:58:39,740 | INFO | 
============================================================
2025-12-11 09:58:39,740 | INFO | Finetune Epoch 6/29
2025-12-11 09:58:39,740 | INFO | ============================================================
2025-12-11 11:26:34,566 | INFO | Epoch 6: avg_loss=0.129521, lr=3.49e-05
2025-12-11 11:26:34,568 | INFO | Validation: loss=0.128567, auprc=0.873790, auroc=0.956324
2025-12-11 11:26:34,718 | INFO | Saved best finetune checkpoint: models/v5/finetune/20251211_011020/best_model.pth (auprc=0.873790)
2025-12-11 11:26:34,719 | INFO | 
============================================================
2025-12-11 11:26:34,719 | INFO | Finetune Epoch 7/29
2025-12-11 11:26:34,719 | INFO | ============================================================
2025-12-11 12:54:37,027 | INFO | Epoch 7: avg_loss=0.117569, lr=3.45e-05
2025-12-11 12:54:37,029 | INFO | Validation: loss=0.123397, auprc=0.881214, auroc=0.959040
2025-12-11 12:54:37,182 | INFO | Saved best finetune checkpoint: models/v5/finetune/20251211_011020/best_model.pth (auprc=0.881214)
2025-12-11 12:54:37,183 | INFO | 
============================================================
2025-12-11 12:54:37,183 | INFO | Finetune Epoch 8/29
2025-12-11 12:54:37,183 | INFO | ============================================================
2025-12-11 14:22:43,235 | INFO | Epoch 8: avg_loss=0.108963, lr=3.39e-05
2025-12-11 14:22:43,236 | INFO | Validation: loss=0.127220, auprc=0.881612, auroc=0.959520
2025-12-11 14:22:43,393 | INFO | Saved best finetune checkpoint: models/v5/finetune/20251211_011020/best_model.pth (auprc=0.881612)
2025-12-11 14:22:43,393 | INFO | 
============================================================
2025-12-11 14:22:43,393 | INFO | Finetune Epoch 9/29
2025-12-11 14:22:43,393 | INFO | ============================================================
2025-12-11 15:50:43,365 | INFO | Epoch 9: avg_loss=0.101240, lr=3.31e-05
2025-12-11 15:50:43,366 | INFO | Validation: loss=0.122517, auprc=0.887659, auroc=0.961839
2025-12-11 15:50:43,511 | INFO | Saved best finetune checkpoint: models/v5/finetune/20251211_011020/best_model.pth (auprc=0.887659)
2025-12-11 15:50:43,511 | INFO | 
============================================================
2025-12-11 15:50:43,511 | INFO | Finetune Epoch 10/29
2025-12-11 15:50:43,511 | INFO | ============================================================
2025-12-11 17:18:41,449 | INFO | Epoch 10: avg_loss=0.094797, lr=3.21e-05
2025-12-11 17:18:41,450 | INFO | Validation: loss=0.119910, auprc=0.890299, auroc=0.961870
2025-12-11 17:18:41,602 | INFO | Saved best finetune checkpoint: models/v5/finetune/20251211_011020/best_model.pth (auprc=0.890299)
2025-12-11 17:18:41,603 | INFO | 
============================================================
2025-12-11 17:18:41,603 | INFO | Finetune Epoch 11/29
2025-12-11 17:18:41,603 | INFO | ============================================================
2025-12-11 18:46:35,289 | INFO | Epoch 11: avg_loss=0.090406, lr=3.09e-05
2025-12-11 18:46:35,291 | INFO | Validation: loss=0.117605, auprc=0.896263, auroc=0.963966
2025-12-11 18:46:35,455 | INFO | Saved best finetune checkpoint: models/v5/finetune/20251211_011020/best_model.pth (auprc=0.896263)
2025-12-11 18:46:35,455 | INFO | 
============================================================
2025-12-11 18:46:35,455 | INFO | Finetune Epoch 12/29
2025-12-11 18:46:35,455 | INFO | ============================================================
2025-12-11 20:14:27,490 | INFO | Epoch 12: avg_loss=0.085169, lr=2.95e-05
2025-12-11 20:14:27,492 | INFO | Validation: loss=0.117935, auprc=0.895282, auroc=0.963599
2025-12-11 20:14:27,503 | INFO | 
============================================================
2025-12-11 20:14:27,503 | INFO | Finetune Epoch 13/29
2025-12-11 20:14:27,503 | INFO | ============================================================
2025-12-11 21:42:11,754 | INFO | Epoch 13: avg_loss=0.080192, lr=2.80e-05
2025-12-11 21:42:11,755 | INFO | Validation: loss=0.120785, auprc=0.894653, auroc=0.962935
2025-12-11 21:42:11,770 | INFO | 
============================================================
2025-12-11 21:42:11,771 | INFO | Finetune Epoch 14/29
2025-12-11 21:42:11,771 | INFO | ============================================================
2025-12-11 23:10:08,237 | INFO | Epoch 14: avg_loss=0.075530, lr=2.62e-05
2025-12-11 23:10:08,239 | INFO | Validation: loss=0.119940, auprc=0.896759, auroc=0.963626
2025-12-11 23:10:08,387 | INFO | Saved best finetune checkpoint: models/v5/finetune/20251211_011020/best_model.pth (auprc=0.896759)
2025-12-11 23:10:08,387 | INFO | 
============================================================
2025-12-11 23:10:08,387 | INFO | Finetune Epoch 15/29
2025-12-11 23:10:08,387 | INFO | ============================================================
2025-12-12 00:38:05,941 | INFO | Epoch 15: avg_loss=0.072484, lr=2.44e-05
2025-12-12 00:38:05,942 | INFO | Validation: loss=0.121054, auprc=0.894786, auroc=0.962546
2025-12-12 00:38:05,967 | INFO | 
============================================================
2025-12-12 00:38:05,968 | INFO | Finetune Epoch 16/29
2025-12-12 00:38:05,968 | INFO | ============================================================
2025-12-12 02:05:59,426 | INFO | Epoch 16: avg_loss=0.067565, lr=2.25e-05
2025-12-12 02:05:59,426 | INFO | Validation: loss=0.123479, auprc=0.895701, auroc=0.962559
2025-12-12 02:05:59,452 | INFO | 
============================================================
2025-12-12 02:05:59,452 | INFO | Finetune Epoch 17/29
2025-12-12 02:05:59,452 | INFO | ============================================================
2025-12-12 03:33:45,619 | INFO | Epoch 17: avg_loss=0.063464, lr=2.05e-05
2025-12-12 03:33:45,621 | INFO | Validation: loss=0.124446, auprc=0.895850, auroc=0.961401
2025-12-12 03:33:45,627 | INFO | 
============================================================
2025-12-12 03:33:45,627 | INFO | Finetune Epoch 18/29
2025-12-12 03:33:45,627 | INFO | ============================================================
2025-12-12 05:01:36,349 | INFO | Epoch 18: avg_loss=0.060290, lr=1.85e-05
2025-12-12 05:01:36,350 | INFO | Validation: loss=0.129282, auprc=0.893426, auroc=0.959564
2025-12-12 05:01:36,362 | INFO | 
============================================================
2025-12-12 05:01:36,362 | INFO | Finetune Epoch 19/29
2025-12-12 05:01:36,362 | INFO | ============================================================
2025-12-12 06:29:24,029 | INFO | Epoch 19: avg_loss=0.057905, lr=1.65e-05
2025-12-12 06:29:24,030 | INFO | Validation: loss=0.128730, auprc=0.895388, auroc=0.960026
2025-12-12 06:29:24,049 | INFO | Early stopping triggered at epoch 19 (no improvement in auprc for 5 epochs)
2025-12-12 06:29:24,049 | INFO | Finetune completed. Best auprc: 0.896759
2025-12-12 06:29:24,181 | INFO | DDP cleaned up successfully
2025-12-12 06:29:24,182 | INFO | Pipeline execution completed successfully
2025-12-12 06:29:24,187 | INFO | DDP cleaned up successfully
2025-12-12 06:29:24,187 | INFO | Pipeline execution completed successfully
2025-12-12 06:29:24,201 | INFO | DDP cleaned up successfully
2025-12-12 06:29:24,209 | INFO | Pipeline execution completed successfully
2025-12-12 06:29:24,252 | INFO | DDP cleaned up successfully
2025-12-12 06:29:24,253 | INFO | Pipeline execution completed successfully
