2025-12-07 06:21:12,684 | INFO | ================================================================================
2025-12-07 06:21:12,684 | INFO | Starting pretrain stage for model 'v2' with run_id '20251207_062111'
2025-12-07 06:21:12,684 | INFO | Logs will be written to: logs/v2/pretrain/20251207_062111/log.log
2025-12-07 06:21:12,684 | INFO | ================================================================================
2025-12-07 06:21:12,685 | INFO | Trainable parameters: 5,563,073
2025-12-07 06:21:12,685 | INFO | ================================================================================
2025-12-07 06:21:12,685 | INFO | Building dataloaders for pretrain stage
2025-12-07 06:21:12,685 | INFO | Starting pretrain stage for model 'v2' with run_id '20251207_062111'
2025-12-07 06:21:12,685 | INFO | Logs will be written to: logs/v2/pretrain/20251207_062111/log.log
2025-12-07 06:21:12,685 | INFO | ================================================================================
2025-12-07 06:21:12,685 | INFO | ================================================================================
2025-12-07 06:21:12,685 | INFO | ================================================================================
2025-12-07 06:21:12,685 | INFO | Starting pretrain stage for model 'v2' with run_id '20251207_062111'
2025-12-07 06:21:12,685 | INFO | Starting pretrain stage for model 'v2' with run_id '20251207_062111'
2025-12-07 06:21:12,685 | INFO | Logs will be written to: logs/v2/pretrain/20251207_062111/log.log
2025-12-07 06:21:12,685 | INFO | Logs will be written to: logs/v2/pretrain/20251207_062111/log.log
2025-12-07 06:21:12,685 | INFO | Trainable parameters: 5,563,073
2025-12-07 06:21:12,685 | INFO | ================================================================================
2025-12-07 06:21:12,685 | INFO | ================================================================================
2025-12-07 06:21:12,685 | INFO | Building dataloaders for pretrain stage
2025-12-07 06:21:12,685 | INFO | Trainable parameters: 5,563,073
2025-12-07 06:21:12,685 | INFO | Trainable parameters: 5,563,073
2025-12-07 06:21:12,686 | INFO | Building dataloaders for pretrain stage
2025-12-07 06:21:12,686 | INFO | Building dataloaders for pretrain stage
2025-12-07 06:21:12,689 | INFO | Loading embeddings from data/TMP/processed/TMP_embeddings.npz (this may take a while...)
2025-12-07 06:23:51,012 | INFO | Memory-mapped structured .npz format: 21391 proteins (embeddings stay on disk, loaded on-demand)
2025-12-07 06:23:51,013 | INFO | Loaded 21391 protein embeddings
2025-12-07 06:23:51,792 | INFO | Dataset: 1367504 pairs (683752 pos, 683752 neg)
2025-12-07 06:23:51,793 | INFO | DataLoader built for pretrain_train_balanced.csv: num_workers=0, pin_memory=False, prefetch_factor=None, persistent_workers=False, sampler=DistributedSampler
2025-12-07 06:23:51,878 | INFO | Dataset: 71974 pairs (35987 pos, 35987 neg)
2025-12-07 06:23:51,879 | INFO | DataLoader built for pretrain_val_balanced.csv: num_workers=0, pin_memory=False, prefetch_factor=None, persistent_workers=False, sampler=DistributedSampler
2025-12-07 06:23:51,879 | INFO | Starting pretrain for 40 epochs
2025-12-07 06:23:51,879 | INFO | Monitor metric: auprc, Patience: 5
2025-12-07 06:23:51,886 | INFO | 
============================================================
2025-12-07 06:23:51,886 | INFO | Pretrain Epoch 0/39
2025-12-07 06:23:51,886 | INFO | ============================================================
2025-12-07 07:59:47,838 | INFO | Epoch 0: avg_loss=0.601128, lr=3.83e-06
2025-12-07 07:59:47,839 | INFO | Validation metrics: val_loss=0.702539, val_auprc=0.723809, val_auroc=0.706111
2025-12-07 07:59:48,043 | INFO | Saved best pretrain checkpoint: models/v2/pretrain/20251207_062111/best_model.pth (auprc=0.723809)
2025-12-07 07:59:48,044 | INFO | 
============================================================
2025-12-07 07:59:48,044 | INFO | Pretrain Epoch 1/39
2025-12-07 07:59:48,044 | INFO | ============================================================
2025-12-07 09:34:26,253 | INFO | Epoch 1: avg_loss=0.469109, lr=9.03e-06
2025-12-07 09:34:26,254 | INFO | Validation metrics: val_loss=0.580795, val_auprc=0.831387, val_auroc=0.822720
2025-12-07 09:34:26,458 | INFO | Saved best pretrain checkpoint: models/v2/pretrain/20251207_062111/best_model.pth (auprc=0.831387)
2025-12-07 09:34:26,458 | INFO | 
============================================================
2025-12-07 09:34:26,458 | INFO | Pretrain Epoch 2/39
2025-12-07 09:34:26,458 | INFO | ============================================================
2025-12-07 11:08:10,717 | INFO | Epoch 2: avg_loss=0.360001, lr=1.68e-05
2025-12-07 11:08:10,718 | INFO | Validation metrics: val_loss=0.515751, val_auprc=0.889526, val_auroc=0.886307
2025-12-07 11:08:10,912 | INFO | Saved best pretrain checkpoint: models/v2/pretrain/20251207_062111/best_model.pth (auprc=0.889526)
2025-12-07 11:08:10,912 | INFO | 
============================================================
2025-12-07 11:08:10,912 | INFO | Pretrain Epoch 3/39
2025-12-07 11:08:10,913 | INFO | ============================================================
2025-12-07 12:41:44,071 | INFO | Epoch 3: avg_loss=0.297986, lr=2.60e-05
2025-12-07 12:41:44,073 | INFO | Validation metrics: val_loss=0.410067, val_auprc=0.917675, val_auroc=0.912918
2025-12-07 12:41:44,271 | INFO | Saved best pretrain checkpoint: models/v2/pretrain/20251207_062111/best_model.pth (auprc=0.917675)
2025-12-07 12:41:44,271 | INFO | 
============================================================
2025-12-07 12:41:44,271 | INFO | Pretrain Epoch 4/39
2025-12-07 12:41:44,272 | INFO | ============================================================
2025-12-07 14:15:13,969 | INFO | Epoch 4: avg_loss=0.256331, lr=3.52e-05
2025-12-07 14:15:13,970 | INFO | Validation metrics: val_loss=0.378679, val_auprc=0.932928, val_auroc=0.928401
2025-12-07 14:15:14,169 | INFO | Saved best pretrain checkpoint: models/v2/pretrain/20251207_062111/best_model.pth (auprc=0.932928)
2025-12-07 14:15:14,169 | INFO | 
============================================================
2025-12-07 14:15:14,169 | INFO | Pretrain Epoch 5/39
2025-12-07 14:15:14,169 | INFO | ============================================================
2025-12-07 15:49:27,044 | INFO | Epoch 5: avg_loss=0.229919, lr=4.30e-05
2025-12-07 15:49:27,045 | INFO | Validation metrics: val_loss=0.336471, val_auprc=0.942721, val_auroc=0.937249
2025-12-07 15:49:27,233 | INFO | Saved best pretrain checkpoint: models/v2/pretrain/20251207_062111/best_model.pth (auprc=0.942721)
2025-12-07 15:49:27,233 | INFO | 
============================================================
2025-12-07 15:49:27,233 | INFO | Pretrain Epoch 6/39
2025-12-07 15:49:27,233 | INFO | ============================================================
2025-12-07 17:23:23,844 | INFO | Epoch 6: avg_loss=0.209608, lr=4.82e-05
2025-12-07 17:23:23,846 | INFO | Validation metrics: val_loss=0.326273, val_auprc=0.949322, val_auroc=0.944518
2025-12-07 17:23:24,049 | INFO | Saved best pretrain checkpoint: models/v2/pretrain/20251207_062111/best_model.pth (auprc=0.949322)
2025-12-07 17:23:24,050 | INFO | 
============================================================
2025-12-07 17:23:24,050 | INFO | Pretrain Epoch 7/39
2025-12-07 17:23:24,050 | INFO | ============================================================
2025-12-07 18:57:12,147 | INFO | Epoch 7: avg_loss=0.194993, lr=5.00e-05
2025-12-07 18:57:12,148 | INFO | Validation metrics: val_loss=0.310648, val_auprc=0.952257, val_auroc=0.947511
2025-12-07 18:57:12,343 | INFO | Saved best pretrain checkpoint: models/v2/pretrain/20251207_062111/best_model.pth (auprc=0.952257)
2025-12-07 18:57:12,344 | INFO | 
============================================================
2025-12-07 18:57:12,344 | INFO | Pretrain Epoch 8/39
2025-12-07 18:57:12,344 | INFO | ============================================================
2025-12-07 20:30:41,495 | INFO | Epoch 8: avg_loss=0.180943, lr=4.99e-05
2025-12-07 20:30:41,496 | INFO | Validation metrics: val_loss=0.300620, val_auprc=0.956807, val_auroc=0.951963
2025-12-07 20:30:41,696 | INFO | Saved best pretrain checkpoint: models/v2/pretrain/20251207_062111/best_model.pth (auprc=0.956807)
2025-12-07 20:30:41,697 | INFO | 
============================================================
2025-12-07 20:30:41,697 | INFO | Pretrain Epoch 9/39
2025-12-07 20:30:41,697 | INFO | ============================================================
2025-12-07 22:04:24,222 | INFO | Epoch 9: avg_loss=0.170126, lr=4.95e-05
2025-12-07 22:04:24,224 | INFO | Validation metrics: val_loss=0.305382, val_auprc=0.958567, val_auroc=0.954565
2025-12-07 22:04:24,425 | INFO | Saved best pretrain checkpoint: models/v2/pretrain/20251207_062111/best_model.pth (auprc=0.958567)
2025-12-07 22:04:24,425 | INFO | 
============================================================
2025-12-07 22:04:24,425 | INFO | Pretrain Epoch 10/39
2025-12-07 22:04:24,425 | INFO | ============================================================
2025-12-07 23:38:17,513 | INFO | Epoch 10: avg_loss=0.159764, lr=4.89e-05
2025-12-07 23:38:17,514 | INFO | Validation metrics: val_loss=0.303575, val_auprc=0.961243, val_auroc=0.957169
2025-12-07 23:38:17,727 | INFO | Saved best pretrain checkpoint: models/v2/pretrain/20251207_062111/best_model.pth (auprc=0.961243)
2025-12-07 23:38:17,727 | INFO | 
============================================================
2025-12-07 23:38:17,727 | INFO | Pretrain Epoch 11/39
2025-12-07 23:38:17,727 | INFO | ============================================================
2025-12-08 01:12:23,985 | INFO | Epoch 11: avg_loss=0.151160, lr=4.81e-05
2025-12-08 01:12:23,986 | INFO | Validation metrics: val_loss=0.296110, val_auprc=0.961867, val_auroc=0.959163
2025-12-08 01:12:24,159 | INFO | Saved best pretrain checkpoint: models/v2/pretrain/20251207_062111/best_model.pth (auprc=0.961867)
2025-12-08 01:12:24,159 | INFO | 
============================================================
2025-12-08 01:12:24,159 | INFO | Pretrain Epoch 12/39
2025-12-08 01:12:24,159 | INFO | ============================================================
2025-12-08 02:45:54,838 | INFO | Epoch 12: avg_loss=0.143199, lr=4.70e-05
2025-12-08 02:45:54,840 | INFO | Validation metrics: val_loss=0.293180, val_auprc=0.963771, val_auroc=0.960484
2025-12-08 02:45:55,042 | INFO | Saved best pretrain checkpoint: models/v2/pretrain/20251207_062111/best_model.pth (auprc=0.963771)
2025-12-08 02:45:55,043 | INFO | 
============================================================
2025-12-08 02:45:55,043 | INFO | Pretrain Epoch 13/39
2025-12-08 02:45:55,043 | INFO | ============================================================
2025-12-08 04:20:05,180 | INFO | Epoch 13: avg_loss=0.136181, lr=4.58e-05
2025-12-08 04:20:05,181 | INFO | Validation metrics: val_loss=0.293678, val_auprc=0.963758, val_auroc=0.960709
2025-12-08 04:20:05,186 | INFO | 
============================================================
2025-12-08 04:20:05,186 | INFO | Pretrain Epoch 14/39
2025-12-08 04:20:05,186 | INFO | ============================================================
2025-12-08 05:54:04,884 | INFO | Epoch 14: avg_loss=0.128737, lr=4.43e-05
2025-12-08 05:54:04,885 | INFO | Validation metrics: val_loss=0.282742, val_auprc=0.964883, val_auroc=0.961999
2025-12-08 05:54:05,071 | INFO | Saved best pretrain checkpoint: models/v2/pretrain/20251207_062111/best_model.pth (auprc=0.964883)
2025-12-08 05:54:05,071 | INFO | 
============================================================
2025-12-08 05:54:05,071 | INFO | Pretrain Epoch 15/39
2025-12-08 05:54:05,071 | INFO | ============================================================
2025-12-08 07:28:38,830 | INFO | Epoch 15: avg_loss=0.121594, lr=4.27e-05
2025-12-08 07:28:38,831 | INFO | Validation metrics: val_loss=0.283955, val_auprc=0.965661, val_auroc=0.963138
2025-12-08 07:28:39,014 | INFO | Saved best pretrain checkpoint: models/v2/pretrain/20251207_062111/best_model.pth (auprc=0.965661)
2025-12-08 07:28:39,014 | INFO | 
============================================================
2025-12-08 07:28:39,014 | INFO | Pretrain Epoch 16/39
2025-12-08 07:28:39,014 | INFO | ============================================================
2025-12-08 09:03:16,798 | INFO | Epoch 16: avg_loss=0.115150, lr=4.09e-05
2025-12-08 09:03:16,799 | INFO | Validation metrics: val_loss=0.288827, val_auprc=0.965321, val_auroc=0.962896
2025-12-08 09:03:16,803 | INFO | 
============================================================
2025-12-08 09:03:16,804 | INFO | Pretrain Epoch 17/39
2025-12-08 09:03:16,804 | INFO | ============================================================
2025-12-08 10:37:33,236 | INFO | Epoch 17: avg_loss=0.109287, lr=3.89e-05
2025-12-08 10:37:33,236 | INFO | Validation metrics: val_loss=0.306136, val_auprc=0.963417, val_auroc=0.962034
2025-12-08 10:37:33,239 | INFO | 
============================================================
2025-12-08 10:37:33,239 | INFO | Pretrain Epoch 18/39
2025-12-08 10:37:33,239 | INFO | ============================================================
2025-12-08 12:13:18,396 | INFO | Epoch 18: avg_loss=0.102993, lr=3.68e-05
2025-12-08 12:13:18,397 | INFO | Validation metrics: val_loss=0.302103, val_auprc=0.963575, val_auroc=0.962505
2025-12-08 12:13:18,407 | INFO | 
============================================================
2025-12-08 12:13:18,408 | INFO | Pretrain Epoch 19/39
2025-12-08 12:13:18,408 | INFO | ============================================================
2025-12-08 13:48:03,023 | INFO | Epoch 19: avg_loss=0.096209, lr=3.46e-05
2025-12-08 13:48:03,024 | INFO | Validation metrics: val_loss=0.317756, val_auprc=0.962784, val_auroc=0.962154
2025-12-08 13:48:03,038 | INFO | 
============================================================
2025-12-08 13:48:03,038 | INFO | Pretrain Epoch 20/39
2025-12-08 13:48:03,038 | INFO | ============================================================
2025-12-08 15:22:50,808 | INFO | Full pipeline: will load models/v2/pretrain/20251207_062111/best_model.pth for finetune
2025-12-08 15:22:50,808 | INFO | Epoch 20: avg_loss=0.090027, lr=3.23e-05
2025-12-08 15:22:50,808 | INFO | Full pipeline: will load models/v2/pretrain/20251207_062111/best_model.pth for finetune
2025-12-08 15:22:50,808 | INFO | Full pipeline: will load models/v2/pretrain/20251207_062111/best_model.pth for finetune
2025-12-08 15:22:50,809 | INFO | Validation metrics: val_loss=0.333426, val_auprc=0.959725, val_auroc=0.961974
2025-12-08 15:22:50,822 | INFO | Early stopping triggered at epoch 20 (no improvement in auprc for 5 epochs)
2025-12-08 15:22:50,822 | INFO | Pretrain completed. Best auprc: 0.965661
2025-12-08 15:22:50,822 | INFO | Full pipeline: will load models/v2/pretrain/20251207_062111/best_model.pth for finetune
2025-12-08 15:22:50,826 | INFO | Created directories: logs/v2/finetune/20251207_062111, models/v2/finetune/20251207_062111
2025-12-08 15:22:50,827 | INFO | Created directories: logs/v2/finetune/20251207_062111, models/v2/finetune/20251207_062111
2025-12-08 15:22:50,828 | INFO | Created directories: logs/v2/finetune/20251207_062111, models/v2/finetune/20251207_062111
2025-12-08 15:22:50,828 | INFO | Created directories: logs/v2/finetune/20251207_062111, models/v2/finetune/20251207_062111
