2025-12-14 15:14:52,847 | INFO | ================================================================================
2025-12-14 15:14:52,847 | INFO | ================================================================================
2025-12-14 15:14:52,847 | INFO | ================================================================================
2025-12-14 15:14:52,847 | INFO | Starting finetune stage for model 'v4' with run_id '20251212_163933'
2025-12-14 15:14:52,847 | INFO | ================================================================================
2025-12-14 15:14:52,847 | INFO | Starting finetune stage for model 'v4' with run_id '20251212_163933'
2025-12-14 15:14:52,847 | INFO | Logs will be written to: logs/v4/finetune/20251212_163933/log.log
2025-12-14 15:14:52,847 | INFO | Starting finetune stage for model 'v4' with run_id '20251212_163933'
2025-12-14 15:14:52,847 | INFO | Starting finetune stage for model 'v4' with run_id '20251212_163933'
2025-12-14 15:14:52,847 | INFO | ================================================================================
2025-12-14 15:14:52,847 | INFO | Logs will be written to: logs/v4/finetune/20251212_163933/log.log
2025-12-14 15:14:52,847 | INFO | Logs will be written to: logs/v4/finetune/20251212_163933/log.log
2025-12-14 15:14:52,847 | INFO | Logs will be written to: logs/v4/finetune/20251212_163933/log.log
2025-12-14 15:14:52,847 | INFO | ================================================================================
2025-12-14 15:14:52,847 | INFO | Building dataloaders for finetune stage
2025-12-14 15:14:52,847 | INFO | ================================================================================
2025-12-14 15:14:52,847 | INFO | ================================================================================
2025-12-14 15:14:52,847 | INFO | Building dataloaders for finetune stage
2025-12-14 15:14:52,847 | INFO | Building dataloaders for finetune stage
2025-12-14 15:14:52,847 | INFO | Building dataloaders for finetune stage
2025-12-14 15:14:53,056 | INFO | Dataset: 511104 pairs (58989 pos, 452115 neg)
2025-12-14 15:14:53,057 | INFO | DataLoader built for finetune_train.csv: num_workers=0, pin_memory=False, prefetch_factor=None, persistent_workers=False, sampler=DistributedSampler
2025-12-14 15:14:53,088 | INFO | Dataset: 56791 pairs (6555 pos, 50236 neg)
2025-12-14 15:14:53,088 | INFO | DataLoader built for finetune_val.csv: num_workers=0, pin_memory=False, prefetch_factor=None, persistent_workers=False, sampler=DistributedSampler
2025-12-14 15:14:53,088 | INFO | Starting finetune for 30 epochs
2025-12-14 15:14:53,088 | INFO | Strategy: staged_unfreeze
2025-12-14 15:14:53,088 | INFO | Monitor metric: auprc, Patience: 5
2025-12-14 15:14:53,233 | INFO | Loaded checkpoint from: models/v4/pretrain/20251212_163933/best_model.pth (pretrain epoch 17)
2025-12-14 15:14:53,234 | INFO | Created StagedUnfreeze strategy with 2 schedule entries
2025-12-14 15:14:53,237 | INFO | StagedUnfreeze applied at epoch 0 via on_train_begin; trainable parameters: 4,096,769
2025-12-14 15:14:53,237 | INFO | Trainable parameters: 4,096,769
2025-12-14 15:14:53,238 | INFO | No DA configured; using standard validation with monitor_metric=auprc
2025-12-14 15:14:53,238 | INFO | 
============================================================
2025-12-14 15:14:53,238 | INFO | Finetune Epoch 0/29
2025-12-14 15:14:53,238 | INFO | ============================================================
2025-12-14 15:58:03,882 | INFO | Epoch 0: avg_loss=0.945725, lr=8.33e-06
2025-12-14 15:58:03,883 | INFO | Validation: loss=0.332067, auprc=0.229768, auroc=0.683254
2025-12-14 15:58:04,096 | INFO | Saved best finetune checkpoint: models/v4/finetune/20251212_163933/best_model.pth (auprc=0.229768)
2025-12-14 15:58:04,096 | INFO | 
============================================================
2025-12-14 15:58:04,096 | INFO | Finetune Epoch 1/29
2025-12-14 15:58:04,096 | INFO | ============================================================
2025-12-14 16:41:27,701 | INFO | Epoch 1: avg_loss=0.290599, lr=1.67e-05
2025-12-14 16:41:27,702 | INFO | Validation: loss=0.222209, auprc=0.656074, auroc=0.885467
2025-12-14 16:41:27,907 | INFO | Saved best finetune checkpoint: models/v4/finetune/20251212_163933/best_model.pth (auprc=0.656074)
2025-12-14 16:41:27,907 | INFO | 
============================================================
2025-12-14 16:41:27,907 | INFO | Finetune Epoch 2/29
2025-12-14 16:41:27,907 | INFO | ============================================================
2025-12-14 17:24:47,592 | INFO | Epoch 2: avg_loss=0.206766, lr=2.50e-05
2025-12-14 17:24:47,593 | INFO | Validation: loss=0.175736, auprc=0.784908, auroc=0.928710
2025-12-14 17:24:47,794 | INFO | Saved best finetune checkpoint: models/v4/finetune/20251212_163933/best_model.pth (auprc=0.784908)
2025-12-14 17:24:47,794 | INFO | 
============================================================
2025-12-14 17:24:47,794 | INFO | Finetune Epoch 3/29
2025-12-14 17:24:47,794 | INFO | ============================================================
2025-12-14 18:08:05,600 | INFO | Epoch 3: avg_loss=0.168602, lr=2.49e-05
2025-12-14 18:08:05,602 | INFO | Validation: loss=0.154464, auprc=0.827280, auroc=0.941734
2025-12-14 18:08:05,808 | INFO | Saved best finetune checkpoint: models/v4/finetune/20251212_163933/best_model.pth (auprc=0.827280)
2025-12-14 18:08:05,809 | INFO | 
============================================================
2025-12-14 18:08:05,809 | INFO | Finetune Epoch 4/29
2025-12-14 18:08:05,809 | INFO | ============================================================
2025-12-14 18:51:22,204 | INFO | Epoch 4: avg_loss=0.147405, lr=2.47e-05
2025-12-14 18:51:22,205 | INFO | Validation: loss=0.147261, auprc=0.842426, auroc=0.946797
2025-12-14 18:51:22,399 | INFO | Saved best finetune checkpoint: models/v4/finetune/20251212_163933/best_model.pth (auprc=0.842426)
2025-12-14 18:51:22,399 | INFO | 
============================================================
2025-12-14 18:51:22,399 | INFO | Finetune Epoch 5/29
2025-12-14 18:51:22,399 | INFO | ============================================================
2025-12-14 18:51:22,401 | INFO | StagedUnfreeze applied at epoch 5 via on_epoch_begin; trainable parameters: 8,236,673
2025-12-14 19:38:30,893 | INFO | Epoch 5: avg_loss=0.132563, lr=8.33e-06
2025-12-14 19:38:30,894 | INFO | Validation: loss=0.140942, auprc=0.852218, auroc=0.950032
2025-12-14 19:38:31,159 | INFO | Saved best finetune checkpoint: models/v4/finetune/20251212_163933/best_model.pth (auprc=0.852218)
2025-12-14 19:38:31,159 | INFO | 
============================================================
2025-12-14 19:38:31,159 | INFO | Finetune Epoch 6/29
2025-12-14 19:38:31,159 | INFO | ============================================================
2025-12-14 20:25:34,502 | INFO | Epoch 6: avg_loss=0.130452, lr=1.67e-05
2025-12-14 20:25:34,503 | INFO | Validation: loss=0.137345, auprc=0.858223, auroc=0.952101
2025-12-14 20:25:34,781 | INFO | Saved best finetune checkpoint: models/v4/finetune/20251212_163933/best_model.pth (auprc=0.858223)
2025-12-14 20:25:34,781 | INFO | 
============================================================
2025-12-14 20:25:34,781 | INFO | Finetune Epoch 7/29
2025-12-14 20:25:34,781 | INFO | ============================================================
2025-12-14 21:12:34,310 | INFO | Epoch 7: avg_loss=0.124907, lr=2.50e-05
2025-12-14 21:12:34,311 | INFO | Validation: loss=0.137158, auprc=0.861777, auroc=0.953633
2025-12-14 21:12:34,564 | INFO | Saved best finetune checkpoint: models/v4/finetune/20251212_163933/best_model.pth (auprc=0.861777)
2025-12-14 21:12:34,565 | INFO | 
============================================================
2025-12-14 21:12:34,565 | INFO | Finetune Epoch 8/29
2025-12-14 21:12:34,565 | INFO | ============================================================
2025-12-14 21:59:43,242 | INFO | Epoch 8: avg_loss=0.117951, lr=2.49e-05
2025-12-14 21:59:43,244 | INFO | Validation: loss=0.127775, auprc=0.874039, auroc=0.957743
2025-12-14 21:59:43,514 | INFO | Saved best finetune checkpoint: models/v4/finetune/20251212_163933/best_model.pth (auprc=0.874039)
2025-12-14 21:59:43,514 | INFO | 
============================================================
2025-12-14 21:59:43,514 | INFO | Finetune Epoch 9/29
2025-12-14 21:59:43,514 | INFO | ============================================================
2025-12-14 22:46:41,103 | INFO | Epoch 9: avg_loss=0.108873, lr=2.47e-05
2025-12-14 22:46:41,105 | INFO | Validation: loss=0.130771, auprc=0.875483, auroc=0.956784
2025-12-14 22:46:41,369 | INFO | Saved best finetune checkpoint: models/v4/finetune/20251212_163933/best_model.pth (auprc=0.875483)
2025-12-14 22:46:41,369 | INFO | 
============================================================
2025-12-14 22:46:41,369 | INFO | Finetune Epoch 10/29
2025-12-14 22:46:41,369 | INFO | ============================================================
2025-12-14 23:33:42,400 | INFO | Epoch 10: avg_loss=0.101423, lr=2.42e-05
2025-12-14 23:33:42,401 | INFO | Validation: loss=0.124059, auprc=0.882378, auroc=0.959514
2025-12-14 23:33:42,657 | INFO | Saved best finetune checkpoint: models/v4/finetune/20251212_163933/best_model.pth (auprc=0.882378)
2025-12-14 23:33:42,657 | INFO | 
============================================================
2025-12-14 23:33:42,657 | INFO | Finetune Epoch 11/29
2025-12-14 23:33:42,657 | INFO | ============================================================
2025-12-15 00:20:47,159 | INFO | Epoch 11: avg_loss=0.095975, lr=2.37e-05
2025-12-15 00:20:47,159 | INFO | Validation: loss=0.121893, auprc=0.886211, auroc=0.960978
2025-12-15 00:20:47,404 | INFO | Saved best finetune checkpoint: models/v4/finetune/20251212_163933/best_model.pth (auprc=0.886211)
2025-12-15 00:20:47,404 | INFO | 
============================================================
2025-12-15 00:20:47,404 | INFO | Finetune Epoch 12/29
2025-12-15 00:20:47,405 | INFO | ============================================================
2025-12-15 01:07:47,665 | INFO | Epoch 12: avg_loss=0.089957, lr=2.29e-05
2025-12-15 01:07:47,666 | INFO | Validation: loss=0.122358, auprc=0.885351, auroc=0.959627
2025-12-15 01:07:47,678 | INFO | 
============================================================
2025-12-15 01:07:47,678 | INFO | Finetune Epoch 13/29
2025-12-15 01:07:47,678 | INFO | ============================================================
2025-12-15 01:54:47,419 | INFO | Epoch 13: avg_loss=0.083566, lr=2.21e-05
2025-12-15 01:54:47,419 | INFO | Validation: loss=0.121753, auprc=0.887117, auroc=0.960185
2025-12-15 01:54:47,680 | INFO | Saved best finetune checkpoint: models/v4/finetune/20251212_163933/best_model.pth (auprc=0.887117)
2025-12-15 01:54:47,680 | INFO | 
============================================================
2025-12-15 01:54:47,680 | INFO | Finetune Epoch 14/29
2025-12-15 01:54:47,680 | INFO | ============================================================
2025-12-15 02:41:48,258 | INFO | Epoch 14: avg_loss=0.078910, lr=2.11e-05
2025-12-15 02:41:48,258 | INFO | Validation: loss=0.122900, auprc=0.889755, auroc=0.960825
2025-12-15 02:41:48,520 | INFO | Saved best finetune checkpoint: models/v4/finetune/20251212_163933/best_model.pth (auprc=0.889755)
2025-12-15 02:41:48,521 | INFO | 
============================================================
2025-12-15 02:41:48,521 | INFO | Finetune Epoch 15/29
2025-12-15 02:41:48,521 | INFO | ============================================================
2025-12-15 03:28:54,695 | INFO | Epoch 15: avg_loss=0.074485, lr=2.00e-05
2025-12-15 03:28:54,696 | INFO | Validation: loss=0.126347, auprc=0.888209, auroc=0.959454
2025-12-15 03:28:54,707 | INFO | 
============================================================
2025-12-15 03:28:54,708 | INFO | Finetune Epoch 16/29
2025-12-15 03:28:54,708 | INFO | ============================================================
2025-12-15 04:16:04,595 | INFO | Epoch 16: avg_loss=0.070449, lr=1.88e-05
2025-12-15 04:16:04,596 | INFO | Validation: loss=0.127085, auprc=0.888103, auroc=0.959486
2025-12-15 04:16:04,606 | INFO | 
============================================================
2025-12-15 04:16:04,606 | INFO | Finetune Epoch 17/29
2025-12-15 04:16:04,606 | INFO | ============================================================
2025-12-15 05:03:10,449 | INFO | Epoch 17: avg_loss=0.065787, lr=1.75e-05
2025-12-15 05:03:10,449 | INFO | Validation: loss=0.128498, auprc=0.888506, auroc=0.958368
2025-12-15 05:03:10,459 | INFO | 
============================================================
2025-12-15 05:03:10,459 | INFO | Finetune Epoch 18/29
2025-12-15 05:03:10,459 | INFO | ============================================================
2025-12-15 05:50:02,380 | INFO | Epoch 18: avg_loss=0.063025, lr=1.61e-05
2025-12-15 05:50:02,381 | INFO | Validation: loss=0.133358, auprc=0.887664, auroc=0.957485
2025-12-15 05:50:02,428 | INFO | 
============================================================
2025-12-15 05:50:02,428 | INFO | Finetune Epoch 19/29
2025-12-15 05:50:02,428 | INFO | ============================================================
2025-12-15 06:37:03,948 | INFO | Epoch 19: avg_loss=0.058607, lr=1.47e-05
2025-12-15 06:37:03,949 | INFO | Validation: loss=0.134409, auprc=0.886214, auroc=0.956860
2025-12-15 06:37:03,948 | INFO | Full pipeline: will load models/v4/finetune/20251212_163933/best_model.pth for evaluation
2025-12-15 06:37:03,948 | INFO | Full pipeline: will load models/v4/finetune/20251212_163933/best_model.pth for evaluation
2025-12-15 06:37:03,949 | INFO | Full pipeline: will load models/v4/finetune/20251212_163933/best_model.pth for evaluation
2025-12-15 06:37:03,954 | INFO | Early stopping triggered at epoch 19 (no improvement in auprc for 5 epochs)
2025-12-15 06:37:03,954 | INFO | Finetune completed. Best auprc: 0.889755
2025-12-15 06:37:03,954 | INFO | Full pipeline: will load models/v4/finetune/20251212_163933/best_model.pth for evaluation
2025-12-15 06:37:03,972 | INFO | Created directories: logs/v4/evaluate/20251212_163933, models/v4/evaluate/20251212_163933
2025-12-15 06:37:03,973 | INFO | Created directories: logs/v4/evaluate/20251212_163933, models/v4/evaluate/20251212_163933
2025-12-15 06:37:03,973 | INFO | Created directories: logs/v4/evaluate/20251212_163933, models/v4/evaluate/20251212_163933
2025-12-15 06:37:03,974 | INFO | Created directories: logs/v4/evaluate/20251212_163933, models/v4/evaluate/20251212_163933
