2025-12-05 00:41:49,073 | INFO | ================================================================================
2025-12-05 00:41:49,073 | INFO | Starting pretrain stage for model 'v5' with run_id '20251205_004148'
2025-12-05 00:41:49,073 | INFO | Logs will be written to: logs/v5/pretrain/20251205_004148/log.log
2025-12-05 00:41:49,073 | INFO | ================================================================================
2025-12-05 00:41:49,074 | INFO | Trainable parameters: 3,152,897
2025-12-05 00:41:49,074 | INFO | Building dataloaders for pretrain stage
2025-12-05 00:41:49,074 | INFO | ================================================================================
2025-12-05 00:41:49,074 | INFO | ================================================================================
2025-12-05 00:41:49,075 | INFO | Starting pretrain stage for model 'v5' with run_id '20251205_004148'
2025-12-05 00:41:49,075 | INFO | Starting pretrain stage for model 'v5' with run_id '20251205_004148'
2025-12-05 00:41:49,075 | INFO | Logs will be written to: logs/v5/pretrain/20251205_004148/log.log
2025-12-05 00:41:49,075 | INFO | ================================================================================
2025-12-05 00:41:49,075 | INFO | Logs will be written to: logs/v5/pretrain/20251205_004148/log.log
2025-12-05 00:41:49,075 | INFO | ================================================================================
2025-12-05 00:41:49,075 | INFO | ================================================================================
2025-12-05 00:41:49,075 | INFO | Starting pretrain stage for model 'v5' with run_id '20251205_004148'
2025-12-05 00:41:49,075 | INFO | Logs will be written to: logs/v5/pretrain/20251205_004148/log.log
2025-12-05 00:41:49,075 | INFO | Trainable parameters: 3,152,897
2025-12-05 00:41:49,075 | INFO | ================================================================================
2025-12-05 00:41:49,075 | INFO | Building dataloaders for pretrain stage
2025-12-05 00:41:49,075 | INFO | Trainable parameters: 3,152,897
2025-12-05 00:41:49,076 | INFO | Building dataloaders for pretrain stage
2025-12-05 00:41:49,076 | INFO | Trainable parameters: 3,152,897
2025-12-05 00:41:49,076 | INFO | Building dataloaders for pretrain stage
2025-12-05 00:41:49,078 | INFO | Loading embeddings from data/TMP/processed/TMP_embeddings.npz (this may take a while...)
2025-12-05 00:43:52,052 | INFO | Memory-mapped structured .npz format: 21391 proteins (embeddings stay on disk, loaded on-demand)
2025-12-05 00:43:52,053 | INFO | Loaded 21391 protein embeddings
2025-12-05 00:43:52,774 | INFO | Dataset: 1367504 pairs (683752 pos, 683752 neg)
2025-12-05 00:43:52,775 | INFO | DataLoader built for pretrain_train_balanced.csv: num_workers=0, pin_memory=False, prefetch_factor=None, persistent_workers=False, sampler=DistributedSampler
2025-12-05 00:43:52,843 | INFO | Dataset: 71974 pairs (35987 pos, 35987 neg)
2025-12-05 00:43:52,843 | INFO | DataLoader built for pretrain_val_balanced.csv: num_workers=0, pin_memory=False, prefetch_factor=None, persistent_workers=False, sampler=DistributedSampler
2025-12-05 00:43:52,843 | INFO | Starting pretrain for 40 epochs
2025-12-05 00:43:52,843 | INFO | Monitor metric: auprc, Patience: 5
2025-12-05 00:43:52,848 | INFO | 
============================================================
2025-12-05 00:43:52,848 | INFO | Pretrain Epoch 0/39
2025-12-05 00:43:52,848 | INFO | ============================================================
2025-12-05 04:37:45,964 | INFO | Epoch 0: avg_loss=0.578948, lr=3.83e-06
2025-12-05 04:37:45,965 | INFO | Validation metrics: val_loss=0.627863, val_auprc=0.759901, val_auroc=0.748451
2025-12-05 04:37:46,118 | INFO | Saved best pretrain checkpoint: models/v5/pretrain/20251205_004148/best_model.pth (auprc=0.759901)
2025-12-05 04:37:46,118 | INFO | 
============================================================
2025-12-05 04:37:46,118 | INFO | Pretrain Epoch 1/39
2025-12-05 04:37:46,118 | INFO | ============================================================
2025-12-05 08:32:26,597 | INFO | Epoch 1: avg_loss=0.430813, lr=9.03e-06
2025-12-05 08:32:26,597 | INFO | Validation metrics: val_loss=0.527738, val_auprc=0.850337, val_auroc=0.848322
2025-12-05 08:32:26,739 | INFO | Saved best pretrain checkpoint: models/v5/pretrain/20251205_004148/best_model.pth (auprc=0.850337)
2025-12-05 08:32:26,739 | INFO | 
============================================================
2025-12-05 08:32:26,739 | INFO | Pretrain Epoch 2/39
2025-12-05 08:32:26,739 | INFO | ============================================================
2025-12-05 12:26:45,053 | INFO | Epoch 2: avg_loss=0.336132, lr=1.68e-05
2025-12-05 12:26:45,054 | INFO | Validation metrics: val_loss=0.461592, val_auprc=0.894478, val_auroc=0.893834
2025-12-05 12:26:45,204 | INFO | Saved best pretrain checkpoint: models/v5/pretrain/20251205_004148/best_model.pth (auprc=0.894478)
2025-12-05 12:26:45,204 | INFO | 
============================================================
2025-12-05 12:26:45,205 | INFO | Pretrain Epoch 3/39
2025-12-05 12:26:45,205 | INFO | ============================================================
2025-12-05 16:21:16,226 | INFO | Epoch 3: avg_loss=0.286623, lr=2.60e-05
2025-12-05 16:21:16,227 | INFO | Validation metrics: val_loss=0.406656, val_auprc=0.915507, val_auroc=0.913391
2025-12-05 16:21:16,373 | INFO | Saved best pretrain checkpoint: models/v5/pretrain/20251205_004148/best_model.pth (auprc=0.915507)
2025-12-05 16:21:16,374 | INFO | 
============================================================
2025-12-05 16:21:16,374 | INFO | Pretrain Epoch 4/39
2025-12-05 16:21:16,374 | INFO | ============================================================
2025-12-05 20:15:28,334 | INFO | Epoch 4: avg_loss=0.258312, lr=3.52e-05
2025-12-05 20:15:28,335 | INFO | Validation metrics: val_loss=0.399180, val_auprc=0.928001, val_auroc=0.924586
2025-12-05 20:15:28,481 | INFO | Saved best pretrain checkpoint: models/v5/pretrain/20251205_004148/best_model.pth (auprc=0.928001)
2025-12-05 20:15:28,482 | INFO | 
============================================================
2025-12-05 20:15:28,482 | INFO | Pretrain Epoch 5/39
2025-12-05 20:15:28,482 | INFO | ============================================================
2025-12-06 00:09:45,920 | INFO | Epoch 5: avg_loss=0.238327, lr=4.30e-05
2025-12-06 00:09:45,922 | INFO | Validation metrics: val_loss=0.354451, val_auprc=0.935555, val_auroc=0.931567
2025-12-06 00:09:46,074 | INFO | Saved best pretrain checkpoint: models/v5/pretrain/20251205_004148/best_model.pth (auprc=0.935555)
2025-12-06 00:09:46,075 | INFO | 
============================================================
2025-12-06 00:09:46,075 | INFO | Pretrain Epoch 6/39
2025-12-06 00:09:46,075 | INFO | ============================================================
2025-12-06 04:04:32,946 | INFO | Epoch 6: avg_loss=0.221255, lr=4.82e-05
2025-12-06 04:04:32,947 | INFO | Validation metrics: val_loss=0.355058, val_auprc=0.943485, val_auroc=0.939484
2025-12-06 04:04:33,102 | INFO | Saved best pretrain checkpoint: models/v5/pretrain/20251205_004148/best_model.pth (auprc=0.943485)
2025-12-06 04:04:33,102 | INFO | 
============================================================
2025-12-06 04:04:33,102 | INFO | Pretrain Epoch 7/39
2025-12-06 04:04:33,102 | INFO | ============================================================
2025-12-06 07:59:33,268 | INFO | Epoch 7: avg_loss=0.206422, lr=5.00e-05
2025-12-06 07:59:33,269 | INFO | Validation metrics: val_loss=0.325961, val_auprc=0.947160, val_auroc=0.941685
2025-12-06 07:59:33,404 | INFO | Saved best pretrain checkpoint: models/v5/pretrain/20251205_004148/best_model.pth (auprc=0.947160)
2025-12-06 07:59:33,405 | INFO | 
============================================================
2025-12-06 07:59:33,405 | INFO | Pretrain Epoch 8/39
2025-12-06 07:59:33,405 | INFO | ============================================================
2025-12-06 11:55:04,048 | INFO | Epoch 8: avg_loss=0.191659, lr=4.99e-05
2025-12-06 11:55:04,049 | INFO | Validation metrics: val_loss=0.325488, val_auprc=0.951649, val_auroc=0.946742
2025-12-06 11:55:04,184 | INFO | Saved best pretrain checkpoint: models/v5/pretrain/20251205_004148/best_model.pth (auprc=0.951649)
2025-12-06 11:55:04,185 | INFO | 
============================================================
2025-12-06 11:55:04,185 | INFO | Pretrain Epoch 9/39
2025-12-06 11:55:04,185 | INFO | ============================================================
2025-12-06 15:50:32,291 | INFO | Epoch 9: avg_loss=0.179924, lr=4.95e-05
2025-12-06 15:50:32,292 | INFO | Validation metrics: val_loss=0.324242, val_auprc=0.955189, val_auroc=0.950896
2025-12-06 15:50:32,444 | INFO | Saved best pretrain checkpoint: models/v5/pretrain/20251205_004148/best_model.pth (auprc=0.955189)
2025-12-06 15:50:32,444 | INFO | 
============================================================
2025-12-06 15:50:32,444 | INFO | Pretrain Epoch 10/39
2025-12-06 15:50:32,444 | INFO | ============================================================
2025-12-06 19:45:46,665 | INFO | Epoch 10: avg_loss=0.170495, lr=4.89e-05
2025-12-06 19:45:46,666 | INFO | Validation metrics: val_loss=0.305549, val_auprc=0.957682, val_auroc=0.953479
2025-12-06 19:45:46,802 | INFO | Saved best pretrain checkpoint: models/v5/pretrain/20251205_004148/best_model.pth (auprc=0.957682)
2025-12-06 19:45:46,803 | INFO | 
============================================================
2025-12-06 19:45:46,803 | INFO | Pretrain Epoch 11/39
2025-12-06 19:45:46,803 | INFO | ============================================================
2025-12-06 23:40:49,666 | INFO | Epoch 11: avg_loss=0.161494, lr=4.81e-05
2025-12-06 23:40:49,668 | INFO | Validation metrics: val_loss=0.290050, val_auprc=0.959383, val_auroc=0.955055
2025-12-06 23:40:49,800 | INFO | Saved best pretrain checkpoint: models/v5/pretrain/20251205_004148/best_model.pth (auprc=0.959383)
2025-12-06 23:40:49,801 | INFO | 
============================================================
2025-12-06 23:40:49,801 | INFO | Pretrain Epoch 12/39
2025-12-06 23:40:49,801 | INFO | ============================================================
2025-12-07 03:36:08,954 | INFO | Epoch 12: avg_loss=0.153371, lr=4.70e-05
2025-12-07 03:36:08,955 | INFO | Validation metrics: val_loss=0.290495, val_auprc=0.960027, val_auroc=0.956174
2025-12-07 03:36:09,091 | INFO | Saved best pretrain checkpoint: models/v5/pretrain/20251205_004148/best_model.pth (auprc=0.960027)
2025-12-07 03:36:09,091 | INFO | 
============================================================
2025-12-07 03:36:09,091 | INFO | Pretrain Epoch 13/39
2025-12-07 03:36:09,092 | INFO | ============================================================
2025-12-07 07:31:11,677 | INFO | Epoch 13: avg_loss=0.146631, lr=4.58e-05
2025-12-07 07:31:11,677 | INFO | Validation metrics: val_loss=0.285745, val_auprc=0.961199, val_auroc=0.957390
2025-12-07 07:31:11,808 | INFO | Saved best pretrain checkpoint: models/v5/pretrain/20251205_004148/best_model.pth (auprc=0.961199)
2025-12-07 07:31:11,808 | INFO | 
============================================================
2025-12-07 07:31:11,808 | INFO | Pretrain Epoch 14/39
2025-12-07 07:31:11,808 | INFO | ============================================================
2025-12-07 11:27:34,456 | INFO | Epoch 14: avg_loss=0.139173, lr=4.43e-05
2025-12-07 11:27:34,457 | INFO | Validation metrics: val_loss=0.282090, val_auprc=0.962753, val_auroc=0.959489
2025-12-07 11:27:34,591 | INFO | Saved best pretrain checkpoint: models/v5/pretrain/20251205_004148/best_model.pth (auprc=0.962753)
2025-12-07 11:27:34,592 | INFO | 
============================================================
2025-12-07 11:27:34,592 | INFO | Pretrain Epoch 15/39
2025-12-07 11:27:34,592 | INFO | ============================================================
2025-12-07 15:22:50,065 | INFO | Epoch 15: avg_loss=0.132683, lr=4.27e-05
2025-12-07 15:22:50,067 | INFO | Validation metrics: val_loss=0.283971, val_auprc=0.963309, val_auroc=0.960435
2025-12-07 15:22:50,215 | INFO | Saved best pretrain checkpoint: models/v5/pretrain/20251205_004148/best_model.pth (auprc=0.963309)
2025-12-07 15:22:50,215 | INFO | 
============================================================
2025-12-07 15:22:50,215 | INFO | Pretrain Epoch 16/39
2025-12-07 15:22:50,215 | INFO | ============================================================
2025-12-07 19:18:09,066 | INFO | Epoch 16: avg_loss=0.127103, lr=4.09e-05
2025-12-07 19:18:09,067 | INFO | Validation metrics: val_loss=0.286448, val_auprc=0.963756, val_auroc=0.961194
2025-12-07 19:18:09,223 | INFO | Saved best pretrain checkpoint: models/v5/pretrain/20251205_004148/best_model.pth (auprc=0.963756)
2025-12-07 19:18:09,223 | INFO | 
============================================================
2025-12-07 19:18:09,223 | INFO | Pretrain Epoch 17/39
2025-12-07 19:18:09,223 | INFO | ============================================================
2025-12-07 23:14:12,605 | INFO | Epoch 17: avg_loss=0.121154, lr=3.89e-05
2025-12-07 23:14:12,607 | INFO | Validation metrics: val_loss=0.281907, val_auprc=0.964430, val_auroc=0.961623
2025-12-07 23:14:12,770 | INFO | Saved best pretrain checkpoint: models/v5/pretrain/20251205_004148/best_model.pth (auprc=0.964430)
2025-12-07 23:14:12,770 | INFO | 
============================================================
2025-12-07 23:14:12,770 | INFO | Pretrain Epoch 18/39
2025-12-07 23:14:12,770 | INFO | ============================================================
2025-12-08 03:09:53,471 | INFO | Epoch 18: avg_loss=0.115561, lr=3.68e-05
2025-12-08 03:09:53,473 | INFO | Validation metrics: val_loss=0.288325, val_auprc=0.964868, val_auroc=0.962449
2025-12-08 03:09:53,633 | INFO | Saved best pretrain checkpoint: models/v5/pretrain/20251205_004148/best_model.pth (auprc=0.964868)
2025-12-08 03:09:53,634 | INFO | 
============================================================
2025-12-08 03:09:53,634 | INFO | Pretrain Epoch 19/39
2025-12-08 03:09:53,634 | INFO | ============================================================
2025-12-08 07:05:36,339 | INFO | Epoch 19: avg_loss=0.110097, lr=3.46e-05
2025-12-08 07:05:36,340 | INFO | Validation metrics: val_loss=0.287799, val_auprc=0.964550, val_auroc=0.962369
2025-12-08 07:05:36,345 | INFO | 
============================================================
2025-12-08 07:05:36,345 | INFO | Pretrain Epoch 20/39
2025-12-08 07:05:36,345 | INFO | ============================================================
2025-12-08 11:01:15,038 | INFO | Epoch 20: avg_loss=0.105221, lr=3.23e-05
2025-12-08 11:01:15,039 | INFO | Validation metrics: val_loss=0.288252, val_auprc=0.964141, val_auroc=0.962546
2025-12-08 11:01:15,044 | INFO | 
============================================================
2025-12-08 11:01:15,044 | INFO | Pretrain Epoch 21/39
2025-12-08 11:01:15,044 | INFO | ============================================================
2025-12-08 14:56:58,058 | INFO | Epoch 21: avg_loss=0.099288, lr=2.99e-05
2025-12-08 14:56:58,060 | INFO | Validation metrics: val_loss=0.299369, val_auprc=0.963919, val_auroc=0.962917
2025-12-08 14:56:58,079 | INFO | 
============================================================
2025-12-08 14:56:58,079 | INFO | Pretrain Epoch 22/39
2025-12-08 14:56:58,079 | INFO | ============================================================
2025-12-08 18:52:24,689 | INFO | Epoch 22: avg_loss=0.093671, lr=2.75e-05
2025-12-08 18:52:24,691 | INFO | Validation metrics: val_loss=0.303939, val_auprc=0.963280, val_auroc=0.962577
2025-12-08 18:52:24,710 | INFO | 
============================================================
2025-12-08 18:52:24,710 | INFO | Pretrain Epoch 23/39
2025-12-08 18:52:24,710 | INFO | ============================================================
2025-12-08 22:48:26,085 | INFO | Full pipeline: will load models/v5/pretrain/20251205_004148/best_model.pth for finetune
2025-12-08 22:48:26,085 | INFO | Epoch 23: avg_loss=0.088667, lr=2.50e-05
2025-12-08 22:48:26,085 | INFO | Full pipeline: will load models/v5/pretrain/20251205_004148/best_model.pth for finetune
2025-12-08 22:48:26,086 | INFO | Full pipeline: will load models/v5/pretrain/20251205_004148/best_model.pth for finetune
2025-12-08 22:48:26,086 | INFO | Validation metrics: val_loss=0.310104, val_auprc=0.963055, val_auroc=0.962938
2025-12-08 22:48:26,103 | INFO | Early stopping triggered at epoch 23 (no improvement in auprc for 5 epochs)
2025-12-08 22:48:26,103 | INFO | Pretrain completed. Best auprc: 0.964868
2025-12-08 22:48:26,104 | INFO | Full pipeline: will load models/v5/pretrain/20251205_004148/best_model.pth for finetune
2025-12-08 22:48:26,104 | INFO | Created directories: logs/v5/finetune/20251205_004148, models/v5/finetune/20251205_004148
2025-12-08 22:48:26,104 | INFO | Created directories: logs/v5/finetune/20251205_004148, models/v5/finetune/20251205_004148
2025-12-08 22:48:26,104 | INFO | Created directories: logs/v5/finetune/20251205_004148, models/v5/finetune/20251205_004148
2025-12-08 22:48:26,104 | INFO | Created directories: logs/v5/finetune/20251205_004148, models/v5/finetune/20251205_004148
