2025-12-08 04:33:22,611 | INFO | ================================================================================
2025-12-08 04:33:22,611 | INFO | Starting pretrain stage for model 'v4' with run_id '20251208_043321'
2025-12-08 04:33:22,612 | INFO | Logs will be written to: logs/v4/pretrain/20251208_043321/log.log
2025-12-08 04:33:22,612 | INFO | ================================================================================
2025-12-08 04:33:22,612 | INFO | Trainable parameters: 4,687,745
2025-12-08 04:33:22,612 | INFO | Building dataloaders for pretrain stage
2025-12-08 04:33:22,613 | INFO | ================================================================================
2025-12-08 04:33:22,614 | INFO | Starting pretrain stage for model 'v4' with run_id '20251208_043321'
2025-12-08 04:33:22,613 | INFO | ================================================================================
2025-12-08 04:33:22,614 | INFO | Logs will be written to: logs/v4/pretrain/20251208_043321/log.log
2025-12-08 04:33:22,614 | INFO | ================================================================================
2025-12-08 04:33:22,614 | INFO | Starting pretrain stage for model 'v4' with run_id '20251208_043321'
2025-12-08 04:33:22,614 | INFO | Logs will be written to: logs/v4/pretrain/20251208_043321/log.log
2025-12-08 04:33:22,614 | INFO | ================================================================================
2025-12-08 04:33:22,614 | INFO | ================================================================================
2025-12-08 04:33:22,614 | INFO | Starting pretrain stage for model 'v4' with run_id '20251208_043321'
2025-12-08 04:33:22,614 | INFO | Logs will be written to: logs/v4/pretrain/20251208_043321/log.log
2025-12-08 04:33:22,614 | INFO | ================================================================================
2025-12-08 04:33:22,614 | INFO | Trainable parameters: 4,687,745
2025-12-08 04:33:22,615 | INFO | Building dataloaders for pretrain stage
2025-12-08 04:33:22,614 | INFO | Trainable parameters: 4,687,745
2025-12-08 04:33:22,615 | INFO | Building dataloaders for pretrain stage
2025-12-08 04:33:22,614 | INFO | Trainable parameters: 4,687,745
2025-12-08 04:33:22,615 | INFO | Building dataloaders for pretrain stage
2025-12-08 04:33:22,618 | INFO | Loading embeddings from data/TMP/processed/TMP_embeddings.npz (this may take a while...)
2025-12-08 04:35:27,514 | INFO | Memory-mapped structured .npz format: 21391 proteins (embeddings stay on disk, loaded on-demand)
2025-12-08 04:35:27,519 | INFO | Loaded 21391 protein embeddings
2025-12-08 04:35:28,356 | INFO | Dataset: 1367504 pairs (683752 pos, 683752 neg)
2025-12-08 04:35:28,427 | INFO | DataLoader built for pretrain_train_balanced.csv: num_workers=0, pin_memory=False, prefetch_factor=None, persistent_workers=False, sampler=DistributedSampler
2025-12-08 04:35:28,497 | INFO | Dataset: 71974 pairs (35987 pos, 35987 neg)
2025-12-08 04:35:28,498 | INFO | DataLoader built for pretrain_val_balanced.csv: num_workers=0, pin_memory=False, prefetch_factor=None, persistent_workers=False, sampler=DistributedSampler
2025-12-08 04:35:28,498 | INFO | Starting pretrain for 40 epochs
2025-12-08 04:35:28,498 | INFO | Monitor metric: auprc, Patience: 5
2025-12-08 04:35:28,541 | INFO | 
============================================================
2025-12-08 04:35:28,541 | INFO | Pretrain Epoch 0/39
2025-12-08 04:35:28,541 | INFO | ============================================================
2025-12-08 06:03:34,394 | INFO | Epoch 0: avg_loss=0.588412, lr=3.83e-06
2025-12-08 06:03:34,395 | INFO | Validation metrics: val_loss=0.646635, val_auprc=0.734566, val_auroc=0.722821
2025-12-08 06:03:34,633 | INFO | Saved best pretrain checkpoint: models/v4/pretrain/20251208_043321/best_model.pth (auprc=0.734566)
2025-12-08 06:03:34,633 | INFO | 
============================================================
2025-12-08 06:03:34,633 | INFO | Pretrain Epoch 1/39
2025-12-08 06:03:34,633 | INFO | ============================================================
2025-12-08 07:33:23,391 | INFO | Epoch 1: avg_loss=0.474889, lr=9.03e-06
2025-12-08 07:33:23,392 | INFO | Validation metrics: val_loss=0.560634, val_auprc=0.814188, val_auroc=0.805370
2025-12-08 07:33:23,550 | INFO | Saved best pretrain checkpoint: models/v4/pretrain/20251208_043321/best_model.pth (auprc=0.814188)
2025-12-08 07:33:23,550 | INFO | 
============================================================
2025-12-08 07:33:23,550 | INFO | Pretrain Epoch 2/39
2025-12-08 07:33:23,550 | INFO | ============================================================
2025-12-08 09:02:59,379 | INFO | Epoch 2: avg_loss=0.370974, lr=1.68e-05
2025-12-08 09:02:59,380 | INFO | Validation metrics: val_loss=0.476242, val_auprc=0.881864, val_auroc=0.876684
2025-12-08 09:02:59,549 | INFO | Saved best pretrain checkpoint: models/v4/pretrain/20251208_043321/best_model.pth (auprc=0.881864)
2025-12-08 09:02:59,549 | INFO | 
============================================================
2025-12-08 09:02:59,549 | INFO | Pretrain Epoch 3/39
2025-12-08 09:02:59,549 | INFO | ============================================================
2025-12-08 10:32:37,885 | INFO | Epoch 3: avg_loss=0.301847, lr=2.60e-05
2025-12-08 10:32:37,886 | INFO | Validation metrics: val_loss=0.423158, val_auprc=0.913323, val_auroc=0.908765
2025-12-08 10:32:38,043 | INFO | Saved best pretrain checkpoint: models/v4/pretrain/20251208_043321/best_model.pth (auprc=0.913323)
2025-12-08 10:32:38,043 | INFO | 
============================================================
2025-12-08 10:32:38,043 | INFO | Pretrain Epoch 4/39
2025-12-08 10:32:38,043 | INFO | ============================================================
2025-12-08 12:02:01,380 | INFO | Epoch 4: avg_loss=0.259785, lr=3.52e-05
2025-12-08 12:02:01,380 | INFO | Validation metrics: val_loss=0.371505, val_auprc=0.931855, val_auroc=0.926659
2025-12-08 12:02:01,560 | INFO | Saved best pretrain checkpoint: models/v4/pretrain/20251208_043321/best_model.pth (auprc=0.931855)
2025-12-08 12:02:01,561 | INFO | 
============================================================
2025-12-08 12:02:01,561 | INFO | Pretrain Epoch 5/39
2025-12-08 12:02:01,561 | INFO | ============================================================
2025-12-08 13:31:01,364 | INFO | Epoch 5: avg_loss=0.229805, lr=4.30e-05
2025-12-08 13:31:01,365 | INFO | Validation metrics: val_loss=0.336990, val_auprc=0.941948, val_auroc=0.936566
2025-12-08 13:31:01,539 | INFO | Saved best pretrain checkpoint: models/v4/pretrain/20251208_043321/best_model.pth (auprc=0.941948)
2025-12-08 13:31:01,539 | INFO | 
============================================================
2025-12-08 13:31:01,539 | INFO | Pretrain Epoch 6/39
2025-12-08 13:31:01,539 | INFO | ============================================================
2025-12-08 15:01:41,604 | INFO | Epoch 6: avg_loss=0.208716, lr=4.82e-05
2025-12-08 15:01:41,605 | INFO | Validation metrics: val_loss=0.318097, val_auprc=0.947591, val_auroc=0.942334
2025-12-08 15:01:41,766 | INFO | Saved best pretrain checkpoint: models/v4/pretrain/20251208_043321/best_model.pth (auprc=0.947591)
2025-12-08 15:01:41,767 | INFO | 
============================================================
2025-12-08 15:01:41,767 | INFO | Pretrain Epoch 7/39
2025-12-08 15:01:41,767 | INFO | ============================================================
2025-12-08 16:30:22,852 | INFO | Epoch 7: avg_loss=0.191782, lr=5.00e-05
2025-12-08 16:30:22,853 | INFO | Validation metrics: val_loss=0.298716, val_auprc=0.954050, val_auroc=0.949106
2025-12-08 16:30:23,058 | INFO | Saved best pretrain checkpoint: models/v4/pretrain/20251208_043321/best_model.pth (auprc=0.954050)
2025-12-08 16:30:23,058 | INFO | 
============================================================
2025-12-08 16:30:23,059 | INFO | Pretrain Epoch 8/39
2025-12-08 16:30:23,059 | INFO | ============================================================
2025-12-08 17:59:54,145 | INFO | Epoch 8: avg_loss=0.178157, lr=4.99e-05
2025-12-08 17:59:54,146 | INFO | Validation metrics: val_loss=0.299179, val_auprc=0.958064, val_auroc=0.953478
2025-12-08 17:59:54,321 | INFO | Saved best pretrain checkpoint: models/v4/pretrain/20251208_043321/best_model.pth (auprc=0.958064)
2025-12-08 17:59:54,322 | INFO | 
============================================================
2025-12-08 17:59:54,322 | INFO | Pretrain Epoch 9/39
2025-12-08 17:59:54,322 | INFO | ============================================================
2025-12-08 19:30:00,095 | INFO | Epoch 9: avg_loss=0.165901, lr=4.95e-05
2025-12-08 19:30:00,096 | INFO | Validation metrics: val_loss=0.280604, val_auprc=0.962135, val_auroc=0.958080
2025-12-08 19:30:00,267 | INFO | Saved best pretrain checkpoint: models/v4/pretrain/20251208_043321/best_model.pth (auprc=0.962135)
2025-12-08 19:30:00,267 | INFO | 
============================================================
2025-12-08 19:30:00,267 | INFO | Pretrain Epoch 10/39
2025-12-08 19:30:00,267 | INFO | ============================================================
2025-12-08 21:01:11,347 | INFO | Epoch 10: avg_loss=0.156169, lr=4.89e-05
2025-12-08 21:01:11,348 | INFO | Validation metrics: val_loss=0.282943, val_auprc=0.962698, val_auroc=0.958899
2025-12-08 21:01:11,514 | INFO | Saved best pretrain checkpoint: models/v4/pretrain/20251208_043321/best_model.pth (auprc=0.962698)
2025-12-08 21:01:11,514 | INFO | 
============================================================
2025-12-08 21:01:11,514 | INFO | Pretrain Epoch 11/39
2025-12-08 21:01:11,514 | INFO | ============================================================
2025-12-08 22:31:23,839 | INFO | Epoch 11: avg_loss=0.147237, lr=4.81e-05
2025-12-08 22:31:23,840 | INFO | Validation metrics: val_loss=0.278887, val_auprc=0.965542, val_auroc=0.962227
2025-12-08 22:31:24,021 | INFO | Saved best pretrain checkpoint: models/v4/pretrain/20251208_043321/best_model.pth (auprc=0.965542)
2025-12-08 22:31:24,021 | INFO | 
============================================================
2025-12-08 22:31:24,021 | INFO | Pretrain Epoch 12/39
2025-12-08 22:31:24,021 | INFO | ============================================================
2025-12-09 00:02:21,504 | INFO | Epoch 12: avg_loss=0.140322, lr=4.70e-05
2025-12-09 00:02:21,505 | INFO | Validation metrics: val_loss=0.270440, val_auprc=0.965118, val_auroc=0.962174
2025-12-09 00:02:21,508 | INFO | 
============================================================
2025-12-09 00:02:21,508 | INFO | Pretrain Epoch 13/39
2025-12-09 00:02:21,508 | INFO | ============================================================
2025-12-09 01:33:58,462 | INFO | Epoch 13: avg_loss=0.133194, lr=4.58e-05
2025-12-09 01:33:58,463 | INFO | Validation metrics: val_loss=0.273124, val_auprc=0.965955, val_auroc=0.963564
2025-12-09 01:33:58,637 | INFO | Saved best pretrain checkpoint: models/v4/pretrain/20251208_043321/best_model.pth (auprc=0.965955)
2025-12-09 01:33:58,638 | INFO | 
============================================================
2025-12-09 01:33:58,638 | INFO | Pretrain Epoch 14/39
2025-12-09 01:33:58,638 | INFO | ============================================================
2025-12-09 03:05:32,546 | INFO | Epoch 14: avg_loss=0.127327, lr=4.43e-05
2025-12-09 03:05:32,548 | INFO | Validation metrics: val_loss=0.276419, val_auprc=0.966380, val_auroc=0.964389
2025-12-09 03:05:32,713 | INFO | Saved best pretrain checkpoint: models/v4/pretrain/20251208_043321/best_model.pth (auprc=0.966380)
2025-12-09 03:05:32,713 | INFO | 
============================================================
2025-12-09 03:05:32,713 | INFO | Pretrain Epoch 15/39
2025-12-09 03:05:32,713 | INFO | ============================================================
2025-12-09 04:36:21,463 | INFO | Epoch 15: avg_loss=0.120754, lr=4.27e-05
2025-12-09 04:36:21,464 | INFO | Validation metrics: val_loss=0.279984, val_auprc=0.965498, val_auroc=0.963382
2025-12-09 04:36:21,468 | INFO | 
============================================================
2025-12-09 04:36:21,468 | INFO | Pretrain Epoch 16/39
2025-12-09 04:36:21,469 | INFO | ============================================================
2025-12-09 06:06:44,517 | INFO | Epoch 16: avg_loss=0.115177, lr=4.09e-05
2025-12-09 06:06:44,518 | INFO | Validation metrics: val_loss=0.284903, val_auprc=0.966172, val_auroc=0.964386
2025-12-09 06:06:44,522 | INFO | 
============================================================
2025-12-09 06:06:44,522 | INFO | Pretrain Epoch 17/39
2025-12-09 06:06:44,522 | INFO | ============================================================
2025-12-09 07:37:47,080 | INFO | Epoch 17: avg_loss=0.109214, lr=3.89e-05
2025-12-09 07:37:47,081 | INFO | Validation metrics: val_loss=0.281781, val_auprc=0.966333, val_auroc=0.964863
2025-12-09 07:37:47,085 | INFO | 
============================================================
2025-12-09 07:37:47,086 | INFO | Pretrain Epoch 18/39
2025-12-09 07:37:47,086 | INFO | ============================================================
2025-12-09 09:09:02,246 | INFO | Epoch 18: avg_loss=0.103372, lr=3.68e-05
2025-12-09 09:09:02,246 | INFO | Validation metrics: val_loss=0.286497, val_auprc=0.966284, val_auroc=0.964909
2025-12-09 09:09:02,251 | INFO | 
============================================================
2025-12-09 09:09:02,251 | INFO | Pretrain Epoch 19/39
2025-12-09 09:09:02,251 | INFO | ============================================================
2025-12-09 10:39:17,884 | INFO | Full pipeline: will load models/v4/pretrain/20251208_043321/best_model.pth for finetune
2025-12-09 10:39:17,884 | INFO | Full pipeline: will load models/v4/pretrain/20251208_043321/best_model.pth for finetune
2025-12-09 10:39:17,884 | INFO | Epoch 19: avg_loss=0.097507, lr=3.46e-05
2025-12-09 10:39:17,884 | INFO | Full pipeline: will load models/v4/pretrain/20251208_043321/best_model.pth for finetune
2025-12-09 10:39:17,885 | INFO | Validation metrics: val_loss=0.287629, val_auprc=0.966009, val_auroc=0.965199
2025-12-09 10:39:17,887 | INFO | Early stopping triggered at epoch 19 (no improvement in auprc for 5 epochs)
2025-12-09 10:39:17,887 | INFO | Pretrain completed. Best auprc: 0.966380
2025-12-09 10:39:17,888 | INFO | Full pipeline: will load models/v4/pretrain/20251208_043321/best_model.pth for finetune
2025-12-09 10:39:17,902 | INFO | Created directories: logs/v4/finetune/20251208_043321, models/v4/finetune/20251208_043321
2025-12-09 10:39:17,902 | INFO | Created directories: logs/v4/finetune/20251208_043321, models/v4/finetune/20251208_043321
2025-12-09 10:39:17,903 | INFO | Created directories: logs/v4/finetune/20251208_043321, models/v4/finetune/20251208_043321
2025-12-09 10:39:17,903 | INFO | Created directories: logs/v4/finetune/20251208_043321, models/v4/finetune/20251208_043321
